******************************************************************************
                  TI ARM Linker PC v18.12.2                    
******************************************************************************
>> Linked Tue Oct 29 00:25:43 2019

OUTPUT FILE NAME:   <Lab7.out>
ENTRY POINT SYMBOL: "_c_int00_noargs"  address: 00000c45


MEMORY CONFIGURATION

         name            origin    length      used     unused   attr    fill
----------------------  --------  ---------  --------  --------  ----  --------
  FLASH                 00000000   00040000  00000fc6  0003f03a  R  X
  SRAM                  20000000   00008000  0000020c  00007df4  RW X


SEGMENT ALLOCATION MAP

run origin  load origin   length   init length attrs members
----------  ----------- ---------- ----------- ----- -------
00000000    00000000    00000fcc   00000fcc    r-x
  00000000    00000000    0000026c   0000026c    r-- .intvecs
  0000026c    0000026c    00000bda   00000bda    r-x .text
  00000e48    00000e48    0000016c   0000016c    r-- .const
  00000fb8    00000fb8    00000014   00000014    r-- .cinit
20000000    20000000    0000020c   00000000    rw-
  20000000    20000000    00000200   00000000    rw- .stack
  20000200    20000200    0000000c   00000000    rw- .bss


SECTION ALLOCATION MAP

 output                                  attributes/
section   page    origin      length       input sections
--------  ----  ----------  ----------   ----------------
.intvecs   0    00000000    0000026c     
                  00000000    0000026c     tm4c123fh6pm_startup_ccs.obj (.intvecs)

.text      0    0000026c    00000bda     
                  0000026c    00000464     main.obj (.text)
                  000006d0    00000132     driverlib.lib : gpio.obj (.text:GPIOPadConfigSet)
                  00000802    00000002     --HOLE-- [fill = 0]
                  00000804    00000110                   : sysctl.obj (.text:SysCtlClockGet)
                  00000914    000000f4                   : sysctl.obj (.text:SysCtlClockSet)
                  00000a08    0000007a                   : adc.obj (.text:ADCSequenceStepConfigure)
                  00000a82    00000002     --HOLE-- [fill = 0]
                  00000a84    00000068                   : interrupt.obj (.text:IntEnable)
                  00000aec    00000050                   : adc.obj (.text:ADCSequenceConfigure)
                  00000b3c    00000048                   : gpio.obj (.text:GPIOPinConfigure)
                  00000b84    00000046                   : uart.obj (.text:UARTConfigSetExpClk)
                  00000bca    00000002     --HOLE-- [fill = 0]
                  00000bcc    00000044     rtsv7M4_T_le_v4SPD16_eabi.lib : autoinit.c.obj (.text:__TI_auto_init_nobinit_nopinit:__TI_auto_init_nobinit_nopinit)
                  00000c10    00000034     driverlib.lib : sysctl.obj (.text:SysCtlPeripheralEnable)
                  00000c44    00000034     rtsv7M4_T_le_v4SPD16_eabi.lib : boot_cortex_m.c.obj (.text:_c_int00_noargs:_c_int00_noargs)
                  00000c78    0000002e     driverlib.lib : adc.obj (.text:ADCIntStatus)
                  00000ca6    0000002a                   : gpio.obj (.text:GPIODirModeSet)
                  00000cd0    00000020                   : uart.obj (.text:UARTDisable)
                  00000cf0    0000001e                   : adc.obj (.text:ADCSequenceDataGet)
                  00000d0e    0000001c     rtsv7M4_T_le_v4SPD16_eabi.lib : copy_zero_init.c.obj (.text:decompress:ZI:__TI_zero_init_nomemset:__TI_zero_init_nomemset)
                  00000d2a    00000018     driverlib.lib : adc.obj (.text:ADCProcessorTrigger)
                  00000d42    00000018                   : gpio.obj (.text:GPIOPinTypeGPIOOutput)
                  00000d5a    00000014                   : uart.obj (.text:UARTEnable)
                  00000d6e    00000012                   : gpio.obj (.text:GPIOPinTypeUART)
                  00000d80    00000010                   : adc.obj (.text:ADCIntEnable)
                  00000d90    00000010                   : interrupt.obj (.text:IntMasterEnable)
                  00000da0    0000000e                   : adc.obj (.text:ADCHardwareOversampleConfigure)
                  00000dae    0000000e                   : adc.obj (.text:ADCSequenceEnable)
                  00000dbc    0000000e                   : uart.obj (.text:UARTCharGetNonBlocking)
                  00000dca    0000000e                   : uart.obj (.text:UARTCharPutNonBlocking)
                  00000dd8    0000000e                   : uart.obj (.text:UARTCharsAvail)
                  00000de6    0000000c                   : cpu.obj (.text:CPUcpsie)
                  00000df2    0000000c     tm4c123fh6pm_startup_ccs.obj (.text)
                  00000dfe    0000000a     driverlib.lib : adc.obj (.text:ADCIntClear)
                  00000e08    0000000a                   : uart.obj (.text:UARTCharGet)
                  00000e12    0000000a                   : uart.obj (.text:UARTCharPut)
                  00000e1c    0000000a                   : uart.obj (.text:UARTIntStatus)
                  00000e26    00000008                   : uart.obj (.text:UARTIntEnable)
                  00000e2e    00000006                   : gpio.obj (.text:GPIOPinWrite)
                  00000e34    00000006                   : sysctl.obj (.text:SysCtlDelay)
                  00000e3a    00000004                   : uart.obj (.text:UARTIntClear)
                  00000e3e    00000004     rtsv7M4_T_le_v4SPD16_eabi.lib : pre_init.c.obj (.text:_system_pre_init)
                  00000e42    00000004                                   : exit.c.obj (.text:abort:abort)

.const     0    00000e48    0000016c     
                  00000e48    00000090     driverlib.lib : gpio.obj (.const:g_pui32GPIOBaseAddrs)
                  00000ed8    00000070                   : interrupt.obj (.const)
                  00000f48    0000006c                   : sysctl.obj (.const:g_pui32Xtals)

.cinit     0    00000fb8    00000014     
                  00000fb8    00000008     (.cinit..bss.load) [load image, compression = zero_init]
                  00000fc0    00000004     (__TI_handler_table)
                  00000fc4    00000008     (__TI_cinit_table)

.init_array 
*          0    00000000    00000000     UNINITIALIZED

.bss       0    20000200    0000000c     UNINITIALIZED
                  20000200    00000004     (.common:ui32ADC0Value)
                  20000204    00000004     (.common:ui32TempValueC)
                  20000208    00000004     (.common:ui32TempValueF)

.stack     0    20000000    00000200     UNINITIALIZED
                  20000000    00000004     rtsv7M4_T_le_v4SPD16_eabi.lib : boot_cortex_m.c.obj (.stack)
                  20000004    000001fc     --HOLE--

MODULE SUMMARY

       Module                         code   ro data   rw data
       ------                         ----   -------   -------
    .\
       main.obj                       1124   0         12     
       tm4c123fh6pm_startup_ccs.obj   12     620       0      
    +--+------------------------------+------+---------+---------+
       Total:                         1136   620       12     
                                                              
    C:/ti/TivaWare_C_Series-2.1.4.178/driverlib/ccs/Debug/driverlib.lib
       sysctl.obj                     574    108       0      
       gpio.obj                       468    144       0      
       adc.obj                        356    0         0      
       interrupt.obj                  120    112       0      
       uart.obj                       206    0         0      
       cpu.obj                        12     0         0      
    +--+------------------------------+------+---------+---------+
       Total:                         1736   364       0      
                                                              
    C:\ti\ccs910\ccs\tools\compiler\ti-cgt-arm_18.12.2.LTS\lib\rtsv7M4_T_le_v4SPD16_eabi.lib
       autoinit.c.obj                 68     0         0      
       boot_cortex_m.c.obj            52     0         0      
       copy_zero_init.c.obj           28     0         0      
       exit.c.obj                     4      0         0      
       pre_init.c.obj                 4      0         0      
    +--+------------------------------+------+---------+---------+
       Total:                         156    0         0      
                                                              
       Stack:                         0      0         512    
       Linker Generated:              0      20        0      
    +--+------------------------------+------+---------+---------+
       Grand Total:                   3028   1004      524    


LINKER GENERATED COPY TABLES

__TI_cinit_table @ 00000fc4 records: 1, size/record: 8, table size: 8
	.bss: load addr=00000fb8, load size=00000008 bytes, run addr=20000200, run size=0000000c bytes, compression=zero_init


LINKER GENERATED HANDLER TABLE

__TI_handler_table @ 00000fc0 records: 1, size/record: 4, table size: 4
	index: 0, handler: __TI_zero_init


GLOBAL SYMBOLS: SORTED ALPHABETICALLY BY Name 

address   name                          
-------   ----                          
00000da1  ADCHardwareOversampleConfigure
00000dff  ADCIntClear                   
00000d81  ADCIntEnable                  
00000c79  ADCIntStatus                  
00000d2b  ADCProcessorTrigger           
00000aed  ADCSequenceConfigure          
00000cf1  ADCSequenceDataGet            
00000daf  ADCSequenceEnable             
00000a09  ADCSequenceStepConfigure      
00000e43  C$$EXIT                       
00000de7  CPUcpsie                      
00000ca7  GPIODirModeSet                
000006d1  GPIOPadConfigSet              
00000b3d  GPIOPinConfigure              
00000d43  GPIOPinTypeGPIOOutput         
00000d6f  GPIOPinTypeUART               
00000e2f  GPIOPinWrite                  
00000a85  IntEnable                     
00000d91  IntMasterEnable               
00000df3  ResetISR                      
00000805  SysCtlClockGet                
00000915  SysCtlClockSet                
00000e35  SysCtlDelay                   
00000c11  SysCtlPeripheralEnable        
00000e09  UARTCharGet                   
00000dbd  UARTCharGetNonBlocking        
00000e13  UARTCharPut                   
00000dcb  UARTCharPutNonBlocking        
00000dd9  UARTCharsAvail                
00000b85  UARTConfigSetExpClk           
00000cd1  UARTDisable                   
00000d5b  UARTEnable                    
00000e3b  UARTIntClear                  
00000e27  UARTIntEnable                 
00000315  UARTIntHandler                
00000e1d  UARTIntStatus                 
0000069d  UART_OutChar                  
0000066d  UART_OutUDec                  
20000200  __STACK_END                   
00000200  __STACK_SIZE                  
20000200  __STACK_TOP                   
00000fc4  __TI_CINIT_Base               
00000fcc  __TI_CINIT_Limit              
00000fc0  __TI_Handler_Table_Base       
00000fc4  __TI_Handler_Table_Limit      
00000bcd  __TI_auto_init_nobinit_nopinit
ffffffff  __TI_pprof_out_hndl           
ffffffff  __TI_prof_data_size           
ffffffff  __TI_prof_data_start          
00000000  __TI_static_base__            
00000d0f  __TI_zero_init_nomemset       
ffffffff  __binit__                     
ffffffff  __c_args__                    
UNDEFED   __mpu_init                    
20000000  __stack                       
00000c45  _c_int00_noargs               
UNDEFED   _system_post_cinit            
00000e3f  _system_pre_init              
00000e43  abort                         
ffffffff  binit                         
00000000  g_pfnVectors                  
0000026d  main                          
20000200  ui32ADC0Value                 
20000204  ui32TempValueC                
20000208  ui32TempValueF                


GLOBAL SYMBOLS: SORTED BY Symbol Address 

address   name                          
-------   ----                          
00000000  __TI_static_base__            
00000000  g_pfnVectors                  
00000200  __STACK_SIZE                  
0000026d  main                          
00000315  UARTIntHandler                
0000066d  UART_OutUDec                  
0000069d  UART_OutChar                  
000006d1  GPIOPadConfigSet              
00000805  SysCtlClockGet                
00000915  SysCtlClockSet                
00000a09  ADCSequenceStepConfigure      
00000a85  IntEnable                     
00000aed  ADCSequenceConfigure          
00000b3d  GPIOPinConfigure              
00000b85  UARTConfigSetExpClk           
00000bcd  __TI_auto_init_nobinit_nopinit
00000c11  SysCtlPeripheralEnable        
00000c45  _c_int00_noargs               
00000c79  ADCIntStatus                  
00000ca7  GPIODirModeSet                
00000cd1  UARTDisable                   
00000cf1  ADCSequenceDataGet            
00000d0f  __TI_zero_init_nomemset       
00000d2b  ADCProcessorTrigger           
00000d43  GPIOPinTypeGPIOOutput         
00000d5b  UARTEnable                    
00000d6f  GPIOPinTypeUART               
00000d81  ADCIntEnable                  
00000d91  IntMasterEnable               
00000da1  ADCHardwareOversampleConfigure
00000daf  ADCSequenceEnable             
00000dbd  UARTCharGetNonBlocking        
00000dcb  UARTCharPutNonBlocking        
00000dd9  UARTCharsAvail                
00000de7  CPUcpsie                      
00000df3  ResetISR                      
00000dff  ADCIntClear                   
00000e09  UARTCharGet                   
00000e13  UARTCharPut                   
00000e1d  UARTIntStatus                 
00000e27  UARTIntEnable                 
00000e2f  GPIOPinWrite                  
00000e35  SysCtlDelay                   
00000e3b  UARTIntClear                  
00000e3f  _system_pre_init              
00000e43  C$$EXIT                       
00000e43  abort                         
00000fc0  __TI_Handler_Table_Base       
00000fc4  __TI_CINIT_Base               
00000fc4  __TI_Handler_Table_Limit      
00000fcc  __TI_CINIT_Limit              
20000000  __stack                       
20000200  __STACK_END                   
20000200  __STACK_TOP                   
20000200  ui32ADC0Value                 
20000204  ui32TempValueC                
20000208  ui32TempValueF                
ffffffff  __TI_pprof_out_hndl           
ffffffff  __TI_prof_data_size           
ffffffff  __TI_prof_data_start          
ffffffff  __binit__                     
ffffffff  __c_args__                    
ffffffff  binit                         
UNDEFED   __mpu_init                    
UNDEFED   _system_post_cinit            

[65 symbols]
