******************************************************************************
                  TI ARM Linker PC v18.12.2                    
******************************************************************************
>> Linked Sat Oct  5 01:08:48 2019

OUTPUT FILE NAME:   <Lab4.out>
ENTRY POINT SYMBOL: "_c_int00_noargs"  address: 00000a41


MEMORY CONFIGURATION

         name            origin    length      used     unused   attr    fill
----------------------  --------  ---------  --------  --------  ----  --------
  FLASH                 00000000   00040000  00000c8e  0003f372  R  X
  SRAM                  20000000   00008000  00000204  00007dfc  RW X


SEGMENT ALLOCATION MAP

run origin  load origin   length   init length attrs members
----------  ----------- ---------- ----------- ----- -------
00000000    00000000    00000c94   00000c94    r-x
  00000000    00000000    0000026c   0000026c    r-- .intvecs
  0000026c    0000026c    00000932   00000932    r-x .text
  00000ba0    00000ba0    000000dc   000000dc    r-- .const
  00000c80    00000c80    00000014   00000014    r-- .cinit
20000000    20000000    00000204   00000000    rw-
  20000000    20000000    00000200   00000000    rw- .stack
  20000200    20000200    00000004   00000000    rw- .bss


SECTION ALLOCATION MAP

 output                                  attributes/
section   page    origin      length       input sections
--------  ----  ----------  ----------   ----------------
.intvecs   0    00000000    0000026c     
                  00000000    0000026c     tm4c123fh6pm_startup_ccs.obj (.intvecs)

.text      0    0000026c    00000932     
                  0000026c    000001c4     main.obj (.text)
                  00000430    00000132     driverlib.lib : gpio.obj (.text:GPIOPadConfigSet)
                  00000562    00000002     --HOLE-- [fill = 0]
                  00000564    00000110                   : sysctl.obj (.text:SysCtlClockGet)
                  00000674    000000fc     rtsv7M4_T_le_v4SPD16_eabi.lib : fd_mul_t2.asm.obj (.text)
                  00000770    000000f4     driverlib.lib : sysctl.obj (.text:SysCtlClockSet)
                  00000864    00000068                   : interrupt.obj (.text:IntEnable)
                  000008cc    00000060                   : timer.obj (.text:TimerConfigure)
                  0000092c    00000056                   : gpio.obj (.text:GPIOIntTypeSet)
                  00000982    00000002     --HOLE-- [fill = 0]
                  00000984    00000044     rtsv7M4_T_le_v4SPD16_eabi.lib : autoinit.c.obj (.text:__TI_auto_init_nobinit_nopinit:__TI_auto_init_nobinit_nopinit)
                  000009c8    00000044                                   : fd_tou_t2.asm.obj (.text)
                  00000a0c    00000034     driverlib.lib : sysctl.obj (.text:SysCtlPeripheralEnable)
                  00000a40    00000034     rtsv7M4_T_le_v4SPD16_eabi.lib : boot_cortex_m.c.obj (.text:_c_int00_noargs:_c_int00_noargs)
                  00000a74    0000002a     driverlib.lib : gpio.obj (.text:GPIODirModeSet)
                  00000a9e    00000020     rtsv7M4_T_le_v4SPD16_eabi.lib : u_tofd_t2.asm.obj (.text)
                  00000abe    0000001c                                   : copy_zero_init.c.obj (.text:decompress:ZI:__TI_zero_init_nomemset:__TI_zero_init_nomemset)
                  00000ada    00000018     driverlib.lib : gpio.obj (.text:GPIOPinTypeGPIOOutput)
                  00000af2    00000002     --HOLE-- [fill = 0]
                  00000af4    00000018                   : timer.obj (.text:TimerDisable)
                  00000b0c    00000012                   : gpio.obj (.text:GPIOPinTypeGPIOInput)
                  00000b1e    00000012                   : timer.obj (.text:TimerLoadSet)
                  00000b30    00000010                   : interrupt.obj (.text:IntMasterEnable)
                  00000b40    0000000e                   : timer.obj (.text:TimerEnable)
                  00000b4e    0000000c                   : cpu.obj (.text:CPUcpsie)
                  00000b5a    0000000c                   : gpio.obj (.text:GPIOIntEnable)
                  00000b66    0000000c     tm4c123fh6pm_startup_ccs.obj (.text)
                  00000b72    00000008     driverlib.lib : timer.obj (.text:TimerIntEnable)
                  00000b7a    00000006                   : gpio.obj (.text:GPIOIntClear)
                  00000b80    00000006                   : gpio.obj (.text:GPIOPinRead)
                  00000b86    00000006                   : gpio.obj (.text:GPIOPinWrite)
                  00000b8c    00000006                   : sysctl.obj (.text:SysCtlDelay)
                  00000b92    00000004                   : timer.obj (.text:TimerIntClear)
                  00000b96    00000004     rtsv7M4_T_le_v4SPD16_eabi.lib : pre_init.c.obj (.text:_system_pre_init)
                  00000b9a    00000004                                   : exit.c.obj (.text:abort:abort)

.const     0    00000ba0    000000dc     
                  00000ba0    00000070     driverlib.lib : interrupt.obj (.const)
                  00000c10    0000006c                   : sysctl.obj (.const:g_pui32Xtals)

.cinit     0    00000c80    00000014     
                  00000c80    00000008     (.cinit..bss.load) [load image, compression = zero_init]
                  00000c88    00000004     (__TI_handler_table)
                  00000c8c    00000008     (__TI_cinit_table)

.init_array 
*          0    00000000    00000000     UNINITIALIZED

.bss       0    20000200    00000004     UNINITIALIZED
                  20000200    00000004     (.common:secDelay)

.stack     0    20000000    00000200     UNINITIALIZED
                  20000000    00000004     rtsv7M4_T_le_v4SPD16_eabi.lib : boot_cortex_m.c.obj (.stack)
                  20000004    000001fc     --HOLE--

MODULE SUMMARY

       Module                         code   ro data   rw data
       ------                         ----   -------   -------
    .\
       tm4c123fh6pm_startup_ccs.obj   12     620       0      
       main.obj                       452    0         4      
    +--+------------------------------+------+---------+---------+
       Total:                         464    620       4      
                                                              
    C:/ti/TivaWare_C_Series-2.1.4.178/driverlib/ccs/Debug/driverlib.lib
       sysctl.obj                     574    108       0      
       gpio.obj                       506    0         0      
       interrupt.obj                  120    112       0      
       timer.obj                      164    0         0      
       cpu.obj                        12     0         0      
    +--+------------------------------+------+---------+---------+
       Total:                         1376   220       0      
                                                              
    C:\ti\ccs910\ccs\tools\compiler\ti-cgt-arm_18.12.2.LTS\lib\rtsv7M4_T_le_v4SPD16_eabi.lib
       fd_mul_t2.asm.obj              252    0         0      
       autoinit.c.obj                 68     0         0      
       fd_tou_t2.asm.obj              68     0         0      
       boot_cortex_m.c.obj            52     0         0      
       u_tofd_t2.asm.obj              32     0         0      
       copy_zero_init.c.obj           28     0         0      
       exit.c.obj                     4      0         0      
       pre_init.c.obj                 4      0         0      
    +--+------------------------------+------+---------+---------+
       Total:                         508    0         0      
                                                              
       Stack:                         0      0         512    
       Linker Generated:              0      20        0      
    +--+------------------------------+------+---------+---------+
       Grand Total:                   2348   860       516    


LINKER GENERATED COPY TABLES

__TI_cinit_table @ 00000c8c records: 1, size/record: 8, table size: 8
	.bss: load addr=00000c80, load size=00000008 bytes, run addr=20000200, run size=00000004 bytes, compression=zero_init


LINKER GENERATED HANDLER TABLE

__TI_handler_table @ 00000c88 records: 1, size/record: 4, table size: 4
	index: 0, handler: __TI_zero_init


GLOBAL SYMBOLS: SORTED ALPHABETICALLY BY Name 

address   name                          
-------   ----                          
00000b9b  C$$EXIT                       
00000b4f  CPUcpsie                      
00000a75  GPIODirModeSet                
00000b7b  GPIOIntClear                  
00000b5b  GPIOIntEnable                 
0000092d  GPIOIntTypeSet                
00000431  GPIOPadConfigSet              
00000b81  GPIOPinRead                   
00000b0d  GPIOPinTypeGPIOInput          
00000adb  GPIOPinTypeGPIOOutput         
00000b87  GPIOPinWrite                  
00000865  IntEnable                     
00000b31  IntMasterEnable               
000003d5  IntPortFHandler               
00000b67  ResetISR                      
00000565  SysCtlClockGet                
00000771  SysCtlClockSet                
00000b8d  SysCtlDelay                   
00000a0d  SysCtlPeripheralEnable        
00000345  Timer0IntHandler              
000003c1  Timer1IntHandler              
000008cd  TimerConfigure                
00000af5  TimerDisable                  
00000b41  TimerEnable                   
00000b93  TimerIntClear                 
00000b73  TimerIntEnable                
00000b1f  TimerLoadSet                  
20000200  __STACK_END                   
00000200  __STACK_SIZE                  
20000200  __STACK_TOP                   
00000c8c  __TI_CINIT_Base               
00000c94  __TI_CINIT_Limit              
00000c88  __TI_Handler_Table_Base       
00000c8c  __TI_Handler_Table_Limit      
00000985  __TI_auto_init_nobinit_nopinit
ffffffff  __TI_pprof_out_hndl           
ffffffff  __TI_prof_data_size           
ffffffff  __TI_prof_data_start          
00000000  __TI_static_base__            
00000abf  __TI_zero_init_nomemset       
000009c9  __aeabi_d2uiz                 
00000675  __aeabi_dmul                  
00000a9f  __aeabi_ui2d                  
ffffffff  __binit__                     
ffffffff  __c_args__                    
UNDEFED   __mpu_init                    
20000000  __stack                       
00000a41  _c_int00_noargs               
UNDEFED   _system_post_cinit            
00000b97  _system_pre_init              
00000b9b  abort                         
ffffffff  binit                         
00000000  g_pfnVectors                  
0000026d  main                          
20000200  secDelay                      


GLOBAL SYMBOLS: SORTED BY Symbol Address 

address   name                          
-------   ----                          
00000000  __TI_static_base__            
00000000  g_pfnVectors                  
00000200  __STACK_SIZE                  
0000026d  main                          
00000345  Timer0IntHandler              
000003c1  Timer1IntHandler              
000003d5  IntPortFHandler               
00000431  GPIOPadConfigSet              
00000565  SysCtlClockGet                
00000675  __aeabi_dmul                  
00000771  SysCtlClockSet                
00000865  IntEnable                     
000008cd  TimerConfigure                
0000092d  GPIOIntTypeSet                
00000985  __TI_auto_init_nobinit_nopinit
000009c9  __aeabi_d2uiz                 
00000a0d  SysCtlPeripheralEnable        
00000a41  _c_int00_noargs               
00000a75  GPIODirModeSet                
00000a9f  __aeabi_ui2d                  
00000abf  __TI_zero_init_nomemset       
00000adb  GPIOPinTypeGPIOOutput         
00000af5  TimerDisable                  
00000b0d  GPIOPinTypeGPIOInput          
00000b1f  TimerLoadSet                  
00000b31  IntMasterEnable               
00000b41  TimerEnable                   
00000b4f  CPUcpsie                      
00000b5b  GPIOIntEnable                 
00000b67  ResetISR                      
00000b73  TimerIntEnable                
00000b7b  GPIOIntClear                  
00000b81  GPIOPinRead                   
00000b87  GPIOPinWrite                  
00000b8d  SysCtlDelay                   
00000b93  TimerIntClear                 
00000b97  _system_pre_init              
00000b9b  C$$EXIT                       
00000b9b  abort                         
00000c88  __TI_Handler_Table_Base       
00000c8c  __TI_CINIT_Base               
00000c8c  __TI_Handler_Table_Limit      
00000c94  __TI_CINIT_Limit              
20000000  __stack                       
20000200  __STACK_END                   
20000200  __STACK_TOP                   
20000200  secDelay                      
ffffffff  __TI_pprof_out_hndl           
ffffffff  __TI_prof_data_size           
ffffffff  __TI_prof_data_start          
ffffffff  __binit__                     
ffffffff  __c_args__                    
ffffffff  binit                         
UNDEFED   __mpu_init                    
UNDEFED   _system_post_cinit            

[55 symbols]
