<?xml version="1.0" encoding="ISO-8859-1" ?>
<link_info>
   <banner>TI ARM Linker PC v18.12.2.LTS</banner>
   <copyright>Copyright (c) 1996-2018 Texas Instruments Incorporated</copyright>
   <link_time>0x5db52a2d</link_time>
   <link_errors>0x0</link_errors>
   <output_file>Midterm.out</output_file>
   <entry_point>
      <name>_c_int00_noargs</name>
      <address>0x3689</address>
   </entry_point>
   <input_file_list>
      <input_file id="fl-2">
         <path>.\</path>
         <kind>object</kind>
         <file>main.obj</file>
         <name>main.obj</name>
      </input_file>
      <input_file id="fl-3">
         <path>.\</path>
         <kind>object</kind>
         <file>tm4c123fh6pm_startup_ccs.obj</file>
         <name>tm4c123fh6pm_startup_ccs.obj</name>
      </input_file>
      <input_file id="fl-4">
         <path>.\</path>
         <kind>object</kind>
         <file>uartstdio.obj</file>
         <name>uartstdio.obj</name>
      </input_file>
      <input_file id="fl-c">
         <kind>object</kind>
         <file>&lt;internal&gt;</file>
         <name>&lt;internal&gt;</name>
      </input_file>
      <input_file id="fl-d">
         <path>C:\ti\TivaWare_C_Series-2.1.4.178\driverlib\ccs\Debug\</path>
         <kind>archive</kind>
         <file>driverlib.lib</file>
         <name>gpio.obj</name>
      </input_file>
      <input_file id="fl-e">
         <path>C:\ti\TivaWare_C_Series-2.1.4.178\driverlib\ccs\Debug\</path>
         <kind>archive</kind>
         <file>driverlib.lib</file>
         <name>i2c.obj</name>
      </input_file>
      <input_file id="fl-f">
         <path>C:\ti\TivaWare_C_Series-2.1.4.178\driverlib\ccs\Debug\</path>
         <kind>archive</kind>
         <file>driverlib.lib</file>
         <name>interrupt.obj</name>
      </input_file>
      <input_file id="fl-10">
         <path>C:\ti\TivaWare_C_Series-2.1.4.178\driverlib\ccs\Debug\</path>
         <kind>archive</kind>
         <file>driverlib.lib</file>
         <name>sysctl.obj</name>
      </input_file>
      <input_file id="fl-11">
         <path>C:\ti\TivaWare_C_Series-2.1.4.178\driverlib\ccs\Debug\</path>
         <kind>archive</kind>
         <file>driverlib.lib</file>
         <name>uart.obj</name>
      </input_file>
      <input_file id="fl-12">
         <path>C:\ti\TivaWare_C_Series-2.1.4.178\driverlib\ccs\Debug\</path>
         <kind>archive</kind>
         <file>driverlib.lib</file>
         <name>cpu.obj</name>
      </input_file>
      <input_file id="fl-c8">
         <path>C:\ti\ccs910\ccs\tools\compiler\ti-cgt-arm_18.12.2.LTS\lib\</path>
         <kind>archive</kind>
         <file>rtsv7M4_T_le_v4SPD16_eabi.lib</file>
         <name>u_divt2.asm.obj</name>
      </input_file>
      <input_file id="fl-c9">
         <path>C:\ti\ccs910\ccs\tools\compiler\ti-cgt-arm_18.12.2.LTS\lib\</path>
         <kind>archive</kind>
         <file>rtsv7M4_T_le_v4SPD16_eabi.lib</file>
         <name>copy_zero_init.c.obj</name>
      </input_file>
      <input_file id="fl-ca">
         <path>C:\ti\ccs910\ccs\tools\compiler\ti-cgt-arm_18.12.2.LTS\lib\</path>
         <kind>archive</kind>
         <file>rtsv7M4_T_le_v4SPD16_eabi.lib</file>
         <name>copy_decompress_none.c.obj</name>
      </input_file>
      <input_file id="fl-cb">
         <path>C:\ti\ccs910\ccs\tools\compiler\ti-cgt-arm_18.12.2.LTS\lib\</path>
         <kind>archive</kind>
         <file>rtsv7M4_T_le_v4SPD16_eabi.lib</file>
         <name>copy_decompress_lzss.c.obj</name>
      </input_file>
      <input_file id="fl-cc">
         <path>C:\ti\ccs910\ccs\tools\compiler\ti-cgt-arm_18.12.2.LTS\lib\</path>
         <kind>archive</kind>
         <file>rtsv7M4_T_le_v4SPD16_eabi.lib</file>
         <name>boot_cortex_m.c.obj</name>
      </input_file>
      <input_file id="fl-cd">
         <path>C:\ti\ccs910\ccs\tools\compiler\ti-cgt-arm_18.12.2.LTS\lib\</path>
         <kind>archive</kind>
         <file>rtsv7M4_T_le_v4SPD16_eabi.lib</file>
         <name>div0.asm.obj</name>
      </input_file>
      <input_file id="fl-ce">
         <path>C:\ti\ccs910\ccs\tools\compiler\ti-cgt-arm_18.12.2.LTS\lib\</path>
         <kind>archive</kind>
         <file>rtsv7M4_T_le_v4SPD16_eabi.lib</file>
         <name>memset_t2.asm.obj</name>
      </input_file>
      <input_file id="fl-cf">
         <path>C:\ti\ccs910\ccs\tools\compiler\ti-cgt-arm_18.12.2.LTS\lib\</path>
         <kind>archive</kind>
         <file>rtsv7M4_T_le_v4SPD16_eabi.lib</file>
         <name>memcpy_t2.asm.obj</name>
      </input_file>
      <input_file id="fl-d0">
         <path>C:\ti\ccs910\ccs\tools\compiler\ti-cgt-arm_18.12.2.LTS\lib\</path>
         <kind>archive</kind>
         <file>rtsv7M4_T_le_v4SPD16_eabi.lib</file>
         <name>autoinit.c.obj</name>
      </input_file>
      <input_file id="fl-d1">
         <path>C:\ti\ccs910\ccs\tools\compiler\ti-cgt-arm_18.12.2.LTS\lib\</path>
         <kind>archive</kind>
         <file>rtsv7M4_T_le_v4SPD16_eabi.lib</file>
         <name>pre_init.c.obj</name>
      </input_file>
      <input_file id="fl-d2">
         <path>C:\ti\ccs910\ccs\tools\compiler\ti-cgt-arm_18.12.2.LTS\lib\</path>
         <kind>archive</kind>
         <file>rtsv7M4_T_le_v4SPD16_eabi.lib</file>
         <name>cpy_tbl.c.obj</name>
      </input_file>
      <input_file id="fl-d3">
         <path>C:\ti\ccs910\ccs\tools\compiler\ti-cgt-arm_18.12.2.LTS\lib\</path>
         <kind>archive</kind>
         <file>rtsv7M4_T_le_v4SPD16_eabi.lib</file>
         <name>exit.c.obj</name>
      </input_file>
      <input_file id="fl-d4">
         <path>C:\ti\ccs910\ccs\tools\compiler\ti-cgt-arm_18.12.2.LTS\lib\</path>
         <kind>archive</kind>
         <file>rtsv7M4_T_le_v4SPD16_eabi.lib</file>
         <name>_lock.c.obj</name>
      </input_file>
      <input_file id="fl-d5">
         <path>C:\ti\ccs910\ccs\tools\compiler\ti-cgt-arm_18.12.2.LTS\lib\</path>
         <kind>archive</kind>
         <file>rtsv7M4_T_le_v4SPD16_eabi.lib</file>
         <name>args_main.c.obj</name>
      </input_file>
      <input_file id="fl-d6">
         <path>C:\ti\TivaWare_C_Series-2.1.4.178\sensorlib\ccs\Debug\</path>
         <kind>archive</kind>
         <file>sensorlib.lib</file>
         <name>mpu6050.obj</name>
      </input_file>
      <input_file id="fl-d7">
         <path>C:\ti\TivaWare_C_Series-2.1.4.178\IQmath\ccs\IQmathLib\Debug\</path>
         <kind>archive</kind>
         <file>IQmathLib.lib</file>
         <name>IQNatan2.obj</name>
      </input_file>
      <input_file id="fl-d8">
         <path>C:\ti\TivaWare_C_Series-2.1.4.178\IQmath\ccs\IQmathLib\Debug\</path>
         <kind>archive</kind>
         <file>IQmathLib.lib</file>
         <name>IQNdiv.obj</name>
      </input_file>
      <input_file id="fl-d9">
         <path>C:\ti\TivaWare_C_Series-2.1.4.178\IQmath\ccs\IQmathLib\Debug\</path>
         <kind>archive</kind>
         <file>IQmathLib.lib</file>
         <name>IQNmpy.obj</name>
      </input_file>
      <input_file id="fl-da">
         <path>C:\ti\TivaWare_C_Series-2.1.4.178\IQmath\ccs\IQmathLib\Debug\</path>
         <kind>archive</kind>
         <file>IQmathLib.lib</file>
         <name>IQtables.obj</name>
      </input_file>
   </input_file_list>
   <object_component_list>
      <object_component id="oc-f">
         <name>.intvecs</name>
         <load_address>0x0</load_address>
         <run_address>0x0</run_address>
         <size>0x26c</size>
         <input_file_ref idref="fl-3"/>
      </object_component>
      <object_component id="oc-2a">
         <name>.text</name>
         <load_address>0x26c</load_address>
         <run_address>0x26c</run_address>
         <size>0x1094</size>
         <input_file_ref idref="fl-2"/>
      </object_component>
      <object_component id="oc-196">
         <name>.text:atan2PU_table</name>
         <load_address>0x1300</load_address>
         <run_address>0x1300</run_address>
         <size>0xc00</size>
         <input_file_ref idref="fl-da"/>
      </object_component>
      <object_component id="oc-195">
         <name>.text:div_table</name>
         <load_address>0x1f00</load_address>
         <run_address>0x1f00</run_address>
         <size>0x800</size>
         <input_file_ref idref="fl-da"/>
      </object_component>
      <object_component id="oc-c8">
         <name>.text</name>
         <load_address>0x2700</load_address>
         <run_address>0x2700</run_address>
         <size>0x4dc</size>
         <input_file_ref idref="fl-4"/>
      </object_component>
      <object_component id="oc-164">
         <name>.text:GPIOPadConfigSet</name>
         <load_address>0x2bdc</load_address>
         <run_address>0x2bdc</run_address>
         <size>0x132</size>
         <input_file_ref idref="fl-d"/>
      </object_component>
      <object_component id="oc-21d">
         <name>.text</name>
         <load_address>0x2d0e</load_address>
         <run_address>0x2d0e</run_address>
         <size>0x2</size>
         <input_file_ref idref="fl-cd"/>
      </object_component>
      <object_component id="oc-b0">
         <name>.text:SysCtlClockGet</name>
         <load_address>0x2d10</load_address>
         <run_address>0x2d10</run_address>
         <size>0x110</size>
         <input_file_ref idref="fl-10"/>
      </object_component>
      <object_component id="oc-8c">
         <name>.text:SysCtlClockSet</name>
         <load_address>0x2e20</load_address>
         <run_address>0x2e20</run_address>
         <size>0xf4</size>
         <input_file_ref idref="fl-10"/>
      </object_component>
      <object_component id="oc-198">
         <name>.text:MPU6050Callback</name>
         <load_address>0x2f14</load_address>
         <run_address>0x2f14</run_address>
         <size>0xf0</size>
         <input_file_ref idref="fl-d6"/>
      </object_component>
      <object_component id="oc-d8">
         <name>.text:_IQ16atan2</name>
         <load_address>0x3004</load_address>
         <run_address>0x3004</run_address>
         <size>0xd4</size>
         <input_file_ref idref="fl-d7"/>
      </object_component>
      <object_component id="oc-3e">
         <name>.text</name>
         <load_address>0x30d8</load_address>
         <run_address>0x30d8</run_address>
         <size>0x9c</size>
         <input_file_ref idref="fl-cf"/>
      </object_component>
      <object_component id="oc-ce">
         <name>.text:_IQ16div</name>
         <load_address>0x3174</load_address>
         <run_address>0x3174</run_address>
         <size>0x90</size>
         <input_file_ref idref="fl-d8"/>
      </object_component>
      <object_component id="oc-f2">
         <name>.text:MPU6050DataAccelGetFloat</name>
         <load_address>0x3204</load_address>
         <run_address>0x3204</run_address>
         <size>0x70</size>
         <input_file_ref idref="fl-d6"/>
      </object_component>
      <object_component id="oc-f8">
         <name>.text:MPU6050DataGyroGetFloat</name>
         <load_address>0x3274</load_address>
         <run_address>0x3274</run_address>
         <size>0x70</size>
         <input_file_ref idref="fl-d6"/>
      </object_component>
      <object_component id="oc-12">
         <name>.text:decompress:lzss:__TI_decompress_lzss</name>
         <load_address>0x32e4</load_address>
         <run_address>0x32e4</run_address>
         <size>0x68</size>
         <input_file_ref idref="fl-cb"/>
      </object_component>
      <object_component id="oc-dd">
         <name>.text:MPU6050Init</name>
         <load_address>0x334c</load_address>
         <run_address>0x334c</run_address>
         <size>0x5c</size>
         <input_file_ref idref="fl-d6"/>
      </object_component>
      <object_component id="oc-ec">
         <name>.text:MPU6050DataRead</name>
         <load_address>0x33a8</load_address>
         <run_address>0x33a8</run_address>
         <size>0x54</size>
         <input_file_ref idref="fl-d6"/>
      </object_component>
      <object_component id="oc-98">
         <name>.text:SysCtlPeripheralReset</name>
         <load_address>0x33fc</load_address>
         <run_address>0x33fc</run_address>
         <size>0x50</size>
         <input_file_ref idref="fl-10"/>
      </object_component>
      <object_component id="oc-b6">
         <name>.text:I2CMasterInitExpClk</name>
         <load_address>0x344c</load_address>
         <run_address>0x344c</run_address>
         <size>0x4c</size>
         <input_file_ref idref="fl-e"/>
      </object_component>
      <object_component id="oc-e3">
         <name>.text:MPU6050ReadModifyWrite</name>
         <load_address>0x3498</load_address>
         <run_address>0x3498</run_address>
         <size>0x4c</size>
         <input_file_ref idref="fl-d6"/>
      </object_component>
      <object_component id="oc-9e">
         <name>.text:GPIOPinConfigure</name>
         <load_address>0x34e4</load_address>
         <run_address>0x34e4</run_address>
         <size>0x48</size>
         <input_file_ref idref="fl-d"/>
      </object_component>
      <object_component id="oc-1cf">
         <name>.text:__TI_auto_init_nobinit_nopinit:__TI_auto_init_nobinit_nopinit</name>
         <load_address>0x352c</load_address>
         <run_address>0x352c</run_address>
         <size>0x44</size>
         <input_file_ref idref="fl-d0"/>
      </object_component>
      <object_component id="oc-184">
         <name>.text</name>
         <load_address>0x3570</load_address>
         <run_address>0x3570</run_address>
         <size>0x40</size>
         <input_file_ref idref="fl-c8"/>
      </object_component>
      <object_component id="oc-7e">
         <name>.text:I2CMRead</name>
         <load_address>0x35b0</load_address>
         <run_address>0x35b0</run_address>
         <size>0x36</size>
         <input_file_ref idref="fl-2"/>
      </object_component>
      <object_component id="oc-77">
         <name>.text:I2CMWrite</name>
         <load_address>0x35e6</load_address>
         <run_address>0x35e6</run_address>
         <size>0x36</size>
         <input_file_ref idref="fl-2"/>
      </object_component>
      <object_component id="oc-85">
         <name>.text:I2CMWriteBatched</name>
         <load_address>0x361c</load_address>
         <run_address>0x361c</run_address>
         <size>0x36</size>
         <input_file_ref idref="fl-2"/>
      </object_component>
      <object_component id="oc-92">
         <name>.text:SysCtlPeripheralEnable</name>
         <load_address>0x3654</load_address>
         <run_address>0x3654</run_address>
         <size>0x34</size>
         <input_file_ref idref="fl-10"/>
      </object_component>
      <object_component id="oc-5c">
         <name>.text:_c_int00_noargs:_c_int00_noargs</name>
         <load_address>0x3688</load_address>
         <run_address>0x3688</run_address>
         <size>0x34</size>
         <input_file_ref idref="fl-cc"/>
      </object_component>
      <object_component id="oc-15e">
         <name>.text:GPIODirModeSet</name>
         <load_address>0x36bc</load_address>
         <run_address>0x36bc</run_address>
         <size>0x2a</size>
         <input_file_ref idref="fl-d"/>
      </object_component>
      <object_component id="oc-4a">
         <name>.text:decompress:ZI:__TI_zero_init_nomemset:__TI_zero_init_nomemset</name>
         <load_address>0x36e6</load_address>
         <run_address>0x36e6</run_address>
         <size>0x1c</size>
         <input_file_ref idref="fl-c9"/>
      </object_component>
      <object_component id="oc-aa">
         <name>.text:GPIOPinTypeI2C</name>
         <load_address>0x3702</load_address>
         <run_address>0x3702</run_address>
         <size>0x12</size>
         <input_file_ref idref="fl-d"/>
      </object_component>
      <object_component id="oc-a4">
         <name>.text:GPIOPinTypeI2CSCL</name>
         <load_address>0x3714</load_address>
         <run_address>0x3714</run_address>
         <size>0x12</size>
         <input_file_ref idref="fl-d"/>
      </object_component>
      <object_component id="oc-bc">
         <name>.text:GPIOPinTypeUART</name>
         <load_address>0x3726</load_address>
         <run_address>0x3726</run_address>
         <size>0x12</size>
         <input_file_ref idref="fl-d"/>
      </object_component>
      <object_component id="oc-d3">
         <name>.text:_IQ16mpy</name>
         <load_address>0x3738</load_address>
         <run_address>0x3738</run_address>
         <size>0x10</size>
         <input_file_ref idref="fl-d9"/>
      </object_component>
      <object_component id="oc-18">
         <name>.text:decompress:none:__TI_decompress_none</name>
         <load_address>0x3748</load_address>
         <run_address>0x3748</run_address>
         <size>0xe</size>
         <input_file_ref idref="fl-ca"/>
      </object_component>
      <object_component id="oc-71">
         <name>.text:IntTrigger</name>
         <load_address>0x3758</load_address>
         <run_address>0x3758</run_address>
         <size>0xc</size>
         <input_file_ref idref="fl-f"/>
      </object_component>
      <object_component id="oc-24">
         <name>.text</name>
         <load_address>0x3764</load_address>
         <run_address>0x3764</run_address>
         <size>0xc</size>
         <input_file_ref idref="fl-3"/>
      </object_component>
      <object_component id="oc-170">
         <name>.text:I2CMasterEnable</name>
         <load_address>0x3770</load_address>
         <run_address>0x3770</run_address>
         <size>0xa</size>
         <input_file_ref idref="fl-e"/>
      </object_component>
      <object_component id="oc-fe">
         <name>.text:SysCtlDelay</name>
         <load_address>0x377a</load_address>
         <run_address>0x377a</run_address>
         <size>0x6</size>
         <input_file_ref idref="fl-10"/>
      </object_component>
      <object_component id="oc-c2">
         <name>.text:UARTClockSourceSet</name>
         <load_address>0x3780</load_address>
         <run_address>0x3780</run_address>
         <size>0x6</size>
         <input_file_ref idref="fl-11"/>
      </object_component>
      <object_component id="oc-13c">
         <name>.text:_system_pre_init</name>
         <load_address>0x3786</load_address>
         <run_address>0x3786</run_address>
         <size>0x4</size>
         <input_file_ref idref="fl-d1"/>
      </object_component>
      <object_component id="oc-1c3">
         <name>.text:abort:abort</name>
         <load_address>0x378a</load_address>
         <run_address>0x378a</run_address>
         <size>0x4</size>
         <input_file_ref idref="fl-d3"/>
      </object_component>
      <object_component id="oc-159">
         <name>.const:g_pui32GPIOBaseAddrs</name>
         <load_address>0x3790</load_address>
         <run_address>0x3790</run_address>
         <size>0x90</size>
         <input_file_ref idref="fl-d"/>
      </object_component>
      <object_component id="oc-16c">
         <name>.const:g_pui32Xtals</name>
         <load_address>0x3820</load_address>
         <run_address>0x3820</run_address>
         <size>0x6c</size>
         <input_file_ref idref="fl-10"/>
      </object_component>
      <object_component id="oc-1a9">
         <name>.const</name>
         <load_address>0x388c</load_address>
         <run_address>0x388c</run_address>
         <size>0x20</size>
         <input_file_ref idref="fl-d6"/>
      </object_component>
      <object_component id="oc-223">
         <name>.const:.string</name>
         <load_address>0x38ac</load_address>
         <run_address>0x38ac</run_address>
         <size>0x12</size>
         <input_file_ref idref="fl-4"/>
      </object_component>
      <object_component id="oc-181">
         <name>.const:g_ui32UARTBase</name>
         <load_address>0x38c0</load_address>
         <run_address>0x38c0</run_address>
         <size>0xc</size>
         <input_file_ref idref="fl-4"/>
      </object_component>
      <object_component id="oc-17b">
         <name>.const:g_ui32UARTPeriph</name>
         <load_address>0x38cc</load_address>
         <run_address>0x38cc</run_address>
         <size>0xc</size>
         <input_file_ref idref="fl-4"/>
      </object_component>
      <object_component id="oc-189">
         <name>.const</name>
         <load_address>0x38d8</load_address>
         <run_address>0x38d8</run_address>
         <size>0x4</size>
         <input_file_ref idref="fl-4"/>
      </object_component>
      <object_component id="oc-2af">
         <name>__TI_handler_table</name>
         <load_address>0x38e0</load_address>
         <run_address>0x38e0</run_address>
         <size>0xc</size>
      </object_component>
      <object_component id="oc-2b2">
         <name>.cinit..bss.load</name>
         <load_address>0x38f0</load_address>
         <run_address>0x38f0</run_address>
         <size>0x8</size>
      </object_component>
      <object_component id="oc-2b1">
         <name>.cinit..data.load</name>
         <load_address>0x38f8</load_address>
         <run_address>0x38f8</run_address>
         <size>0x7</size>
      </object_component>
      <object_component id="oc-2b0">
         <name>__TI_cinit_table</name>
         <load_address>0x3900</load_address>
         <run_address>0x3900</run_address>
         <size>0x10</size>
      </object_component>
      <object_component id="oc-17e">
         <name>.data</name>
         <load_address>0x20000328</load_address>
         <run_address>0x20000328</run_address>
         <size>0x5</size>
         <input_file_ref idref="fl-4"/>
      </object_component>
      <object_component id="oc-ff">
         <name>.common:g_bMPU6050Done</name>
         <uninitialized>true</uninitialized>
         <run_address>0x20000324</run_address>
         <size>0x1</size>
      </object_component>
      <object_component id="oc-e9">
         <name>.common:g_sI2CMSimpleInst</name>
         <uninitialized>true</uninitialized>
         <run_address>0x20000200</run_address>
         <size>0x124</size>
      </object_component>
      <object_component id="oc-21">
         <name>.stack</name>
         <uninitialized>true</uninitialized>
         <run_address>0x20000000</run_address>
         <size>0x4</size>
         <input_file_ref idref="fl-cc"/>
      </object_component>
      <object_component id="oc-2b3">
         <name>.stack</name>
         <uninitialized>true</uninitialized>
         <run_address>0x20000000</run_address>
         <size>0x0</size>
      </object_component>
      <object_component id="oc-ea">
         <name>.debug_info</name>
         <load_address>0x0</load_address>
         <run_address>0x0</run_address>
         <size>0x929</size>
         <input_file_ref idref="fl-2"/>
      </object_component>
      <object_component id="oc-78">
         <name>.debug_info</name>
         <load_address>0x929</load_address>
         <run_address>0x929</run_address>
         <size>0x288</size>
         <input_file_ref idref="fl-2"/>
      </object_component>
      <object_component id="oc-80">
         <name>.debug_info</name>
         <load_address>0xbb1</load_address>
         <run_address>0xbb1</run_address>
         <size>0x2f4</size>
         <input_file_ref idref="fl-2"/>
      </object_component>
      <object_component id="oc-86">
         <name>.debug_info</name>
         <load_address>0xea5</load_address>
         <run_address>0xea5</run_address>
         <size>0x2ba</size>
         <input_file_ref idref="fl-2"/>
      </object_component>
      <object_component id="oc-2b">
         <name>.debug_info</name>
         <load_address>0x115f</load_address>
         <run_address>0x115f</run_address>
         <size>0x2f78</size>
         <input_file_ref idref="fl-2"/>
      </object_component>
      <object_component id="oc-1a3">
         <name>.debug_info</name>
         <load_address>0x40d7</load_address>
         <run_address>0x40d7</run_address>
         <size>0x4e6</size>
         <input_file_ref idref="fl-2"/>
      </object_component>
      <object_component id="oc-110">
         <name>.debug_info</name>
         <load_address>0x45bd</load_address>
         <run_address>0x45bd</run_address>
         <size>0x158</size>
         <input_file_ref idref="fl-2"/>
      </object_component>
      <object_component id="oc-11c">
         <name>.debug_info</name>
         <load_address>0x4715</load_address>
         <run_address>0x4715</run_address>
         <size>0x26b</size>
         <input_file_ref idref="fl-2"/>
      </object_component>
      <object_component id="oc-101">
         <name>.debug_info</name>
         <load_address>0x4980</load_address>
         <run_address>0x4980</run_address>
         <size>0x8b</size>
         <input_file_ref idref="fl-2"/>
      </object_component>
      <object_component id="oc-1ae">
         <name>.debug_info</name>
         <load_address>0x4a0b</load_address>
         <run_address>0x4a0b</run_address>
         <size>0x297</size>
         <input_file_ref idref="fl-2"/>
      </object_component>
      <object_component id="oc-10b">
         <name>.debug_info</name>
         <load_address>0x4ca2</load_address>
         <run_address>0x4ca2</run_address>
         <size>0xef</size>
         <input_file_ref idref="fl-2"/>
      </object_component>
      <object_component id="oc-115">
         <name>.debug_info</name>
         <load_address>0x4d91</load_address>
         <run_address>0x4d91</run_address>
         <size>0xbb</size>
         <input_file_ref idref="fl-2"/>
      </object_component>
      <object_component id="oc-106">
         <name>.debug_info</name>
         <load_address>0x4e4c</load_address>
         <run_address>0x4e4c</run_address>
         <size>0x1b2</size>
         <input_file_ref idref="fl-2"/>
      </object_component>
      <object_component id="oc-18e">
         <name>.debug_info</name>
         <load_address>0x4ffe</load_address>
         <run_address>0x4ffe</run_address>
         <size>0x2c</size>
         <input_file_ref idref="fl-2"/>
      </object_component>
      <object_component id="oc-32">
         <name>.debug_info</name>
         <load_address>0x502a</load_address>
         <run_address>0x502a</run_address>
         <size>0x2de</size>
         <input_file_ref idref="fl-3"/>
      </object_component>
      <object_component id="oc-10">
         <name>.debug_info</name>
         <load_address>0x5308</load_address>
         <run_address>0x5308</run_address>
         <size>0xfb</size>
         <input_file_ref idref="fl-3"/>
      </object_component>
      <object_component id="oc-25">
         <name>.debug_info</name>
         <load_address>0x5403</load_address>
         <run_address>0x5403</run_address>
         <size>0x277</size>
         <input_file_ref idref="fl-3"/>
      </object_component>
      <object_component id="oc-39">
         <name>.debug_info</name>
         <load_address>0x567a</load_address>
         <run_address>0x567a</run_address>
         <size>0x84</size>
         <input_file_ref idref="fl-3"/>
      </object_component>
      <object_component id="oc-18d">
         <name>.debug_info</name>
         <load_address>0x56fe</load_address>
         <run_address>0x56fe</run_address>
         <size>0x2a6</size>
         <input_file_ref idref="fl-4"/>
      </object_component>
      <object_component id="oc-17f">
         <name>.debug_info</name>
         <load_address>0x59a4</load_address>
         <run_address>0x59a4</run_address>
         <size>0xe7</size>
         <input_file_ref idref="fl-4"/>
      </object_component>
      <object_component id="oc-18a">
         <name>.debug_info</name>
         <load_address>0x5a8b</load_address>
         <run_address>0x5a8b</run_address>
         <size>0xe1</size>
         <input_file_ref idref="fl-4"/>
      </object_component>
      <object_component id="oc-182">
         <name>.debug_info</name>
         <load_address>0x5b6c</load_address>
         <run_address>0x5b6c</run_address>
         <size>0xef</size>
         <input_file_ref idref="fl-4"/>
      </object_component>
      <object_component id="oc-17c">
         <name>.debug_info</name>
         <load_address>0x5c5b</load_address>
         <run_address>0x5c5b</run_address>
         <size>0xf3</size>
         <input_file_ref idref="fl-4"/>
      </object_component>
      <object_component id="oc-cb">
         <name>.debug_info</name>
         <load_address>0x5d4e</load_address>
         <run_address>0x5d4e</run_address>
         <size>0x70f</size>
         <input_file_ref idref="fl-4"/>
      </object_component>
      <object_component id="oc-15d">
         <name>.debug_info</name>
         <load_address>0x645d</load_address>
         <run_address>0x645d</run_address>
         <size>0x240</size>
         <input_file_ref idref="fl-d"/>
      </object_component>
      <object_component id="oc-15a">
         <name>.debug_info</name>
         <load_address>0x669d</load_address>
         <run_address>0x669d</run_address>
         <size>0x15b</size>
         <input_file_ref idref="fl-d"/>
      </object_component>
      <object_component id="oc-160">
         <name>.debug_info</name>
         <load_address>0x67f8</load_address>
         <run_address>0x67f8</run_address>
         <size>0x2b3</size>
         <input_file_ref idref="fl-d"/>
      </object_component>
      <object_component id="oc-166">
         <name>.debug_info</name>
         <load_address>0x6aab</load_address>
         <run_address>0x6aab</run_address>
         <size>0x316</size>
         <input_file_ref idref="fl-d"/>
      </object_component>
      <object_component id="oc-be">
         <name>.debug_info</name>
         <load_address>0x6dc1</load_address>
         <run_address>0x6dc1</run_address>
         <size>0x27b</size>
         <input_file_ref idref="fl-d"/>
      </object_component>
      <object_component id="oc-a6">
         <name>.debug_info</name>
         <load_address>0x703c</load_address>
         <run_address>0x703c</run_address>
         <size>0x27f</size>
         <input_file_ref idref="fl-d"/>
      </object_component>
      <object_component id="oc-ac">
         <name>.debug_info</name>
         <load_address>0x72bb</load_address>
         <run_address>0x72bb</run_address>
         <size>0x279</size>
         <input_file_ref idref="fl-d"/>
      </object_component>
      <object_component id="oc-a0">
         <name>.debug_info</name>
         <load_address>0x7534</load_address>
         <run_address>0x7534</run_address>
         <size>0x280</size>
         <input_file_ref idref="fl-d"/>
      </object_component>
      <object_component id="oc-14f">
         <name>.debug_info</name>
         <load_address>0x77b4</load_address>
         <run_address>0x77b4</run_address>
         <size>0x18b</size>
         <input_file_ref idref="fl-d"/>
      </object_component>
      <object_component id="oc-177">
         <name>.debug_info</name>
         <load_address>0x793f</load_address>
         <run_address>0x793f</run_address>
         <size>0x231</size>
         <input_file_ref idref="fl-e"/>
      </object_component>
      <object_component id="oc-171">
         <name>.debug_info</name>
         <load_address>0x7b70</load_address>
         <run_address>0x7b70</run_address>
         <size>0x24e</size>
         <input_file_ref idref="fl-e"/>
      </object_component>
      <object_component id="oc-b7">
         <name>.debug_info</name>
         <load_address>0x7dbe</load_address>
         <run_address>0x7dbe</run_address>
         <size>0x2d5</size>
         <input_file_ref idref="fl-e"/>
      </object_component>
      <object_component id="oc-154">
         <name>.debug_info</name>
         <load_address>0x8093</load_address>
         <run_address>0x8093</run_address>
         <size>0x20e</size>
         <input_file_ref idref="fl-f"/>
      </object_component>
      <object_component id="oc-73">
         <name>.debug_info</name>
         <load_address>0x82a1</load_address>
         <run_address>0x82a1</run_address>
         <size>0x26a</size>
         <input_file_ref idref="fl-f"/>
      </object_component>
      <object_component id="oc-156">
         <name>.debug_info</name>
         <load_address>0x850b</load_address>
         <run_address>0x850b</run_address>
         <size>0x298</size>
         <input_file_ref idref="fl-10"/>
      </object_component>
      <object_component id="oc-16d">
         <name>.debug_info</name>
         <load_address>0x87a3</load_address>
         <run_address>0x87a3</run_address>
         <size>0x14d</size>
         <input_file_ref idref="fl-10"/>
      </object_component>
      <object_component id="oc-99">
         <name>.debug_info</name>
         <load_address>0x88f0</load_address>
         <run_address>0x88f0</run_address>
         <size>0x295</size>
         <input_file_ref idref="fl-10"/>
      </object_component>
      <object_component id="oc-93">
         <name>.debug_info</name>
         <load_address>0x8b85</load_address>
         <run_address>0x8b85</run_address>
         <size>0x27d</size>
         <input_file_ref idref="fl-10"/>
      </object_component>
      <object_component id="oc-8d">
         <name>.debug_info</name>
         <load_address>0x8e02</load_address>
         <run_address>0x8e02</run_address>
         <size>0x2db</size>
         <input_file_ref idref="fl-10"/>
      </object_component>
      <object_component id="oc-b1">
         <name>.debug_info</name>
         <load_address>0x90dd</load_address>
         <run_address>0x90dd</run_address>
         <size>0x2b5</size>
         <input_file_ref idref="fl-10"/>
      </object_component>
      <object_component id="oc-205">
         <name>.debug_info</name>
         <load_address>0x9392</load_address>
         <run_address>0x9392</run_address>
         <size>0x5f</size>
         <input_file_ref idref="fl-10"/>
      </object_component>
      <object_component id="oc-17a">
         <name>.debug_info</name>
         <load_address>0x93f1</load_address>
         <run_address>0x93f1</run_address>
         <size>0x227</size>
         <input_file_ref idref="fl-11"/>
      </object_component>
      <object_component id="oc-c3">
         <name>.debug_info</name>
         <load_address>0x9618</load_address>
         <run_address>0x9618</run_address>
         <size>0x291</size>
         <input_file_ref idref="fl-11"/>
      </object_component>
      <object_component id="oc-187">
         <name>.debug_info</name>
         <load_address>0x98a9</load_address>
         <run_address>0x98a9</run_address>
         <size>0x143</size>
         <input_file_ref idref="fl-c8"/>
      </object_component>
      <object_component id="oc-135">
         <name>.debug_info</name>
         <load_address>0x99ec</load_address>
         <run_address>0x99ec</run_address>
         <size>0x2d5</size>
         <input_file_ref idref="fl-c9"/>
      </object_component>
      <object_component id="oc-4b">
         <name>.debug_info</name>
         <load_address>0x9cc1</load_address>
         <run_address>0x9cc1</run_address>
         <size>0x1d3</size>
         <input_file_ref idref="fl-c9"/>
      </object_component>
      <object_component id="oc-130">
         <name>.debug_info</name>
         <load_address>0x9e94</load_address>
         <run_address>0x9e94</run_address>
         <size>0x46</size>
         <input_file_ref idref="fl-c9"/>
      </object_component>
      <object_component id="oc-1ba">
         <name>.debug_info</name>
         <load_address>0x9eda</load_address>
         <run_address>0x9eda</run_address>
         <size>0x2c</size>
         <input_file_ref idref="fl-c9"/>
      </object_component>
      <object_component id="oc-49">
         <name>.debug_info</name>
         <load_address>0x9f06</load_address>
         <run_address>0x9f06</run_address>
         <size>0x2a9</size>
         <input_file_ref idref="fl-ca"/>
      </object_component>
      <object_component id="oc-19">
         <name>.debug_info</name>
         <load_address>0xa1af</load_address>
         <run_address>0xa1af</run_address>
         <size>0x1eb</size>
         <input_file_ref idref="fl-ca"/>
      </object_component>
      <object_component id="oc-44">
         <name>.debug_info</name>
         <load_address>0xa39a</load_address>
         <run_address>0xa39a</run_address>
         <size>0x46</size>
         <input_file_ref idref="fl-ca"/>
      </object_component>
      <object_component id="oc-128">
         <name>.debug_info</name>
         <load_address>0xa3e0</load_address>
         <run_address>0xa3e0</run_address>
         <size>0x2c</size>
         <input_file_ref idref="fl-ca"/>
      </object_component>
      <object_component id="oc-126">
         <name>.debug_info</name>
         <load_address>0xa40c</load_address>
         <run_address>0xa40c</run_address>
         <size>0x29f</size>
         <input_file_ref idref="fl-cb"/>
      </object_component>
      <object_component id="oc-16">
         <name>.debug_info</name>
         <load_address>0xa6ab</load_address>
         <run_address>0xa6ab</run_address>
         <size>0x251</size>
         <input_file_ref idref="fl-cb"/>
      </object_component>
      <object_component id="oc-34">
         <name>.debug_info</name>
         <load_address>0xa8fc</load_address>
         <run_address>0xa8fc</run_address>
         <size>0x60</size>
         <input_file_ref idref="fl-cb"/>
      </object_component>
      <object_component id="oc-1b3">
         <name>.debug_info</name>
         <load_address>0xa95c</load_address>
         <run_address>0xa95c</run_address>
         <size>0x46</size>
         <input_file_ref idref="fl-cb"/>
      </object_component>
      <object_component id="oc-121">
         <name>.debug_info</name>
         <load_address>0xa9a2</load_address>
         <run_address>0xa9a2</run_address>
         <size>0x39</size>
         <input_file_ref idref="fl-cb"/>
      </object_component>
      <object_component id="oc-22">
         <name>.debug_info</name>
         <load_address>0xa9db</load_address>
         <run_address>0xa9db</run_address>
         <size>0x10c</size>
         <input_file_ref idref="fl-cc"/>
      </object_component>
      <object_component id="oc-5f">
         <name>.debug_info</name>
         <load_address>0xaae7</load_address>
         <run_address>0xaae7</run_address>
         <size>0x1aa</size>
         <input_file_ref idref="fl-cc"/>
      </object_component>
      <object_component id="oc-21e">
         <name>.debug_info</name>
         <load_address>0xac91</load_address>
         <run_address>0xac91</run_address>
         <size>0x116</size>
         <input_file_ref idref="fl-cd"/>
      </object_component>
      <object_component id="oc-3f">
         <name>.debug_info</name>
         <load_address>0xada7</load_address>
         <run_address>0xada7</run_address>
         <size>0x11a</size>
         <input_file_ref idref="fl-cf"/>
      </object_component>
      <object_component id="oc-242">
         <name>.debug_info</name>
         <load_address>0xaec1</load_address>
         <run_address>0xaec1</run_address>
         <size>0x4b4</size>
         <input_file_ref idref="fl-d0"/>
      </object_component>
      <object_component id="oc-1d0">
         <name>.debug_info</name>
         <load_address>0xb375</load_address>
         <run_address>0xb375</run_address>
         <size>0x1a7</size>
         <input_file_ref idref="fl-d0"/>
      </object_component>
      <object_component id="oc-268">
         <name>.debug_info</name>
         <load_address>0xb51c</load_address>
         <run_address>0xb51c</run_address>
         <size>0x39</size>
         <input_file_ref idref="fl-d0"/>
      </object_component>
      <object_component id="oc-27c">
         <name>.debug_info</name>
         <load_address>0xb555</load_address>
         <run_address>0xb555</run_address>
         <size>0x39</size>
         <input_file_ref idref="fl-d0"/>
      </object_component>
      <object_component id="oc-26d">
         <name>.debug_info</name>
         <load_address>0xb58e</load_address>
         <run_address>0xb58e</run_address>
         <size>0x39</size>
         <input_file_ref idref="fl-d0"/>
      </object_component>
      <object_component id="oc-272">
         <name>.debug_info</name>
         <load_address>0xb5c7</load_address>
         <run_address>0xb5c7</run_address>
         <size>0xcd</size>
         <input_file_ref idref="fl-d0"/>
      </object_component>
      <object_component id="oc-13d">
         <name>.debug_info</name>
         <load_address>0xb694</load_address>
         <run_address>0xb694</run_address>
         <size>0x154</size>
         <input_file_ref idref="fl-d1"/>
      </object_component>
      <object_component id="oc-1c4">
         <name>.debug_info</name>
         <load_address>0xb7e8</load_address>
         <run_address>0xb7e8</run_address>
         <size>0x123</size>
         <input_file_ref idref="fl-d3"/>
      </object_component>
      <object_component id="oc-19f">
         <name>.debug_info</name>
         <load_address>0xb90b</load_address>
         <run_address>0xb90b</run_address>
         <size>0x374</size>
         <input_file_ref idref="fl-d6"/>
      </object_component>
      <object_component id="oc-1aa">
         <name>.debug_info</name>
         <load_address>0xbc7f</load_address>
         <run_address>0xbc7f</run_address>
         <size>0x19c</size>
         <input_file_ref idref="fl-d6"/>
      </object_component>
      <object_component id="oc-e4">
         <name>.debug_info</name>
         <load_address>0xbe1b</load_address>
         <run_address>0xbe1b</run_address>
         <size>0x34f</size>
         <input_file_ref idref="fl-d6"/>
      </object_component>
      <object_component id="oc-de">
         <name>.debug_info</name>
         <load_address>0xc16a</load_address>
         <run_address>0xc16a</run_address>
         <size>0x334</size>
         <input_file_ref idref="fl-d6"/>
      </object_component>
      <object_component id="oc-ed">
         <name>.debug_info</name>
         <load_address>0xc49e</load_address>
         <run_address>0xc49e</run_address>
         <size>0x2f0</size>
         <input_file_ref idref="fl-d6"/>
      </object_component>
      <object_component id="oc-f9">
         <name>.debug_info</name>
         <load_address>0xc78e</load_address>
         <run_address>0xc78e</run_address>
         <size>0x304</size>
         <input_file_ref idref="fl-d6"/>
      </object_component>
      <object_component id="oc-f3">
         <name>.debug_info</name>
         <load_address>0xca92</load_address>
         <run_address>0xca92</run_address>
         <size>0x312</size>
         <input_file_ref idref="fl-d6"/>
      </object_component>
      <object_component id="oc-199">
         <name>.debug_info</name>
         <load_address>0xcda4</load_address>
         <run_address>0xcda4</run_address>
         <size>0x2c0</size>
         <input_file_ref idref="fl-d6"/>
      </object_component>
      <object_component id="oc-22b">
         <name>.debug_info</name>
         <load_address>0xd064</load_address>
         <run_address>0xd064</run_address>
         <size>0x4e6</size>
         <input_file_ref idref="fl-d6"/>
      </object_component>
      <object_component id="oc-230">
         <name>.debug_info</name>
         <load_address>0xd54a</load_address>
         <run_address>0xd54a</run_address>
         <size>0x158</size>
         <input_file_ref idref="fl-d6"/>
      </object_component>
      <object_component id="oc-d9">
         <name>.debug_info</name>
         <load_address>0xd6a2</load_address>
         <run_address>0xd6a2</run_address>
         <size>0x1c0</size>
         <input_file_ref idref="fl-d7"/>
      </object_component>
      <object_component id="oc-cf">
         <name>.debug_info</name>
         <load_address>0xd862</load_address>
         <run_address>0xd862</run_address>
         <size>0x1bf</size>
         <input_file_ref idref="fl-d8"/>
      </object_component>
      <object_component id="oc-d4">
         <name>.debug_info</name>
         <load_address>0xda21</load_address>
         <run_address>0xda21</run_address>
         <size>0x1b1</size>
         <input_file_ref idref="fl-d9"/>
      </object_component>
      <object_component id="oc-2b4">
         <name>.debug_info</name>
         <load_address>0xdbd2</load_address>
         <run_address>0xdbd2</run_address>
         <size>0xae</size>
      </object_component>
      <object_component id="oc-1a2">
         <name>.debug_line</name>
         <load_address>0x0</load_address>
         <run_address>0x0</run_address>
         <size>0x1e9</size>
         <input_file_ref idref="fl-2"/>
      </object_component>
      <object_component id="oc-7b">
         <name>.debug_line</name>
         <load_address>0x1e9</load_address>
         <run_address>0x1e9</run_address>
         <size>0x72</size>
         <input_file_ref idref="fl-2"/>
      </object_component>
      <object_component id="oc-7f">
         <name>.debug_line</name>
         <load_address>0x25b</load_address>
         <run_address>0x25b</run_address>
         <size>0x72</size>
         <input_file_ref idref="fl-2"/>
      </object_component>
      <object_component id="oc-89">
         <name>.debug_line</name>
         <load_address>0x2cd</load_address>
         <run_address>0x2cd</run_address>
         <size>0x72</size>
         <input_file_ref idref="fl-2"/>
      </object_component>
      <object_component id="oc-2e">
         <name>.debug_line</name>
         <load_address>0x33f</load_address>
         <run_address>0x33f</run_address>
         <size>0x7b1</size>
         <input_file_ref idref="fl-2"/>
      </object_component>
      <object_component id="oc-1a6">
         <name>.debug_line</name>
         <load_address>0xaf0</load_address>
         <run_address>0xaf0</run_address>
         <size>0x5a</size>
         <input_file_ref idref="fl-2"/>
      </object_component>
      <object_component id="oc-113">
         <name>.debug_line</name>
         <load_address>0xb4a</load_address>
         <run_address>0xb4a</run_address>
         <size>0x59</size>
         <input_file_ref idref="fl-2"/>
      </object_component>
      <object_component id="oc-11f">
         <name>.debug_line</name>
         <load_address>0xba3</load_address>
         <run_address>0xba3</run_address>
         <size>0x6f</size>
         <input_file_ref idref="fl-2"/>
      </object_component>
      <object_component id="oc-104">
         <name>.debug_line</name>
         <load_address>0xc12</load_address>
         <run_address>0xc12</run_address>
         <size>0x20</size>
         <input_file_ref idref="fl-2"/>
      </object_component>
      <object_component id="oc-1b1">
         <name>.debug_line</name>
         <load_address>0xc32</load_address>
         <run_address>0xc32</run_address>
         <size>0x73</size>
         <input_file_ref idref="fl-2"/>
      </object_component>
      <object_component id="oc-10e">
         <name>.debug_line</name>
         <load_address>0xca5</load_address>
         <run_address>0xca5</run_address>
         <size>0x6f</size>
         <input_file_ref idref="fl-2"/>
      </object_component>
      <object_component id="oc-118">
         <name>.debug_line</name>
         <load_address>0xd14</load_address>
         <run_address>0xd14</run_address>
         <size>0x70</size>
         <input_file_ref idref="fl-2"/>
      </object_component>
      <object_component id="oc-109">
         <name>.debug_line</name>
         <load_address>0xd84</load_address>
         <run_address>0xd84</run_address>
         <size>0x58</size>
         <input_file_ref idref="fl-2"/>
      </object_component>
      <object_component id="oc-191">
         <name>.debug_line</name>
         <load_address>0xddc</load_address>
         <run_address>0xddc</run_address>
         <size>0x6b</size>
         <input_file_ref idref="fl-2"/>
      </object_component>
      <object_component id="oc-11b">
         <name>.debug_line</name>
         <load_address>0xe47</load_address>
         <run_address>0xe47</run_address>
         <size>0x41</size>
         <input_file_ref idref="fl-3"/>
      </object_component>
      <object_component id="oc-31">
         <name>.debug_line</name>
         <load_address>0xe88</load_address>
         <run_address>0xe88</run_address>
         <size>0x41</size>
         <input_file_ref idref="fl-3"/>
      </object_component>
      <object_component id="oc-28">
         <name>.debug_line</name>
         <load_address>0xec9</load_address>
         <run_address>0xec9</run_address>
         <size>0xa1</size>
         <input_file_ref idref="fl-3"/>
      </object_component>
      <object_component id="oc-3c">
         <name>.debug_line</name>
         <load_address>0xf6a</load_address>
         <run_address>0xf6a</run_address>
         <size>0x20</size>
         <input_file_ref idref="fl-3"/>
      </object_component>
      <object_component id="oc-227">
         <name>.debug_line</name>
         <load_address>0xf8a</load_address>
         <run_address>0xf8a</run_address>
         <size>0x20</size>
         <input_file_ref idref="fl-4"/>
      </object_component>
      <object_component id="oc-21a">
         <name>.debug_line</name>
         <load_address>0xfaa</load_address>
         <run_address>0xfaa</run_address>
         <size>0x32</size>
         <input_file_ref idref="fl-4"/>
      </object_component>
      <object_component id="oc-225">
         <name>.debug_line</name>
         <load_address>0xfdc</load_address>
         <run_address>0xfdc</run_address>
         <size>0x32</size>
         <input_file_ref idref="fl-4"/>
      </object_component>
      <object_component id="oc-21c">
         <name>.debug_line</name>
         <load_address>0x100e</load_address>
         <run_address>0x100e</run_address>
         <size>0x32</size>
         <input_file_ref idref="fl-4"/>
      </object_component>
      <object_component id="oc-218">
         <name>.debug_line</name>
         <load_address>0x1040</load_address>
         <run_address>0x1040</run_address>
         <size>0x32</size>
         <input_file_ref idref="fl-4"/>
      </object_component>
      <object_component id="oc-cd">
         <name>.debug_line</name>
         <load_address>0x1072</load_address>
         <run_address>0x1072</run_address>
         <size>0x283</size>
         <input_file_ref idref="fl-4"/>
      </object_component>
      <object_component id="oc-20d">
         <name>.debug_line</name>
         <load_address>0x12f5</load_address>
         <run_address>0x12f5</run_address>
         <size>0x82</size>
         <input_file_ref idref="fl-d"/>
      </object_component>
      <object_component id="oc-20b">
         <name>.debug_line</name>
         <load_address>0x1377</load_address>
         <run_address>0x1377</run_address>
         <size>0x7d</size>
         <input_file_ref idref="fl-d"/>
      </object_component>
      <object_component id="oc-15f">
         <name>.debug_line</name>
         <load_address>0x13f4</load_address>
         <run_address>0x13f4</run_address>
         <size>0x95</size>
         <input_file_ref idref="fl-d"/>
      </object_component>
      <object_component id="oc-165">
         <name>.debug_line</name>
         <load_address>0x1489</load_address>
         <run_address>0x1489</run_address>
         <size>0xd1</size>
         <input_file_ref idref="fl-d"/>
      </object_component>
      <object_component id="oc-bd">
         <name>.debug_line</name>
         <load_address>0x155a</load_address>
         <run_address>0x155a</run_address>
         <size>0x93</size>
         <input_file_ref idref="fl-d"/>
      </object_component>
      <object_component id="oc-a5">
         <name>.debug_line</name>
         <load_address>0x15ed</load_address>
         <run_address>0x15ed</run_address>
         <size>0x93</size>
         <input_file_ref idref="fl-d"/>
      </object_component>
      <object_component id="oc-ab">
         <name>.debug_line</name>
         <load_address>0x1680</load_address>
         <run_address>0x1680</run_address>
         <size>0x93</size>
         <input_file_ref idref="fl-d"/>
      </object_component>
      <object_component id="oc-9f">
         <name>.debug_line</name>
         <load_address>0x1713</load_address>
         <run_address>0x1713</run_address>
         <size>0xa7</size>
         <input_file_ref idref="fl-d"/>
      </object_component>
      <object_component id="oc-152">
         <name>.debug_line</name>
         <load_address>0x17ba</load_address>
         <run_address>0x17ba</run_address>
         <size>0x69</size>
         <input_file_ref idref="fl-d"/>
      </object_component>
      <object_component id="oc-214">
         <name>.debug_line</name>
         <load_address>0x1823</load_address>
         <run_address>0x1823</run_address>
         <size>0x82</size>
         <input_file_ref idref="fl-e"/>
      </object_component>
      <object_component id="oc-174">
         <name>.debug_line</name>
         <load_address>0x18a5</load_address>
         <run_address>0x18a5</run_address>
         <size>0x91</size>
         <input_file_ref idref="fl-e"/>
      </object_component>
      <object_component id="oc-ba">
         <name>.debug_line</name>
         <load_address>0x1936</load_address>
         <run_address>0x1936</run_address>
         <size>0xa5</size>
         <input_file_ref idref="fl-e"/>
      </object_component>
      <object_component id="oc-202">
         <name>.debug_line</name>
         <load_address>0x19db</load_address>
         <run_address>0x19db</run_address>
         <size>0x7c</size>
         <input_file_ref idref="fl-f"/>
      </object_component>
      <object_component id="oc-72">
         <name>.debug_line</name>
         <load_address>0x1a57</load_address>
         <run_address>0x1a57</run_address>
         <size>0x97</size>
         <input_file_ref idref="fl-f"/>
      </object_component>
      <object_component id="oc-204">
         <name>.debug_line</name>
         <load_address>0x1aee</load_address>
         <run_address>0x1aee</run_address>
         <size>0x13d</size>
         <input_file_ref idref="fl-10"/>
      </object_component>
      <object_component id="oc-211">
         <name>.debug_line</name>
         <load_address>0x1c2b</load_address>
         <run_address>0x1c2b</run_address>
         <size>0x7f</size>
         <input_file_ref idref="fl-10"/>
      </object_component>
      <object_component id="oc-9c">
         <name>.debug_line</name>
         <load_address>0x1caa</load_address>
         <run_address>0x1caa</run_address>
         <size>0xa7</size>
         <input_file_ref idref="fl-10"/>
      </object_component>
      <object_component id="oc-96">
         <name>.debug_line</name>
         <load_address>0x1d51</load_address>
         <run_address>0x1d51</run_address>
         <size>0x94</size>
         <input_file_ref idref="fl-10"/>
      </object_component>
      <object_component id="oc-90">
         <name>.debug_line</name>
         <load_address>0x1de5</load_address>
         <run_address>0x1de5</run_address>
         <size>0xee</size>
         <input_file_ref idref="fl-10"/>
      </object_component>
      <object_component id="oc-b4">
         <name>.debug_line</name>
         <load_address>0x1ed3</load_address>
         <run_address>0x1ed3</run_address>
         <size>0x11a</size>
         <input_file_ref idref="fl-10"/>
      </object_component>
      <object_component id="oc-208">
         <name>.debug_line</name>
         <load_address>0x1fed</load_address>
         <run_address>0x1fed</run_address>
         <size>0x7f</size>
         <input_file_ref idref="fl-10"/>
      </object_component>
      <object_component id="oc-216">
         <name>.debug_line</name>
         <load_address>0x206c</load_address>
         <run_address>0x206c</run_address>
         <size>0x82</size>
         <input_file_ref idref="fl-11"/>
      </object_component>
      <object_component id="oc-c7">
         <name>.debug_line</name>
         <load_address>0x20ee</load_address>
         <run_address>0x20ee</run_address>
         <size>0x92</size>
         <input_file_ref idref="fl-11"/>
      </object_component>
      <object_component id="oc-186">
         <name>.debug_line</name>
         <load_address>0x2180</load_address>
         <run_address>0x2180</run_address>
         <size>0x5b</size>
         <input_file_ref idref="fl-c8"/>
      </object_component>
      <object_component id="oc-1c0">
         <name>.debug_line</name>
         <load_address>0x21db</load_address>
         <run_address>0x21db</run_address>
         <size>0x92</size>
         <input_file_ref idref="fl-c9"/>
      </object_component>
      <object_component id="oc-4f">
         <name>.debug_line</name>
         <load_address>0x226d</load_address>
         <run_address>0x226d</run_address>
         <size>0x56</size>
         <input_file_ref idref="fl-c9"/>
      </object_component>
      <object_component id="oc-133">
         <name>.debug_line</name>
         <load_address>0x22c3</load_address>
         <run_address>0x22c3</run_address>
         <size>0x34</size>
         <input_file_ref idref="fl-c9"/>
      </object_component>
      <object_component id="oc-1bd">
         <name>.debug_line</name>
         <load_address>0x22f7</load_address>
         <run_address>0x22f7</run_address>
         <size>0x92</size>
         <input_file_ref idref="fl-c9"/>
      </object_component>
      <object_component id="oc-12e">
         <name>.debug_line</name>
         <load_address>0x2389</load_address>
         <run_address>0x2389</run_address>
         <size>0x20</size>
         <input_file_ref idref="fl-ca"/>
      </object_component>
      <object_component id="oc-1d">
         <name>.debug_line</name>
         <load_address>0x23a9</load_address>
         <run_address>0x23a9</run_address>
         <size>0x55</size>
         <input_file_ref idref="fl-ca"/>
      </object_component>
      <object_component id="oc-47">
         <name>.debug_line</name>
         <load_address>0x23fe</load_address>
         <run_address>0x23fe</run_address>
         <size>0x3a</size>
         <input_file_ref idref="fl-ca"/>
      </object_component>
      <object_component id="oc-12b">
         <name>.debug_line</name>
         <load_address>0x2438</load_address>
         <run_address>0x2438</run_address>
         <size>0x92</size>
         <input_file_ref idref="fl-ca"/>
      </object_component>
      <object_component id="oc-1b9">
         <name>.debug_line</name>
         <load_address>0x24ca</load_address>
         <run_address>0x24ca</run_address>
         <size>0x20</size>
         <input_file_ref idref="fl-cb"/>
      </object_component>
      <object_component id="oc-13">
         <name>.debug_line</name>
         <load_address>0x24ea</load_address>
         <run_address>0x24ea</run_address>
         <size>0xa9</size>
         <input_file_ref idref="fl-cb"/>
      </object_component>
      <object_component id="oc-37">
         <name>.debug_line</name>
         <load_address>0x2593</load_address>
         <run_address>0x2593</run_address>
         <size>0x3a</size>
         <input_file_ref idref="fl-cb"/>
      </object_component>
      <object_component id="oc-1b6">
         <name>.debug_line</name>
         <load_address>0x25cd</load_address>
         <run_address>0x25cd</run_address>
         <size>0x9a</size>
         <input_file_ref idref="fl-cb"/>
      </object_component>
      <object_component id="oc-124">
         <name>.debug_line</name>
         <load_address>0x2667</load_address>
         <run_address>0x2667</run_address>
         <size>0x96</size>
         <input_file_ref idref="fl-cb"/>
      </object_component>
      <object_component id="oc-6f">
         <name>.debug_line</name>
         <load_address>0x26fd</load_address>
         <run_address>0x26fd</run_address>
         <size>0x33</size>
         <input_file_ref idref="fl-cc"/>
      </object_component>
      <object_component id="oc-5d">
         <name>.debug_line</name>
         <load_address>0x2730</load_address>
         <run_address>0x2730</run_address>
         <size>0x45</size>
         <input_file_ref idref="fl-cc"/>
      </object_component>
      <object_component id="oc-221">
         <name>.debug_line</name>
         <load_address>0x2775</load_address>
         <run_address>0x2775</run_address>
         <size>0x37</size>
         <input_file_ref idref="fl-cd"/>
      </object_component>
      <object_component id="oc-42">
         <name>.debug_line</name>
         <load_address>0x27ac</load_address>
         <run_address>0x27ac</run_address>
         <size>0x88</size>
         <input_file_ref idref="fl-cf"/>
      </object_component>
      <object_component id="oc-267">
         <name>.debug_line</name>
         <load_address>0x2834</load_address>
         <run_address>0x2834</run_address>
         <size>0xbf</size>
         <input_file_ref idref="fl-d0"/>
      </object_component>
      <object_component id="oc-1d3">
         <name>.debug_line</name>
         <load_address>0x28f3</load_address>
         <run_address>0x28f3</run_address>
         <size>0x6f</size>
         <input_file_ref idref="fl-d0"/>
      </object_component>
      <object_component id="oc-26b">
         <name>.debug_line</name>
         <load_address>0x2962</load_address>
         <run_address>0x2962</run_address>
         <size>0x2e</size>
         <input_file_ref idref="fl-d0"/>
      </object_component>
      <object_component id="oc-27f">
         <name>.debug_line</name>
         <load_address>0x2990</load_address>
         <run_address>0x2990</run_address>
         <size>0x9a</size>
         <input_file_ref idref="fl-d0"/>
      </object_component>
      <object_component id="oc-270">
         <name>.debug_line</name>
         <load_address>0x2a2a</load_address>
         <run_address>0x2a2a</run_address>
         <size>0x97</size>
         <input_file_ref idref="fl-d0"/>
      </object_component>
      <object_component id="oc-275">
         <name>.debug_line</name>
         <load_address>0x2ac1</load_address>
         <run_address>0x2ac1</run_address>
         <size>0x93</size>
         <input_file_ref idref="fl-d0"/>
      </object_component>
      <object_component id="oc-140">
         <name>.debug_line</name>
         <load_address>0x2b54</load_address>
         <run_address>0x2b54</run_address>
         <size>0x40</size>
         <input_file_ref idref="fl-d1"/>
      </object_component>
      <object_component id="oc-1c7">
         <name>.debug_line</name>
         <load_address>0x2b94</load_address>
         <run_address>0x2b94</run_address>
         <size>0x3c</size>
         <input_file_ref idref="fl-d3"/>
      </object_component>
      <object_component id="oc-22a">
         <name>.debug_line</name>
         <load_address>0x2bd0</load_address>
         <run_address>0x2bd0</run_address>
         <size>0x81</size>
         <input_file_ref idref="fl-d6"/>
      </object_component>
      <object_component id="oc-236">
         <name>.debug_line</name>
         <load_address>0x2c51</load_address>
         <run_address>0x2c51</run_address>
         <size>0x80</size>
         <input_file_ref idref="fl-d6"/>
      </object_component>
      <object_component id="oc-e7">
         <name>.debug_line</name>
         <load_address>0x2cd1</load_address>
         <run_address>0x2cd1</run_address>
         <size>0xad</size>
         <input_file_ref idref="fl-d6"/>
      </object_component>
      <object_component id="oc-e2">
         <name>.debug_line</name>
         <load_address>0x2d7e</load_address>
         <run_address>0x2d7e</run_address>
         <size>0x119</size>
         <input_file_ref idref="fl-d6"/>
      </object_component>
      <object_component id="oc-f1">
         <name>.debug_line</name>
         <load_address>0x2e97</load_address>
         <run_address>0x2e97</run_address>
         <size>0x111</size>
         <input_file_ref idref="fl-d6"/>
      </object_component>
      <object_component id="oc-fc">
         <name>.debug_line</name>
         <load_address>0x2fa8</load_address>
         <run_address>0x2fa8</run_address>
         <size>0xab</size>
         <input_file_ref idref="fl-d6"/>
      </object_component>
      <object_component id="oc-f6">
         <name>.debug_line</name>
         <load_address>0x3053</load_address>
         <run_address>0x3053</run_address>
         <size>0xab</size>
         <input_file_ref idref="fl-d6"/>
      </object_component>
      <object_component id="oc-19c">
         <name>.debug_line</name>
         <load_address>0x30fe</load_address>
         <run_address>0x30fe</run_address>
         <size>0x18b</size>
         <input_file_ref idref="fl-d6"/>
      </object_component>
      <object_component id="oc-22e">
         <name>.debug_line</name>
         <load_address>0x3289</load_address>
         <run_address>0x3289</run_address>
         <size>0x81</size>
         <input_file_ref idref="fl-d6"/>
      </object_component>
      <object_component id="oc-233">
         <name>.debug_line</name>
         <load_address>0x330a</load_address>
         <run_address>0x330a</run_address>
         <size>0x80</size>
         <input_file_ref idref="fl-d6"/>
      </object_component>
      <object_component id="oc-dc">
         <name>.debug_line</name>
         <load_address>0x338a</load_address>
         <run_address>0x338a</run_address>
         <size>0xd0</size>
         <input_file_ref idref="fl-d7"/>
      </object_component>
      <object_component id="oc-d2">
         <name>.debug_line</name>
         <load_address>0x345a</load_address>
         <run_address>0x345a</run_address>
         <size>0xbe</size>
         <input_file_ref idref="fl-d8"/>
      </object_component>
      <object_component id="oc-d7">
         <name>.debug_line</name>
         <load_address>0x3518</load_address>
         <run_address>0x3518</run_address>
         <size>0x92</size>
         <input_file_ref idref="fl-d9"/>
      </object_component>
      <object_component id="oc-7c">
         <name>.debug_frame</name>
         <load_address>0x0</load_address>
         <run_address>0x0</run_address>
         <size>0x5c</size>
         <input_file_ref idref="fl-2"/>
      </object_component>
      <object_component id="oc-83">
         <name>.debug_frame</name>
         <load_address>0x5c</load_address>
         <run_address>0x5c</run_address>
         <size>0x5c</size>
         <input_file_ref idref="fl-2"/>
      </object_component>
      <object_component id="oc-8a">
         <name>.debug_frame</name>
         <load_address>0xb8</load_address>
         <run_address>0xb8</run_address>
         <size>0x5c</size>
         <input_file_ref idref="fl-2"/>
      </object_component>
      <object_component id="oc-2f">
         <name>.debug_frame</name>
         <load_address>0x114</load_address>
         <run_address>0x114</run_address>
         <size>0x3e0</size>
         <input_file_ref idref="fl-2"/>
      </object_component>
      <object_component id="oc-29">
         <name>.debug_frame</name>
         <load_address>0x4f4</load_address>
         <run_address>0x4f4</run_address>
         <size>0x90</size>
         <input_file_ref idref="fl-3"/>
      </object_component>
      <object_component id="oc-ca">
         <name>.debug_frame</name>
         <load_address>0x584</load_address>
         <run_address>0x584</run_address>
         <size>0x104</size>
         <input_file_ref idref="fl-4"/>
      </object_component>
      <object_component id="oc-163">
         <name>.debug_frame</name>
         <load_address>0x8e4</load_address>
         <run_address>0x8e4</run_address>
         <size>0x7f</size>
         <input_file_ref idref="fl-d"/>
      </object_component>
      <object_component id="oc-169">
         <name>.debug_frame</name>
         <load_address>0x963</load_address>
         <run_address>0x963</run_address>
         <size>0x8f</size>
         <input_file_ref idref="fl-d"/>
      </object_component>
      <object_component id="oc-c1">
         <name>.debug_frame</name>
         <load_address>0x9f2</load_address>
         <run_address>0x9f2</run_address>
         <size>0x86</size>
         <input_file_ref idref="fl-d"/>
      </object_component>
      <object_component id="oc-a9">
         <name>.debug_frame</name>
         <load_address>0xa78</load_address>
         <run_address>0xa78</run_address>
         <size>0x86</size>
         <input_file_ref idref="fl-d"/>
      </object_component>
      <object_component id="oc-af">
         <name>.debug_frame</name>
         <load_address>0xafe</load_address>
         <run_address>0xafe</run_address>
         <size>0x86</size>
         <input_file_ref idref="fl-d"/>
      </object_component>
      <object_component id="oc-a3">
         <name>.debug_frame</name>
         <load_address>0xb84</load_address>
         <run_address>0xb84</run_address>
         <size>0x86</size>
         <input_file_ref idref="fl-d"/>
      </object_component>
      <object_component id="oc-175">
         <name>.debug_frame</name>
         <load_address>0xc0a</load_address>
         <run_address>0xc0a</run_address>
         <size>0x7f</size>
         <input_file_ref idref="fl-e"/>
      </object_component>
      <object_component id="oc-bb">
         <name>.debug_frame</name>
         <load_address>0xc89</load_address>
         <run_address>0xc89</run_address>
         <size>0x8a</size>
         <input_file_ref idref="fl-e"/>
      </object_component>
      <object_component id="oc-76">
         <name>.debug_frame</name>
         <load_address>0xd13</load_address>
         <run_address>0xd13</run_address>
         <size>0x7f</size>
         <input_file_ref idref="fl-f"/>
      </object_component>
      <object_component id="oc-9d">
         <name>.debug_frame</name>
         <load_address>0xd92</load_address>
         <run_address>0xd92</run_address>
         <size>0x85</size>
         <input_file_ref idref="fl-10"/>
      </object_component>
      <object_component id="oc-97">
         <name>.debug_frame</name>
         <load_address>0xe17</load_address>
         <run_address>0xe17</run_address>
         <size>0x7f</size>
         <input_file_ref idref="fl-10"/>
      </object_component>
      <object_component id="oc-91">
         <name>.debug_frame</name>
         <load_address>0xe96</load_address>
         <run_address>0xe96</run_address>
         <size>0x93</size>
         <input_file_ref idref="fl-10"/>
      </object_component>
      <object_component id="oc-b5">
         <name>.debug_frame</name>
         <load_address>0xf29</load_address>
         <run_address>0xf29</run_address>
         <size>0x8e</size>
         <input_file_ref idref="fl-10"/>
      </object_component>
      <object_component id="oc-c6">
         <name>.debug_frame</name>
         <load_address>0xfb7</load_address>
         <run_address>0xfb7</run_address>
         <size>0x7f</size>
         <input_file_ref idref="fl-11"/>
      </object_component>
      <object_component id="oc-4e">
         <name>.debug_frame</name>
         <load_address>0x688</load_address>
         <run_address>0x688</run_address>
         <size>0x54</size>
         <input_file_ref idref="fl-c9"/>
      </object_component>
      <object_component id="oc-1c">
         <name>.debug_frame</name>
         <load_address>0x6dc</load_address>
         <run_address>0x6dc</run_address>
         <size>0x54</size>
         <input_file_ref idref="fl-ca"/>
      </object_component>
      <object_component id="oc-15">
         <name>.debug_frame</name>
         <load_address>0x730</load_address>
         <run_address>0x730</run_address>
         <size>0x60</size>
         <input_file_ref idref="fl-cb"/>
      </object_component>
      <object_component id="oc-61">
         <name>.debug_frame</name>
         <load_address>0x790</load_address>
         <run_address>0x790</run_address>
         <size>0x50</size>
         <input_file_ref idref="fl-cc"/>
      </object_component>
      <object_component id="oc-1d4">
         <name>.debug_frame</name>
         <load_address>0x7e0</load_address>
         <run_address>0x7e0</run_address>
         <size>0x5c</size>
         <input_file_ref idref="fl-d0"/>
      </object_component>
      <object_component id="oc-141">
         <name>.debug_frame</name>
         <load_address>0x83c</load_address>
         <run_address>0x83c</run_address>
         <size>0x54</size>
         <input_file_ref idref="fl-d1"/>
      </object_component>
      <object_component id="oc-1c8">
         <name>.debug_frame</name>
         <load_address>0x890</load_address>
         <run_address>0x890</run_address>
         <size>0x54</size>
         <input_file_ref idref="fl-d3"/>
      </object_component>
      <object_component id="oc-e8">
         <name>.debug_frame</name>
         <load_address>0x1036</load_address>
         <run_address>0x1036</run_address>
         <size>0x8e</size>
         <input_file_ref idref="fl-d6"/>
      </object_component>
      <object_component id="oc-e1">
         <name>.debug_frame</name>
         <load_address>0x10c4</load_address>
         <run_address>0x10c4</run_address>
         <size>0x92</size>
         <input_file_ref idref="fl-d6"/>
      </object_component>
      <object_component id="oc-f0">
         <name>.debug_frame</name>
         <load_address>0x1156</load_address>
         <run_address>0x1156</run_address>
         <size>0x8e</size>
         <input_file_ref idref="fl-d6"/>
      </object_component>
      <object_component id="oc-fd">
         <name>.debug_frame</name>
         <load_address>0x11e4</load_address>
         <run_address>0x11e4</run_address>
         <size>0x8a</size>
         <input_file_ref idref="fl-d6"/>
      </object_component>
      <object_component id="oc-f7">
         <name>.debug_frame</name>
         <load_address>0x126e</load_address>
         <run_address>0x126e</run_address>
         <size>0x8a</size>
         <input_file_ref idref="fl-d6"/>
      </object_component>
      <object_component id="oc-19d">
         <name>.debug_frame</name>
         <load_address>0x12f8</load_address>
         <run_address>0x12f8</run_address>
         <size>0x91</size>
         <input_file_ref idref="fl-d6"/>
      </object_component>
      <object_component id="oc-1a1">
         <name>.debug_abbrev</name>
         <load_address>0x0</load_address>
         <run_address>0x0</run_address>
         <size>0x141</size>
         <input_file_ref idref="fl-2"/>
      </object_component>
      <object_component id="oc-7a">
         <name>.debug_abbrev</name>
         <load_address>0x141</load_address>
         <run_address>0x141</run_address>
         <size>0x7c</size>
         <input_file_ref idref="fl-2"/>
      </object_component>
      <object_component id="oc-82">
         <name>.debug_abbrev</name>
         <load_address>0x1bd</load_address>
         <run_address>0x1bd</run_address>
         <size>0x7c</size>
         <input_file_ref idref="fl-2"/>
      </object_component>
      <object_component id="oc-88">
         <name>.debug_abbrev</name>
         <load_address>0x239</load_address>
         <run_address>0x239</run_address>
         <size>0x7c</size>
         <input_file_ref idref="fl-2"/>
      </object_component>
      <object_component id="oc-100">
         <name>.debug_abbrev</name>
         <load_address>0x2b5</load_address>
         <run_address>0x2b5</run_address>
         <size>0x13f</size>
         <input_file_ref idref="fl-2"/>
      </object_component>
      <object_component id="oc-1a5">
         <name>.debug_abbrev</name>
         <load_address>0x3f4</load_address>
         <run_address>0x3f4</run_address>
         <size>0x9f</size>
         <input_file_ref idref="fl-2"/>
      </object_component>
      <object_component id="oc-112">
         <name>.debug_abbrev</name>
         <load_address>0x493</load_address>
         <run_address>0x493</run_address>
         <size>0x6e</size>
         <input_file_ref idref="fl-2"/>
      </object_component>
      <object_component id="oc-11e">
         <name>.debug_abbrev</name>
         <load_address>0x501</load_address>
         <run_address>0x501</run_address>
         <size>0x69</size>
         <input_file_ref idref="fl-2"/>
      </object_component>
      <object_component id="oc-103">
         <name>.debug_abbrev</name>
         <load_address>0x56a</load_address>
         <run_address>0x56a</run_address>
         <size>0x1f</size>
         <input_file_ref idref="fl-2"/>
      </object_component>
      <object_component id="oc-1b0">
         <name>.debug_abbrev</name>
         <load_address>0x589</load_address>
         <run_address>0x589</run_address>
         <size>0x5c</size>
         <input_file_ref idref="fl-2"/>
      </object_component>
      <object_component id="oc-10d">
         <name>.debug_abbrev</name>
         <load_address>0x5e5</load_address>
         <run_address>0x5e5</run_address>
         <size>0x24</size>
         <input_file_ref idref="fl-2"/>
      </object_component>
      <object_component id="oc-117">
         <name>.debug_abbrev</name>
         <load_address>0x609</load_address>
         <run_address>0x609</run_address>
         <size>0x24</size>
         <input_file_ref idref="fl-2"/>
      </object_component>
      <object_component id="oc-108">
         <name>.debug_abbrev</name>
         <load_address>0x62d</load_address>
         <run_address>0x62d</run_address>
         <size>0x24</size>
         <input_file_ref idref="fl-2"/>
      </object_component>
      <object_component id="oc-190">
         <name>.debug_abbrev</name>
         <load_address>0x651</load_address>
         <run_address>0x651</run_address>
         <size>0x24</size>
         <input_file_ref idref="fl-2"/>
      </object_component>
      <object_component id="oc-11a">
         <name>.debug_abbrev</name>
         <load_address>0x675</load_address>
[...]
         <name>.debug_pubtypes</name>
         <load_address>0x0</load_address>
         <run_address>0x0</run_address>
         <size>0x10b4</size>
         <contents>
            <object_component_ref idref="oc-1a4"/>
            <object_component_ref idref="oc-111"/>
            <object_component_ref idref="oc-11d"/>
            <object_component_ref idref="oc-102"/>
            <object_component_ref idref="oc-1af"/>
            <object_component_ref idref="oc-10c"/>
            <object_component_ref idref="oc-116"/>
            <object_component_ref idref="oc-107"/>
            <object_component_ref idref="oc-18f"/>
            <object_component_ref idref="oc-3a"/>
            <object_component_ref idref="oc-150"/>
            <object_component_ref idref="oc-206"/>
            <object_component_ref idref="oc-131"/>
            <object_component_ref idref="oc-1bb"/>
            <object_component_ref idref="oc-45"/>
            <object_component_ref idref="oc-129"/>
            <object_component_ref idref="oc-35"/>
            <object_component_ref idref="oc-1b4"/>
            <object_component_ref idref="oc-122"/>
            <object_component_ref idref="oc-269"/>
            <object_component_ref idref="oc-27d"/>
            <object_component_ref idref="oc-26e"/>
            <object_component_ref idref="oc-273"/>
            <object_component_ref idref="oc-22c"/>
            <object_component_ref idref="oc-231"/>
         </contents>
      </logical_group>
      <load_segment id="lg-2bb" display="no" color="cyan">
         <name>SEGMENT_0</name>
         <load_address>0x0</load_address>
         <run_address>0x0</run_address>
         <size>0x3910</size>
         <flags>0x5</flags>
         <contents>
            <logical_group_ref idref="lg-3"/>
            <logical_group_ref idref="lg-4"/>
            <logical_group_ref idref="lg-5"/>
            <logical_group_ref idref="lg-6"/>
         </contents>
      </load_segment>
      <load_segment id="lg-2bc" display="no" color="cyan">
         <name>SEGMENT_1</name>
         <run_address>0x20000000</run_address>
         <size>0x32d</size>
         <flags>0x6</flags>
         <contents>
            <logical_group_ref idref="lg-d"/>
            <logical_group_ref idref="lg-b"/>
            <logical_group_ref idref="lg-a"/>
         </contents>
      </load_segment>
   </logical_group_list>
   <placement_map>
      <memory_area display="yes" color="green">
         <name>FLASH</name>
         <page_id>0x0</page_id>
         <origin>0x0</origin>
         <length>0x40000</length>
         <used_space>0x390a</used_space>
         <unused_space>0x3c6f6</unused_space>
         <attributes>RX</attributes>
         <usage_details>
            <allocated_space>
               <start_address>0x0</start_address>
               <size>0x26c</size>
               <logical_group_ref idref="lg-3"/>
            </allocated_space>
            <allocated_space>
               <start_address>0x26c</start_address>
               <size>0x3522</size>
               <logical_group_ref idref="lg-4"/>
            </allocated_space>
            <available_space>
               <start_address>0x378e</start_address>
               <size>0x2</size>
            </available_space>
            <allocated_space>
               <start_address>0x3790</start_address>
               <size>0x14c</size>
               <logical_group_ref idref="lg-5"/>
            </allocated_space>
            <available_space>
               <start_address>0x38dc</start_address>
               <size>0x4</size>
            </available_space>
            <allocated_space>
               <start_address>0x38e0</start_address>
               <size>0x30</size>
               <logical_group_ref idref="lg-6"/>
            </allocated_space>
            <available_space>
               <start_address>0x3910</start_address>
               <size>0x3c6f0</size>
            </available_space>
         </usage_details>
      </memory_area>
      <memory_area display="yes" color="green">
         <name>SRAM</name>
         <page_id>0x0</page_id>
         <origin>0x20000000</origin>
         <length>0x8000</length>
         <used_space>0x32a</used_space>
         <unused_space>0x7cd6</unused_space>
         <attributes>RWX</attributes>
         <usage_details>
            <allocated_space>
               <start_address>0x20000000</start_address>
               <size>0x200</size>
               <logical_group_ref idref="lg-d"/>
            </allocated_space>
            <allocated_space>
               <start_address>0x20000200</start_address>
               <size>0x125</size>
               <logical_group_ref idref="lg-b"/>
            </allocated_space>
            <available_space>
               <start_address>0x20000325</start_address>
               <size>0x3</size>
            </available_space>
            <allocated_space>
               <start_address>0x20000328</start_address>
               <size>0x5</size>
               <logical_group_ref idref="lg-a"/>
            </allocated_space>
            <available_space>
               <start_address>0x2000032d</start_address>
               <size>0x7cd3</size>
            </available_space>
         </usage_details>
      </memory_area>
   </placement_map>
   <cptbl_list>
      <cptbl>
         <name>__TI_cinit_table</name>
         <cprec>
            <name>.bss</name>
            <load_address>0x38f0</load_address>
            <load_size>0x8</load_size>
            <run_address>0x20000200</run_address>
            <run_size>0x125</run_size>
            <compression>zero_init</compression>
         </cprec>
         <cprec>
            <name>.data</name>
            <load_address>0x38f8</load_address>
            <load_size>0x7</load_size>
            <run_address>0x20000328</run_address>
            <run_size>0x5</run_size>
            <compression>lzss</compression>
         </cprec>
      </cptbl>
   </cptbl_list>
   <handler_table>
      <handler_table_name>__TI_handler_table</handler_table_name>
      <handler>
         <index>0x0</index>
         <name>__TI_decompress_lzss</name>
      </handler>
      <handler>
         <index>0x1</index>
         <name>__TI_decompress_none</name>
      </handler>
      <handler>
         <index>0x2</index>
         <name>__TI_zero_init</name>
      </handler>
   </handler_table>
   <symbol_table>
      <symbol id="sm-1">
         <name>__STACK_TOP</name>
         <value>0x20000200</value>
      </symbol>
      <symbol id="sm-2">
         <name>__TI_CINIT_Base</name>
         <value>0x3900</value>
      </symbol>
      <symbol id="sm-3">
         <name>__TI_CINIT_Limit</name>
         <value>0x3910</value>
      </symbol>
      <symbol id="sm-4">
         <name>__TI_Handler_Table_Base</name>
         <value>0x38e0</value>
      </symbol>
      <symbol id="sm-5">
         <name>__TI_Handler_Table_Limit</name>
         <value>0x38ec</value>
      </symbol>
      <symbol id="sm-6">
         <name>binit</name>
         <value>0xffffffff</value>
      </symbol>
      <symbol id="sm-7">
         <name>__binit__</name>
         <value>0xffffffff</value>
      </symbol>
      <symbol id="sm-8">
         <name>__STACK_SIZE</name>
         <value>0x200</value>
      </symbol>
      <symbol id="sm-9">
         <name>__STACK_END</name>
         <value>0x20000200</value>
      </symbol>
      <symbol id="sm-a">
         <name>__c_args__</name>
         <value>0xffffffff</value>
      </symbol>
      <symbol id="sm-b">
         <name>__TI_pprof_out_hndl</name>
         <value>0xffffffff</value>
      </symbol>
      <symbol id="sm-c">
         <name>__TI_prof_data_start</name>
         <value>0xffffffff</value>
      </symbol>
      <symbol id="sm-d">
         <name>__TI_prof_data_size</name>
         <value>0xffffffff</value>
      </symbol>
      <symbol id="sm-144">
         <name>g_bMPU6050Done</name>
         <value>0x20000324</value>
      </symbol>
      <symbol id="sm-145">
         <name>g_sI2CMSimpleInst</name>
         <value>0x20000200</value>
      </symbol>
      <symbol id="sm-146">
         <name>MPU6050Example</name>
         <value>0x11c9</value>
         <object_component_ref idref="oc-2a"/>
      </symbol>
      <symbol id="sm-147">
         <name>I2CMWrite8</name>
         <value>0xd3d</value>
         <object_component_ref idref="oc-2a"/>
      </symbol>
      <symbol id="sm-148">
         <name>Complementary_Filter</name>
         <value>0xffd</value>
         <object_component_ref idref="oc-2a"/>
      </symbol>
      <symbol id="sm-149">
         <name>I2CMRead16BE</name>
         <value>0xe09</value>
         <object_component_ref idref="oc-2a"/>
      </symbol>
      <symbol id="sm-14a">
         <name>I2CMWrite16BE</name>
         <value>0xecf</value>
         <object_component_ref idref="oc-2a"/>
      </symbol>
      <symbol id="sm-14b">
         <name>I2CMCommand</name>
         <value>0x923</value>
         <object_component_ref idref="oc-2a"/>
      </symbol>
      <symbol id="sm-14c">
         <name>MPU6050Callback</name>
         <value>0x117f</value>
         <object_component_ref idref="oc-2a"/>
      </symbol>
      <symbol id="sm-14d">
         <name>I2CMReadModifyWrite16LE</name>
         <value>0xc2d</value>
         <object_component_ref idref="oc-2a"/>
      </symbol>
      <symbol id="sm-14e">
         <name>I2CMWrite</name>
         <value>0x35e7</value>
         <object_component_ref idref="oc-77"/>
      </symbol>
      <symbol id="sm-14f">
         <name>main</name>
         <value>0xf39</value>
         <object_component_ref idref="oc-2a"/>
      </symbol>
      <symbol id="sm-150">
         <name>I2CMInit</name>
         <value>0x8bb</value>
         <object_component_ref idref="oc-2a"/>
      </symbol>
      <symbol id="sm-151">
         <name>I2CMReadModifyWrite8</name>
         <value>0xadd</value>
         <object_component_ref idref="oc-2a"/>
      </symbol>
      <symbol id="sm-152">
         <name>InitI2C0</name>
         <value>0xf51</value>
         <object_component_ref idref="oc-2a"/>
      </symbol>
      <symbol id="sm-153">
         <name>I2CMWriteBatched</name>
         <value>0x361d</value>
         <object_component_ref idref="oc-85"/>
      </symbol>
      <symbol id="sm-154">
         <name>I2CMRead</name>
         <value>0x35b1</value>
         <object_component_ref idref="oc-7e"/>
      </symbol>
      <symbol id="sm-155">
         <name>I2CIntHandler</name>
         <value>0xfe9</value>
         <object_component_ref idref="oc-2a"/>
      </symbol>
      <symbol id="sm-156">
         <name>ConfigUART</name>
         <value>0xfad</value>
         <object_component_ref idref="oc-2a"/>
      </symbol>
      <symbol id="sm-157">
         <name>I2CMTransferResume</name>
         <value>0xa07</value>
         <object_component_ref idref="oc-2a"/>
      </symbol>
      <symbol id="sm-158">
         <name>I2CMIntHandler</name>
         <value>0x78f</value>
         <object_component_ref idref="oc-2a"/>
      </symbol>
      <symbol id="sm-179">
         <name>ResetISR</name>
         <value>0x3765</value>
         <object_component_ref idref="oc-24"/>
      </symbol>
      <symbol id="sm-17a">
         <name>g_pfnVectors</name>
         <value>0x0</value>
         <object_component_ref idref="oc-f"/>
      </symbol>
      <symbol id="sm-1eb">
         <name>UARTgetc</name>
         <value>0x2879</value>
         <object_component_ref idref="oc-c8"/>
      </symbol>
      <symbol id="sm-1ec">
         <name>UARTgets</name>
         <value>0x27b3</value>
         <object_component_ref idref="oc-c8"/>
      </symbol>
      <symbol id="sm-1ed">
         <name>UARTStdioConfig</name>
         <value>0x2701</value>
         <object_component_ref idref="oc-c8"/>
      </symbol>
      <symbol id="sm-1ee">
         <name>UARTwrite</name>
         <value>0x2761</value>
         <object_component_ref idref="oc-c8"/>
      </symbol>
      <symbol id="sm-1ef">
         <name>UARTprintf</name>
         <value>0x2ba7</value>
         <object_component_ref idref="oc-c8"/>
      </symbol>
      <symbol id="sm-1f0">
         <name>UARTvprintf</name>
         <value>0x28ad</value>
         <object_component_ref idref="oc-c8"/>
      </symbol>
      <symbol id="sm-237">
         <name>GPIOPinConfigure</name>
         <value>0x34e5</value>
         <object_component_ref idref="oc-9e"/>
      </symbol>
      <symbol id="sm-238">
         <name>GPIOPinTypeI2CSCL</name>
         <value>0x3715</value>
         <object_component_ref idref="oc-a4"/>
      </symbol>
      <symbol id="sm-239">
         <name>GPIOPinTypeI2C</name>
         <value>0x3703</value>
         <object_component_ref idref="oc-aa"/>
      </symbol>
      <symbol id="sm-23a">
         <name>GPIOPinTypeUART</name>
         <value>0x3727</value>
         <object_component_ref idref="oc-bc"/>
      </symbol>
      <symbol id="sm-23b">
         <name>GPIODirModeSet</name>
         <value>0x36bd</value>
         <object_component_ref idref="oc-15e"/>
      </symbol>
      <symbol id="sm-23c">
         <name>GPIOPadConfigSet</name>
         <value>0x2bdd</value>
         <object_component_ref idref="oc-164"/>
      </symbol>
      <symbol id="sm-255">
         <name>I2CMasterInitExpClk</name>
         <value>0x344d</value>
         <object_component_ref idref="oc-b6"/>
      </symbol>
      <symbol id="sm-256">
         <name>I2CMasterEnable</name>
         <value>0x3771</value>
         <object_component_ref idref="oc-170"/>
      </symbol>
      <symbol id="sm-265">
         <name>IntTrigger</name>
         <value>0x3759</value>
         <object_component_ref idref="oc-71"/>
      </symbol>
      <symbol id="sm-2c3">
         <name>SysCtlClockSet</name>
         <value>0x2e21</value>
         <object_component_ref idref="oc-8c"/>
      </symbol>
      <symbol id="sm-2c4">
         <name>SysCtlDelay</name>
         <value>0x377b</value>
         <object_component_ref idref="oc-fe"/>
      </symbol>
      <symbol id="sm-2c5">
         <name>SysCtlPeripheralEnable</name>
         <value>0x3655</value>
         <object_component_ref idref="oc-92"/>
      </symbol>
      <symbol id="sm-2c6">
         <name>SysCtlClockGet</name>
         <value>0x2d11</value>
         <object_component_ref idref="oc-b0"/>
      </symbol>
      <symbol id="sm-2c7">
         <name>SysCtlPeripheralReset</name>
         <value>0x33fd</value>
         <object_component_ref idref="oc-98"/>
      </symbol>
      <symbol id="sm-2d4">
         <name>UARTClockSourceSet</name>
         <value>0x3781</value>
         <object_component_ref idref="oc-c2"/>
      </symbol>
      <symbol id="sm-2e4">
         <name>__aeabi_uidivmod</name>
         <value>0x3571</value>
         <object_component_ref idref="oc-184"/>
      </symbol>
      <symbol id="sm-2e5">
         <name>__aeabi_uidiv</name>
         <value>0x3571</value>
         <object_component_ref idref="oc-184"/>
      </symbol>
      <symbol id="sm-2fe">
         <name>__TI_zero_init_nomemset</name>
         <value>0x36e7</value>
         <object_component_ref idref="oc-4a"/>
      </symbol>
      <symbol id="sm-315">
         <name>__TI_decompress_none</name>
         <value>0x3749</value>
         <object_component_ref idref="oc-18"/>
      </symbol>
      <symbol id="sm-338">
         <name>__TI_decompress_lzss</name>
         <value>0x32e5</value>
         <object_component_ref idref="oc-12"/>
      </symbol>
      <symbol id="sm-34b">
         <name>__stack</name>
         <value>0x20000000</value>
         <object_component_ref idref="oc-21"/>
      </symbol>
      <symbol id="sm-34c">
         <name>_c_int00_noargs</name>
         <value>0x3689</value>
         <object_component_ref idref="oc-5c"/>
      </symbol>
      <symbol id="sm-356">
         <name>__aeabi_idiv0</name>
         <value>0x2d0f</value>
         <object_component_ref idref="oc-21d"/>
      </symbol>
      <symbol id="sm-357">
         <name>__aeabi_ldiv0</name>
         <value>0x2d0f</value>
         <object_component_ref idref="oc-21d"/>
      </symbol>
      <symbol id="sm-373">
         <name>memcpy</name>
         <value>0x30d9</value>
         <object_component_ref idref="oc-3e"/>
      </symbol>
      <symbol id="sm-374">
         <name>__aeabi_memcpy</name>
         <value>0x30d9</value>
         <object_component_ref idref="oc-3e"/>
      </symbol>
      <symbol id="sm-375">
         <name>__aeabi_memcpy8</name>
         <value>0x30d9</value>
         <object_component_ref idref="oc-3e"/>
      </symbol>
      <symbol id="sm-376">
         <name>__aeabi_memcpy4</name>
         <value>0x30d9</value>
         <object_component_ref idref="oc-3e"/>
      </symbol>
      <symbol id="sm-39e">
         <name>__TI_auto_init_nobinit_nopinit</name>
         <value>0x352d</value>
         <object_component_ref idref="oc-1cf"/>
      </symbol>
      <symbol id="sm-3a8">
         <name>_system_pre_init</name>
         <value>0x3787</value>
         <object_component_ref idref="oc-13c"/>
      </symbol>
      <symbol id="sm-3b4">
         <name>C$$EXIT</name>
         <value>0x378b</value>
         <object_component_ref idref="oc-1c3"/>
      </symbol>
      <symbol id="sm-3b5">
         <name>abort</name>
         <value>0x378b</value>
         <object_component_ref idref="oc-1c3"/>
      </symbol>
      <symbol id="sm-41f">
         <name>MPU6050DataGyroGetFloat</name>
         <value>0x3275</value>
         <object_component_ref idref="oc-f8"/>
      </symbol>
      <symbol id="sm-420">
         <name>MPU6050DataAccelGetFloat</name>
         <value>0x3205</value>
         <object_component_ref idref="oc-f2"/>
      </symbol>
      <symbol id="sm-421">
         <name>MPU6050DataRead</name>
         <value>0x33a9</value>
         <object_component_ref idref="oc-ec"/>
      </symbol>
      <symbol id="sm-422">
         <name>MPU6050Init</name>
         <value>0x334d</value>
         <object_component_ref idref="oc-dd"/>
      </symbol>
      <symbol id="sm-423">
         <name>MPU6050ReadModifyWrite</name>
         <value>0x3499</value>
         <object_component_ref idref="oc-e3"/>
      </symbol>
      <symbol id="sm-432">
         <name>_IQ16atan2</name>
         <value>0x3005</value>
         <object_component_ref idref="oc-d8"/>
      </symbol>
      <symbol id="sm-43d">
         <name>_IQ16div</name>
         <value>0x3175</value>
         <object_component_ref idref="oc-ce"/>
      </symbol>
      <symbol id="sm-446">
         <name>_IQ16mpy</name>
         <value>0x3739</value>
         <object_component_ref idref="oc-d3"/>
      </symbol>
      <symbol id="sm-44c">
         <name>atan2PU_table</name>
         <value>0x1300</value>
         <object_component_ref idref="oc-196"/>
      </symbol>
      <symbol id="sm-44d">
         <name>div_table</name>
         <value>0x1f00</value>
         <object_component_ref idref="oc-195"/>
      </symbol>
      <symbol id="sm-44e">
         <name>__TI_static_base__</name>
         <value>0x0</value>
      </symbol>
      <symbol id="sm-451">
         <name>__mpu_init</name>
         <value>0x0</value>
      </symbol>
      <symbol id="sm-452">
         <name>_system_post_cinit</name>
         <value>0x0</value>
      </symbol>
   </symbol_table>
   <title>Link successful</title>
</link_info>
