******************************************************************************
                  TI ARM Linker PC v18.12.2                    
******************************************************************************
>> Linked Sat Oct 26 22:25:01 2019

OUTPUT FILE NAME:   <Midterm.out>
ENTRY POINT SYMBOL: "_c_int00_noargs"  address: 00003689


MEMORY CONFIGURATION

         name            origin    length      used     unused   attr    fill
----------------------  --------  ---------  --------  --------  ----  --------
  FLASH                 00000000   00040000  0000390a  0003c6f6  R  X
  SRAM                  20000000   00008000  0000032a  00007cd6  RW X


SEGMENT ALLOCATION MAP

run origin  load origin   length   init length attrs members
----------  ----------- ---------- ----------- ----- -------
00000000    00000000    00003910   00003910    r-x
  00000000    00000000    0000026c   0000026c    r-- .intvecs
  0000026c    0000026c    00003522   00003522    r-x .text
  00003790    00003790    0000014c   0000014c    r-- .const
  000038e0    000038e0    00000030   00000030    r-- .cinit
20000000    20000000    0000032d   00000000    rw-
  20000000    20000000    00000200   00000000    rw- .stack
  20000200    20000200    00000125   00000000    rw- .bss
  20000328    20000328    00000005   00000000    rw- .data


SECTION ALLOCATION MAP

 output                                  attributes/
section   page    origin      length       input sections
--------  ----  ----------  ----------   ----------------
.intvecs   0    00000000    0000026c     
                  00000000    0000026c     tm4c123fh6pm_startup_ccs.obj (.intvecs)

.text      0    0000026c    00003522     
                  0000026c    00001094     main.obj (.text)
                  00001300    00000c00     IQmathLib.lib : IQtables.obj (.text:atan2PU_table)
                  00001f00    00000800                   : IQtables.obj (.text:div_table)
                  00002700    000004dc     uartstdio.obj (.text)
                  00002bdc    00000132     driverlib.lib : gpio.obj (.text:GPIOPadConfigSet)
                  00002d0e    00000002     rtsv7M4_T_le_v4SPD16_eabi.lib : div0.asm.obj (.text)
                  00002d10    00000110     driverlib.lib : sysctl.obj (.text:SysCtlClockGet)
                  00002e20    000000f4                   : sysctl.obj (.text:SysCtlClockSet)
                  00002f14    000000f0     sensorlib.lib : mpu6050.obj (.text:MPU6050Callback)
                  00003004    000000d4     IQmathLib.lib : IQNatan2.obj (.text:_IQ16atan2)
                  000030d8    0000009c     rtsv7M4_T_le_v4SPD16_eabi.lib : memcpy_t2.asm.obj (.text)
                  00003174    00000090     IQmathLib.lib : IQNdiv.obj (.text:_IQ16div)
                  00003204    00000070     sensorlib.lib : mpu6050.obj (.text:MPU6050DataAccelGetFloat)
                  00003274    00000070                   : mpu6050.obj (.text:MPU6050DataGyroGetFloat)
                  000032e4    00000068     rtsv7M4_T_le_v4SPD16_eabi.lib : copy_decompress_lzss.c.obj (.text:decompress:lzss:__TI_decompress_lzss)
                  0000334c    0000005c     sensorlib.lib : mpu6050.obj (.text:MPU6050Init)
                  000033a8    00000054                   : mpu6050.obj (.text:MPU6050DataRead)
                  000033fc    00000050     driverlib.lib : sysctl.obj (.text:SysCtlPeripheralReset)
                  0000344c    0000004c                   : i2c.obj (.text:I2CMasterInitExpClk)
                  00003498    0000004c     sensorlib.lib : mpu6050.obj (.text:MPU6050ReadModifyWrite)
                  000034e4    00000048     driverlib.lib : gpio.obj (.text:GPIOPinConfigure)
                  0000352c    00000044     rtsv7M4_T_le_v4SPD16_eabi.lib : autoinit.c.obj (.text:__TI_auto_init_nobinit_nopinit:__TI_auto_init_nobinit_nopinit)
                  00003570    00000040                                   : u_divt2.asm.obj (.text)
                  000035b0    00000036     main.obj (.text:I2CMRead)
                  000035e6    00000036     main.obj (.text:I2CMWrite)
                  0000361c    00000036     main.obj (.text:I2CMWriteBatched)
                  00003652    00000002     --HOLE-- [fill = 0]
                  00003654    00000034     driverlib.lib : sysctl.obj (.text:SysCtlPeripheralEnable)
                  00003688    00000034     rtsv7M4_T_le_v4SPD16_eabi.lib : boot_cortex_m.c.obj (.text:_c_int00_noargs:_c_int00_noargs)
                  000036bc    0000002a     driverlib.lib : gpio.obj (.text:GPIODirModeSet)
                  000036e6    0000001c     rtsv7M4_T_le_v4SPD16_eabi.lib : copy_zero_init.c.obj (.text:decompress:ZI:__TI_zero_init_nomemset:__TI_zero_init_nomemset)
                  00003702    00000012     driverlib.lib : gpio.obj (.text:GPIOPinTypeI2C)
                  00003714    00000012                   : gpio.obj (.text:GPIOPinTypeI2CSCL)
                  00003726    00000012                   : gpio.obj (.text:GPIOPinTypeUART)
                  00003738    00000010     IQmathLib.lib : IQNmpy.obj (.text:_IQ16mpy)
                  00003748    0000000e     rtsv7M4_T_le_v4SPD16_eabi.lib : copy_decompress_none.c.obj (.text:decompress:none:__TI_decompress_none)
                  00003756    00000002     --HOLE-- [fill = 0]
                  00003758    0000000c     driverlib.lib : interrupt.obj (.text:IntTrigger)
                  00003764    0000000c     tm4c123fh6pm_startup_ccs.obj (.text)
                  00003770    0000000a     driverlib.lib : i2c.obj (.text:I2CMasterEnable)
                  0000377a    00000006                   : sysctl.obj (.text:SysCtlDelay)
                  00003780    00000006                   : uart.obj (.text:UARTClockSourceSet)
                  00003786    00000004     rtsv7M4_T_le_v4SPD16_eabi.lib : pre_init.c.obj (.text:_system_pre_init)
                  0000378a    00000004                                   : exit.c.obj (.text:abort:abort)

.const     0    00003790    0000014c     
                  00003790    00000090     driverlib.lib : gpio.obj (.const:g_pui32GPIOBaseAddrs)
                  00003820    0000006c                   : sysctl.obj (.const:g_pui32Xtals)
                  0000388c    00000020     sensorlib.lib : mpu6050.obj (.const)
                  000038ac    00000012     uartstdio.obj (.const:.string)
                  000038be    00000002     --HOLE-- [fill = 0]
                  000038c0    0000000c     uartstdio.obj (.const:g_ui32UARTBase)
                  000038cc    0000000c     uartstdio.obj (.const:g_ui32UARTPeriph)
                  000038d8    00000004     uartstdio.obj (.const)

.cinit     0    000038e0    00000030     
                  000038e0    0000000c     (__TI_handler_table)
                  000038ec    00000004     --HOLE-- [fill = 0]
                  000038f0    00000008     (.cinit..bss.load) [load image, compression = zero_init]
                  000038f8    00000007     (.cinit..data.load) [load image, compression = lzss]
                  000038ff    00000001     --HOLE-- [fill = 0]
                  00003900    00000010     (__TI_cinit_table)

.init_array 
*          0    00000000    00000000     UNINITIALIZED

.bss       0    20000200    00000125     UNINITIALIZED
                  20000200    00000124     (.common:g_sI2CMSimpleInst)
                  20000324    00000001     (.common:g_bMPU6050Done)

.data      0    20000328    00000005     UNINITIALIZED
                  20000328    00000005     uartstdio.obj (.data)

.stack     0    20000000    00000200     UNINITIALIZED
                  20000000    00000004     rtsv7M4_T_le_v4SPD16_eabi.lib : boot_cortex_m.c.obj (.stack)
                  20000004    000001fc     --HOLE--

MODULE SUMMARY

       Module                         code   ro data   rw data
       ------                         ----   -------   -------
    .\
       main.obj                       4406   0         293    
       uartstdio.obj                  1244   46        5      
       tm4c123fh6pm_startup_ccs.obj   12     620       0      
    +--+------------------------------+------+---------+---------+
       Total:                         5662   666       298    
                                                              
    C:/ti/TivaWare_C_Series-2.1.4.178/IQmath/ccs/IQmathLib/Debug/IQmathLib.lib
       IQtables.obj                   0      5120      0      
       IQNatan2.obj                   212    0         0      
       IQNdiv.obj                     144    0         0      
       IQNmpy.obj                     16     0         0      
    +--+------------------------------+------+---------+---------+
       Total:                         372    5120      0      
                                                              
    C:/ti/TivaWare_C_Series-2.1.4.178/driverlib/ccs/Debug/driverlib.lib
       sysctl.obj                     654    108       0      
       gpio.obj                       474    144       0      
       i2c.obj                        86     0         0      
       interrupt.obj                  12     0         0      
       uart.obj                       6      0         0      
    +--+------------------------------+------+---------+---------+
       Total:                         1232   252       0      
                                                              
    C:/ti/TivaWare_C_Series-2.1.4.178/sensorlib/ccs/Debug/sensorlib.lib
       mpu6050.obj                    716    32        0      
    +--+------------------------------+------+---------+---------+
       Total:                         716    32        0      
                                                              
    C:\ti\ccs910\ccs\tools\compiler\ti-cgt-arm_18.12.2.LTS\lib\rtsv7M4_T_le_v4SPD16_eabi.lib
       memcpy_t2.asm.obj              156    0         0      
       copy_decompress_lzss.c.obj     104    0         0      
       autoinit.c.obj                 68     0         0      
       u_divt2.asm.obj                64     0         0      
       boot_cortex_m.c.obj            52     0         0      
       copy_zero_init.c.obj           28     0         0      
       copy_decompress_none.c.obj     14     0         0      
       exit.c.obj                     4      0         0      
       pre_init.c.obj                 4      0         0      
       div0.asm.obj                   2      0         0      
    +--+------------------------------+------+---------+---------+
       Total:                         496    0         0      
                                                              
       Stack:                         0      0         512    
       Linker Generated:              0      43        0      
    +--+------------------------------+------+---------+---------+
       Grand Total:                   8478   6113      810    


LINKER GENERATED COPY TABLES

__TI_cinit_table @ 00003900 records: 2, size/record: 8, table size: 16
	.bss: load addr=000038f0, load size=00000008 bytes, run addr=20000200, run size=00000125 bytes, compression=zero_init
	.data: load addr=000038f8, load size=00000007 bytes, run addr=20000328, run size=00000005 bytes, compression=lzss


LINKER GENERATED HANDLER TABLE

__TI_handler_table @ 000038e0 records: 3, size/record: 4, table size: 12
	index: 0, handler: __TI_decompress_lzss
	index: 1, handler: __TI_decompress_none
	index: 2, handler: __TI_zero_init


GLOBAL SYMBOLS: SORTED ALPHABETICALLY BY Name 

address   name                          
-------   ----                          
0000378b  C$$EXIT                       
00000ffd  Complementary_Filter          
00000fad  ConfigUART                    
000036bd  GPIODirModeSet                
00002bdd  GPIOPadConfigSet              
000034e5  GPIOPinConfigure              
00003703  GPIOPinTypeI2C                
00003715  GPIOPinTypeI2CSCL             
00003727  GPIOPinTypeUART               
00000fe9  I2CIntHandler                 
00000923  I2CMCommand                   
000008bb  I2CMInit                      
0000078f  I2CMIntHandler                
000035b1  I2CMRead                      
00000e09  I2CMRead16BE                  
00000c2d  I2CMReadModifyWrite16LE       
00000add  I2CMReadModifyWrite8          
00000a07  I2CMTransferResume            
000035e7  I2CMWrite                     
00000ecf  I2CMWrite16BE                 
00000d3d  I2CMWrite8                    
0000361d  I2CMWriteBatched              
00003771  I2CMasterEnable               
0000344d  I2CMasterInitExpClk           
00000f51  InitI2C0                      
00003759  IntTrigger                    
0000117f  MPU6050Callback               
00003205  MPU6050DataAccelGetFloat      
00003275  MPU6050DataGyroGetFloat       
000033a9  MPU6050DataRead               
000011c9  MPU6050Example                
0000334d  MPU6050Init                   
00003499  MPU6050ReadModifyWrite        
00003765  ResetISR                      
00002d11  SysCtlClockGet                
00002e21  SysCtlClockSet                
0000377b  SysCtlDelay                   
00003655  SysCtlPeripheralEnable        
000033fd  SysCtlPeripheralReset         
00003781  UARTClockSourceSet            
00002701  UARTStdioConfig               
00002879  UARTgetc                      
000027b3  UARTgets                      
00002ba7  UARTprintf                    
000028ad  UARTvprintf                   
00002761  UARTwrite                     
00003005  _IQ16atan2                    
00003175  _IQ16div                      
00003739  _IQ16mpy                      
20000200  __STACK_END                   
00000200  __STACK_SIZE                  
20000200  __STACK_TOP                   
00003900  __TI_CINIT_Base               
00003910  __TI_CINIT_Limit              
000038e0  __TI_Handler_Table_Base       
000038ec  __TI_Handler_Table_Limit      
0000352d  __TI_auto_init_nobinit_nopinit
000032e5  __TI_decompress_lzss          
00003749  __TI_decompress_none          
ffffffff  __TI_pprof_out_hndl           
ffffffff  __TI_prof_data_size           
ffffffff  __TI_prof_data_start          
00000000  __TI_static_base__            
000036e7  __TI_zero_init_nomemset       
00002d0f  __aeabi_idiv0                 
00002d0f  __aeabi_ldiv0                 
000030d9  __aeabi_memcpy                
000030d9  __aeabi_memcpy4               
000030d9  __aeabi_memcpy8               
00003571  __aeabi_uidiv                 
00003571  __aeabi_uidivmod              
ffffffff  __binit__                     
ffffffff  __c_args__                    
UNDEFED   __mpu_init                    
20000000  __stack                       
00003689  _c_int00_noargs               
UNDEFED   _system_post_cinit            
00003787  _system_pre_init              
0000378b  abort                         
00001300  atan2PU_table                 
ffffffff  binit                         
00001f00  div_table                     
20000324  g_bMPU6050Done                
00000000  g_pfnVectors                  
20000200  g_sI2CMSimpleInst             
00000f39  main                          
000030d9  memcpy                        


GLOBAL SYMBOLS: SORTED BY Symbol Address 

address   name                          
-------   ----                          
00000000  __TI_static_base__            
00000000  g_pfnVectors                  
00000200  __STACK_SIZE                  
0000078f  I2CMIntHandler                
000008bb  I2CMInit                      
00000923  I2CMCommand                   
00000a07  I2CMTransferResume            
00000add  I2CMReadModifyWrite8          
00000c2d  I2CMReadModifyWrite16LE       
00000d3d  I2CMWrite8                    
00000e09  I2CMRead16BE                  
00000ecf  I2CMWrite16BE                 
00000f39  main                          
00000f51  InitI2C0                      
00000fad  ConfigUART                    
00000fe9  I2CIntHandler                 
00000ffd  Complementary_Filter          
0000117f  MPU6050Callback               
000011c9  MPU6050Example                
00001300  atan2PU_table                 
00001f00  div_table                     
00002701  UARTStdioConfig               
00002761  UARTwrite                     
000027b3  UARTgets                      
00002879  UARTgetc                      
000028ad  UARTvprintf                   
00002ba7  UARTprintf                    
00002bdd  GPIOPadConfigSet              
00002d0f  __aeabi_idiv0                 
00002d0f  __aeabi_ldiv0                 
00002d11  SysCtlClockGet                
00002e21  SysCtlClockSet                
00003005  _IQ16atan2                    
000030d9  __aeabi_memcpy                
000030d9  __aeabi_memcpy4               
000030d9  __aeabi_memcpy8               
000030d9  memcpy                        
00003175  _IQ16div                      
00003205  MPU6050DataAccelGetFloat      
00003275  MPU6050DataGyroGetFloat       
000032e5  __TI_decompress_lzss          
0000334d  MPU6050Init                   
000033a9  MPU6050DataRead               
000033fd  SysCtlPeripheralReset         
0000344d  I2CMasterInitExpClk           
00003499  MPU6050ReadModifyWrite        
000034e5  GPIOPinConfigure              
0000352d  __TI_auto_init_nobinit_nopinit
00003571  __aeabi_uidiv                 
00003571  __aeabi_uidivmod              
000035b1  I2CMRead                      
000035e7  I2CMWrite                     
0000361d  I2CMWriteBatched              
00003655  SysCtlPeripheralEnable        
00003689  _c_int00_noargs               
000036bd  GPIODirModeSet                
000036e7  __TI_zero_init_nomemset       
00003703  GPIOPinTypeI2C                
00003715  GPIOPinTypeI2CSCL             
00003727  GPIOPinTypeUART               
00003739  _IQ16mpy                      
00003749  __TI_decompress_none          
00003759  IntTrigger                    
00003765  ResetISR                      
00003771  I2CMasterEnable               
0000377b  SysCtlDelay                   
00003781  UARTClockSourceSet            
00003787  _system_pre_init              
0000378b  C$$EXIT                       
0000378b  abort                         
000038e0  __TI_Handler_Table_Base       
000038ec  __TI_Handler_Table_Limit      
00003900  __TI_CINIT_Base               
00003910  __TI_CINIT_Limit              
20000000  __stack                       
20000200  __STACK_END                   
20000200  __STACK_TOP                   
20000200  g_sI2CMSimpleInst             
20000324  g_bMPU6050Done                
ffffffff  __TI_pprof_out_hndl           
ffffffff  __TI_prof_data_size           
ffffffff  __TI_prof_data_start          
ffffffff  __binit__                     
ffffffff  __c_args__                    
ffffffff  binit                         
UNDEFED   __mpu_init                    
UNDEFED   _system_post_cinit            

[87 symbols]
