******************************************************************************
                  TI ARM Linker PC v18.12.2                    
******************************************************************************
>> Linked Fri Dec 13 08:50:58 2019

OUTPUT FILE NAME:   <RTOS_Assignment.out>
ENTRY POINT SYMBOL: "_c_int00"  address: 00004e21


MEMORY CONFIGURATION

         name            origin    length      used     unused   attr    fill
----------------------  --------  ---------  --------  --------  ----  --------
  FLASH                 00000000   00040000  00009444  00036bbc  R  X
  SRAM                  20000000   00008000  00004304  00003cfc  RW X


SEGMENT ALLOCATION MAP

run origin  load origin   length   init length attrs members
----------  ----------- ---------- ----------- ----- -------
00000000    00000000    00009450   00009450    r-x
  00000000    00000000    0000003c   0000003c    r-- .resetVecs
  00000040    00000040    000068f2   000068f2    r-x .text
  00006934    00006934    00002816   00002816    r-- .const
  00009150    00009150    00000300   00000300    r-- .cinit
20000000    20000000    00000360   00000000    rw-
  20000000    20000000    00000360   00000000    rw- .vecs
20000380    20000380    00003fa8   00000000    rw-
  20000380    20000380    00003430   00000000    rw- .bss
  200037b0    200037b0    00000774   00000000    rw- .data
  20003f28    20003f28    00000400   00000000    rw- .stack


SECTION ALLOCATION MAP

 output                                  attributes/
section   page    origin      length       input sections
--------  ----  ----------  ----------   ----------------
.text      0    00000040    000068f2     
                  00000040    00000430     sysbios.aem4f : BIOS.obj (.text:ti_sysbios_family_arm_m3_Hwi_excDumpRegs__I)
                  00000470    0000034c     ti.targets.arm.rtsarm.aem4f : System.oem4f (.text:xdc_runtime_System_doPrint__I)
                  000007bc    00000004     driverlib.lib : timer.obj (.text:TimerIntClear)
                  000007c0    0000031c     sysbios.aem4f : BIOS.obj (.text:ti_sysbios_knl_Semaphore_pend__E)
                  00000adc    0000030c     empty.obj (.text:UARTvprintf)
                  00000de8    000001f4     sysbios.aem4f : BIOS.obj (.text:ti_sysbios_family_arm_m3_Hwi_excHandlerMax__I)
                  00000fdc    00000004     rtsv7M4_T_le_v4SPD16_eabi.lib : exit.c.obj (.text:abort:abort)
                  00000fe0    00000178     sysbios.aem4f : BIOS.obj (.text:ti_sysbios_family_arm_lm4_TimestampProvider_get64__E)
                  00001158    00000174                   : BIOS.obj (.text:ti_sysbios_family_arm_m3_Hwi_excBusFault__I)
                  000012cc    00000004     empty_pem4f.oem4f (.text:malloc)
                  000012d0    00000168     sysbios.aem4f : BIOS.obj (.text:ti_sysbios_family_arm_lm4_Timer_start__E)
                  00001438    00000164                   : BIOS.obj (.text:ti_sysbios_family_arm_m3_Hwi_excUsageFault__I)
                  0000159c    00000004     empty_pem4f.oem4f (.text:ti_sysbios_BIOS_RtsGateProxy_enter__E)
                  000015a0    00000148     sysbios.aem4f : BIOS.obj (.text:ti_sysbios_family_arm_m3_Hwi_excMemFault__I)
                  000016e8    00000144     ti.targets.arm.rtsarm.aem4f : HeapStd.oem4f (.text:xdc_runtime_HeapStd_alloc__E)
                  0000182c    00000004     empty_pem4f.oem4f (.text:ti_sysbios_BIOS_RtsGateProxy_leave__E)
                  00001830    00000140     sysbios.aem4f : BIOS.obj (.text:ti_sysbios_knl_Semaphore_post__E)
                  00001970    0000013c                   : BIOS.obj (.text:ti_sysbios_knl_Clock_workFunc__E)
                  00001aac    00000004                   : BIOS.obj (.text:ti_sysbios_family_arm_lm4_Timer_masterEnable__I)
                  00001ab0    00000138                   : BIOS.obj (.text:ti_sysbios_family_arm_m3_Hwi_dispatchC__I)
                  00001be8    00000138     empty_pem4f.oem4f (.text:ti_uia_loggers_LoggerStopMode_writeMemoryRange__E)
                  00001d20    00000130     driverlib.lib : gpio.obj (.text:GPIOPadConfigSet)
                  00001e50    0000011c     sysbios.aem4f : BIOS.obj (.text:ti_sysbios_knl_Swi_run__I)
                  00001f6c    00000118     ti.targets.arm.rtsarm.aem4f : Error.oem4f (.text:xdc_runtime_Error_policyDefault__E)
                  00002084    00000004     empty_pem4f.oem4f (.text:ti_sysbios_family_arm_m3_TaskSupport_Module__startupDone__S)
                  00002088    00000110     sysbios.aem4f : BIOS.obj (.text:ti_sysbios_knl_Task_schedule__I)
                  00002198    0000010c     driverlib.lib : sysctl.obj (.text:SysCtlClockGet)
                  000022a4    0000010c     empty_pem4f.oem4f (.text:ti_uia_loggers_LoggerStopMode_write8__E)
                  000023b0    00000100     Boot.aem4f : Boot_sysctl.oem4f (.text:ti_catalog_arm_cortexm4_tiva_ce_Boot_sysCtlClockSetI__I)
                  000024b0    00000100     ti.targets.arm.rtsarm.aem4f : Core-mem.oem4f (.text:xdc_runtime_Core_createObject__I)
                  000025b0    000000fc     sysbios.aem4f : BIOS.obj (.text:ti_sysbios_knl_Task_postInit__I)
                  000026ac    00000004     empty_pem4f.oem4f (.text:ti_sysbios_knl_Clock_TimerProxy_getMaxTicks__E)
                  000026b0    000000fc     sysbios.aem4f : BIOS.obj (.text:ti_sysbios_knl_Task_startCore__E)
                  000027ac    00000004     empty_pem4f.oem4f (.text:ti_sysbios_knl_Clock_TimerProxy_getPeriod__E)
                  000027b0    000000f8     sysbios.aem4f : BIOS.obj (.text:ti_sysbios_utils_Load_updateThreadContexts__E)
                  000028a8    000000f8     ti.targets.arm.rtsarm.aem4f : Startup.oem4f (.text:xdc_runtime_Startup_startMods__I)
                  000029a0    000000f8     empty_pem4f.oem4f (.text:xdc_runtime_System_printfExtend__I)
                  00002a98    000000f4     sysbios.aem4f : m3_Hwi_asm.obj (.text:ti_sysbios_family_arm_m3_Hwi_dispatch__I)
                  00002b8c    000000f4     empty_pem4f.oem4f (.text:ti_uia_loggers_LoggerStopMode_write4__E)
                  00002c80    000000f0     driverlib.lib : sysctl.obj (.text:SysCtlClockSet)
                  00002d70    000000e8     empty_pem4f.oem4f (.text:ti_uia_loggers_LoggerStopMode_write1__E)
                  00002e58    000000e8     empty_pem4f.oem4f (.text:ti_uia_loggers_LoggerStopMode_write2__E)
                  00002f40    000000e0     empty.obj (.text:ledToggle)
                  00003020    000000d8     sysbios.aem4f : BIOS.obj (.text:ti_sysbios_family_arm_lm4_TimestampProvider_get32__E)
                  000030f8    000000d8     empty_pem4f.oem4f (.text:ti_uia_loggers_LoggerStopMode_write0__E)
                  000031d0    000000d0     sysbios.aem4f : BIOS.obj (.text:ti_sysbios_family_arm_m3_Hwi_Module_startup__E)
                  000032a0    000000cc     ti.targets.arm.rtsarm.aem4f : Core-smem.oem4f (.text:xdc_runtime_Core_constructObject__I)
                  0000336c    000000cc                                 : HeapStd.oem4f (.text:xdc_runtime_HeapStd_Instance_init__E)
                  00003438    000000c8     sysbios.aem4f : BIOS.obj (.text:ti_sysbios_knl_Task_exit__E)
                  00003500    000000c4                   : BIOS.obj (.text:ti_sysbios_utils_Load_logLoads__I)
                  000035c4    00000004     empty_pem4f.oem4f (.text:ti_sysbios_knl_Queue_destruct)
                  000035c8    000000bc     sysbios.aem4f : BIOS.obj (.text:ti_sysbios_family_arm_m3_Hwi_excDebugMon__I)
                  00003684    00000004     empty_pem4f.oem4f (.text:ti_sysbios_knl_Semaphore_destruct)
                  00003688    000000bc     sysbios.aem4f : BIOS.obj (.text:ti_sysbios_family_arm_m3_Hwi_excHardFault__I)
                  00003744    00000004     ti.uia.loggers.aem4f : LoggerStopMode.oem4f (.text:ti_uia_loggers_LoggerStopMode_getContents__E)
                  00003748    000000bc     sysbios.aem4f : BIOS.obj (.text:ti_sysbios_knl_Task_unblockI__E)
                  00003804    00000004     empty_pem4f.oem4f (.text:ti_uia_loggers_LoggerStopMode_getFilterLevel__E)
                  00003808    000000b4     sysbios.aem4f : BIOS.obj (.text:ti_sysbios_gates_GateMutex_enter__E)
                  000038bc    00000004     ti.uia.loggers.aem4f : LoggerStopMode.oem4f (.text:ti_uia_loggers_LoggerStopMode_getInstanceId__E)
                  000038c0    000000b4     sysbios.aem4f : BIOS.obj (.text:ti_sysbios_knl_Task_checkStacks__E)
                  00003974    00000004     ti.uia.loggers.aem4f : LoggerStopMode.oem4f (.text:ti_uia_loggers_LoggerStopMode_getMaxLength__E)
                  00003978    000000b0     sysbios.aem4f : BIOS.obj (.text:ti_sysbios_utils_Load_idleFxn__E)
                  00003a28    000000b0                   : BIOS.obj (.text:ti_sysbios_utils_Load_updateLoads__E)
                  00003ad8    000000ac                   : BIOS.obj (.text:ti_sysbios_family_arm_lm4_Timer_enableTiva__I)
                  00003b84    00000004     ti.uia.loggers.aem4f : LoggerStopMode.oem4f (.text:ti_uia_loggers_LoggerStopMode_getPriority__E)
                  00003b88    000000ac     sysbios.aem4f : BIOS.obj (.text:ti_sysbios_knl_Swi_post__E)
                  00003c34    00000004     ti.uia.loggers.aem4f : LoggerStopMode.oem4f (.text:ti_uia_loggers_LoggerStopMode_getTransferType__E)
                  00003c38    000000a8     sysbios.aem4f : BIOS.obj (.text:ti_sysbios_family_arm_lm4_Timer_enableTimers__I)
                  00003ce0    000000a8                   : BIOS.obj (.text:ti_sysbios_knl_Task_blockI__E)
                  00003d88    000000a8     ti.targets.arm.rtsarm.aem4f : HeapStd.oem4f (.text:xdc_runtime_HeapStd_free__E)
                  00003e30    000000a0     auto_init.aem4f : auto_init.oem4f (.text)
                  00003ed0    000000a0     ti.targets.arm.rtsarm.aem4f : Text.oem4f (.text:xdc_runtime_Text_putMod__E)
                  00003f70    0000009c     rtsv7M4_T_le_v4SPD16_eabi.lib : memcpy_t2.asm.obj (.text)
                  0000400c    00000004     ti.targets.arm.rtsarm.aem4f : Error.oem4f (.text:xdc_runtime_Error_getSite__E)
                  00004010    0000009c     sysbios.aem4f : BIOS.obj (.text:ti_sysbios_knl_Semaphore_Instance_init__E)
                  000040ac    0000009a     ti.targets.arm.rtsarm.aem4f : Text.oem4f (.text:xdc_runtime_Text_putSite__E)
                  00004146    00000002     rtsv7M4_T_le_v4SPD16_eabi.lib : _lock.c.obj (.text:_nop)
                  00004148    00000098     Boot.aem4f : Boot.oem4f (.text:ti_catalog_arm_cortexm4_tiva_ce_Boot_sysCtlClockSet__E)
                  000041e0    00000094     sysbios.aem4f : BIOS.obj (.text:ti_sysbios_family_arm_m3_Hwi_initNVIC__E)
                  00004274    00000004     ti.targets.arm.rtsarm.aem4f : HeapStd.oem4f (.text:xdc_runtime_HeapStd_isBlocking__E)
                  00004278    00000090     sysbios.aem4f : BIOS.obj (.text:ti_sysbios_knl_Task_Module_startup__E)
                  00004308    00000090                   : BIOS.obj (.text:ti_sysbios_utils_Load_startup__E)
                  00004398    00000090     ti.uia.loggers.aem4f : LoggerStopMode.oem4f (.text:ti_uia_loggers_LoggerStopMode_initQueueDescriptor__E)
                  00004428    0000008c     sysbios.aem4f : m3_TaskSupport_asm.obj (.text:ti_sysbios_family_arm_m3_TaskSupport_buildTaskStack)
                  000044b4    0000007a     driverlib.lib : adc.obj (.text:ADCSequenceStepConfigure)
                  0000452e    0000007a     rtsv7M4_T_le_v4SPD16_eabi.lib : memset_t2.asm.obj (.text)
                  000045a8    00000074     ti.uia.runtime.aem4f : QueueDescriptor.oem4f (.text:ti_uia_runtime_QueueDescriptor_addToList__E)
                  0000461c    0000006d     ti.targets.arm.rtsarm.aem4f : System.oem4f (.text:xdc_runtime_System_formatNum__I)
                  00004689    00000001     --HOLE-- [fill = 0]
                  0000468a    00000002     empty_pem4f.oem4f (.text:free)
                  0000468c    0000006c     empty.obj (.text:HWI_init)
                  000046f8    0000006c     empty.obj (.text:Timer_ISR)
                  00004764    00000004     empty_pem4f.oem4f (.text:xdc_runtime_System_Module_GateProxy_enter__E)
                  00004768    0000006c     sysbios.aem4f : BIOS.obj (.text:ti_sysbios_knl_Swi_restoreHwi__E)
                  000047d4    00000004     empty_pem4f.oem4f (.text:xdc_runtime_System_Module_GateProxy_leave__E)
                  000047d8    0000006c     sysbios.aem4f : BIOS.obj (.text:ti_sysbios_utils_Load_taskCreateHook__E)
                  00004844    0000006c     ti.targets.arm.rtsarm.aem4f : Error.oem4f (.text:xdc_runtime_Error_print__E)
                  000048b0    0000006c                                 : Memory.oem4f (.text:xdc_runtime_Memory_alloc__E)
                  0000491c    00000068     rtsv7M4_T_le_v4SPD16_eabi.lib : copy_decompress_lzss.c.obj (.text:decompress:lzss:__TI_decompress_lzss)
                  00004984    00000004     ti.targets.arm.rtsarm.aem4f : System.oem4f (.text:xdc_runtime_System_aprintf_va__F)
                  00004988    00000068     sysbios.aem4f : BIOS.obj (.text:ti_sysbios_utils_Load_addTask__E)
                  000049f0    00000066     ti.uia.loggers.aem4f : LoggerStopMode.oem4f (.text:ti_uia_loggers_LoggerStopMode_flush__E)
                  00004a56    00000066     ti.targets.arm.rtsarm.aem4f : Core-mem.oem4f (.text:xdc_runtime_Core_deleteObject__I)
                  00004abc    00000004                                 : System.oem4f (.text:xdc_runtime_System_printf_va__F)
                  00004ac0    00000064     sysbios.aem4f : BIOS.obj (.text:ti_sysbios_family_arm_lm4_Timer_Module_startup__E)
                  00004b24    00000060     driverlib.lib : timer.obj (.text:TimerConfigure)
                  00004b84    00000002     rtsv7M4_T_le_v4SPD16_eabi.lib : div0.asm.obj (.text)
                  00004b86    00000002     empty_pem4f.oem4f (.text:ti_sysbios_BIOS_nullFunc__I)
                  00004b88    00000060     sysbios.aem4f : BIOS.obj (.text:ti_sysbios_family_arm_lm4_Timer_isrStub__E)
                  00004be8    00000060                   : BIOS.obj (.text:ti_sysbios_knl_Clock_logTick__E)
                  00004c48    00000060                   : BIOS.obj (.text:ti_sysbios_utils_Load_logCPULoad__I)
                  00004ca8    00000060                   : BIOS.obj (.text:ti_sysbios_utils_Load_updateCurrentThreadTime__E)
                  00004d08    0000005c     empty.obj (.text:ADC_init)
                  00004d64    00000002     empty_pem4f.oem4f (.text:ti_uia_loggers_LoggerStopMode_setFilterLevel__E)
                  00004d66    00000002     ti.uia.loggers.aem4f : LoggerStopMode.oem4f (.text:ti_uia_loggers_LoggerStopMode_setPriority__E)
                  00004d68    0000005c     sysbios.aem4f : BIOS.obj (.text:ti_sysbios_knl_Swi_schedule__I)
                  00004dc4    0000005b     ti.targets.arm.rtsarm.aem4f : Text.oem4f (.text:xdc_runtime_Text_putLab__E)
                  00004e1f    00000001     --HOLE-- [fill = 0]
                  00004e20    00000058     boot.aem4f : boot.oem4f (.text)
                  00004e78    00000058     rtsv7M4_T_le_v4SPD16_eabi.lib : hostwrite.c.obj (.text:HOSTwrite)
                  00004ed0    00000058     sysbios.aem4f : m3_Hwi_asm_switch.obj (.text:ti_sysbios_family_arm_m3_Hwi_initStacks__E)
                  00004f28    00000058     empty_pem4f.oem4f (.text:xdc_runtime_HeapStd_Object__create__S)
                  00004f80    00000054     empty.obj (.text:UARTStdioConfig)
                  00004fd4    00000002     empty_pem4f.oem4f (.text:xdc_runtime_Startup_reset__I)
                  00004fd6    00000002     --HOLE-- [fill = 0]
                  00004fd8    00000054     sysbios.aem4f : BIOS.obj (.text:ti_sysbios_utils_Load_taskSwitchHook__E)
                  0000502c    00000054     ti.targets.arm.rtsarm.aem4f : Assert.oem4f (.text:xdc_runtime_Assert_raise__I)
                  00005080    00000050     empty.obj (.text:ADCrx)
                  000050d0    00000050     ti.targets.arm.rtsarm.aem4f : Startup.oem4f (.text:xdc_runtime_Startup_exec__E)
                  00005120    00000050                                 : Text.oem4f (.text:xdc_runtime_Text_visitRope2__I)
                  00005170    0000004c     empty.obj (.text:Cons_init)
                  000051bc    0000004c     empty.obj (.text:UARTwrite)
                  00005208    0000004c     rtsv7M4_T_le_v4SPD16_eabi.lib : cpy_tbl.c.obj (.text:copy_in)
                  00005254    00000004     --HOLE-- [fill = 0]
                  00005258    0000004c     sysbios.aem4f : BIOS.obj (.text:ti_sysbios_knl_Swi_runLoop__I)
                  000052a4    00000004     --HOLE-- [fill = 0]
                  000052a8    0000004c                   : BIOS.obj (.text:ti_sysbios_knl_Task_allBlockedFunction__I)
                  000052f4    0000004c     ti.uia.loggers.aem4f : LoggerStopMode.oem4f (.text:ti_uia_loggers_LoggerStopMode_Module_startup__E)
                  00005340    00000048     driverlib.lib : gpio.obj (.text:GPIOPinConfigure)
                  00005388    00000048     sysbios.aem4f : BIOS.obj (.text:ti_sysbios_family_arm_m3_Hwi_disableInterrupt__E)
                  000053d0    00000048                   : BIOS.obj (.text:ti_sysbios_family_arm_m3_Hwi_enableInterrupt__E)
                  00005418    00000048                   : BIOS.obj (.text:ti_sysbios_family_arm_m3_Hwi_excReserved__I)
                  00005460    00000048                   : BIOS.obj (.text:ti_sysbios_utils_Load_taskDeleteHook__E)
                  000054a8    00000046     ti.targets.arm.rtsarm.aem4f : Core-params.oem4f (.text:xdc_runtime_Core_assignParams__I)
                  000054ee    00000002     --HOLE-- [fill = 0]
                  000054f0    00000044     sysbios.aem4f : BIOS.obj (.text:ti_sysbios_family_arm_lm4_Timer_stop__E)
                  00005534    00000004     --HOLE-- [fill = 0]
                  00005538    00000044                   : BIOS.obj (.text:ti_sysbios_family_arm_m3_Hwi_getStackInfo__E)
                  0000557c    00000004     --HOLE-- [fill = 0]
                  00005580    00000044                   : BIOS.obj (.text:ti_sysbios_utils_Load_removeTask__E)
                  000055c4    00000044     ti.uia.loggers.aem4f : LoggerStopMode.oem4f (.text:ti_uia_loggers_LoggerStopMode_initBuffer__I)
                  00005608    00000044     ti.targets.arm.rtsarm.aem4f : Error.oem4f (.text:xdc_runtime_Error_setX__E)
                  0000564c    00000044                                 : SysMin.oem4f (.text:xdc_runtime_SysMin_flush__E)
                  00005690    00000044                                 : Text.oem4f (.text:xdc_runtime_Text_xprintf__I)
                  000056d4    00000042     driverlib.lib : uart.obj (.text:UARTConfigSetExpClk)
                  00005716    00000040     rtsv7M4_T_le_v4SPD16_eabi.lib : u_divt2.asm.obj (.text)
                  00005756    00000002     --HOLE-- [fill = 0]
                  00005758    00000040     sysbios.aem4f : BIOS.obj (.text:ti_sysbios_family_arm_lm4_Timer_startup__E)
                  00005798    0000003e     driverlib.lib : adc.obj (.text:ADCSequenceConfigure)
                  000057d6    00000002     --HOLE-- [fill = 0]
                  000057d8    0000003c     sysbios.aem4f : BIOS.obj (.text:ti_sysbios_family_arm_m3_Hwi_excSvCall__I)
                  00005814    00000004     --HOLE-- [fill = 0]
                  00005818    0000003c                   : BIOS.obj (.text:ti_sysbios_heaps_HeapMem_init__I)
                  00005854    00000004     --HOLE-- [fill = 0]
                  00005858    0000003c                   : BIOS.obj (.text:ti_sysbios_knl_Swi_restore__E)
                  00005894    00000038     driverlib.lib : sysctl.obj (.text:SysCtlPeripheralPresent)
                  000058cc    00000038     rtsv7M4_T_le_v4SPD16_eabi.lib : trgmsg.c.obj (.text:__TI_writemsg)
                  00005904    00000004     --HOLE-- [fill = 0]
                  00005908    00000038     sysbios.aem4f : BIOS.obj (.text:ti_sysbios_family_arm_m3_Hwi_excNoIsr__I)
                  00005940    00000038                   : BIOS.obj (.text:ti_sysbios_knl_Task_processVitalTaskFlag__I)
                  00005978    00000038     ti.targets.arm.rtsarm.aem4f : SysMin.oem4f (.text:xdc_runtime_SysMin_putch__E)
                  000059b0    00000038                                 : System.oem4f (.text:xdc_runtime_System_atexit__E)
                  000059e8    00000034     driverlib.lib : sysctl.obj (.text:SysCtlPeripheralEnable)
                  00005a1c    00000034     rtsv7M4_T_le_v4SPD16_eabi.lib : trgmsg.c.obj (.text:__TI_readmsg)
                  00005a50    00000034     sysbios.aem4f : BIOS.obj (.text:ti_sysbios_family_arm_m3_Hwi_excNmi__I)
                  00005a84    00000004     --HOLE-- [fill = 0]
                  00005a88    00000034                   : BIOS.obj (.text:ti_sysbios_hal_Hwi_checkStack)
                  00005abc    00000034     ti.uia.loggers.aem4f : LoggerStopMode.oem4f (.text:ti_uia_loggers_LoggerStopMode_reset__E)
                  00005af0    00000034     ti.targets.arm.rtsarm.aem4f : Core-label.oem4f (.text:xdc_runtime_Core_assignLabel__I)
                  00005b24    00000033                                 : Text.oem4f (.text:xdc_runtime_Text_printVisFxn__I)
                  00005b57    00000001     --HOLE-- [fill = 0]
                  00005b58    00000032     sysbios.aem4f : BIOS.obj (.text:ti_sysbios_hal_Hwi_initStack)
                  00005b8a    00000006     driverlib.lib : gpio.obj (.text:GPIOPinRead)
                  00005b90    00000032     sysbios.aem4f : BIOS.obj (.text:ti_sysbios_knl_Semaphore_pendTimeout__I)
                  00005bc2    00000002     --HOLE-- [fill = 0]
                  00005bc4    00000030     empty.obj (.text:UART_ADC_tx)
                  00005bf4    00000030     empty_pem4f.oem4f (.text:ti_sysbios_BIOS_atExitFunc__I)
                  00005c24    00000004     --HOLE-- [fill = 0]
                  00005c28    00000030     sysbios.aem4f : BIOS.obj (.text:ti_sysbios_family_arm_m3_TaskSupport_start__E)
                  00005c58    00000030     empty_pem4f.oem4f (.text:ti_sysbios_gates_GateHwi_Object__create__S)
                  00005c88    00000030     empty_pem4f.oem4f (.text:ti_sysbios_gates_GateMutex_Object__create__S)
                  00005cb8    00000030     empty_pem4f.oem4f (.text:ti_sysbios_knl_Semaphore_construct)
                  00005ce8    00000030     empty_pem4f.oem4f (.text:ti_uia_loggers_LoggerStopMode_Object__create__S)
                  00005d18    00000030     ti.targets.arm.rtsarm.aem4f : SysMin.oem4f (.text:xdc_runtime_SysMin_abort__E)
                  00005d48    00000030                                 : System.oem4f (.text:xdc_runtime_System_processAtExit__E)
                  00005d78    0000002e     driverlib.lib : adc.obj (.text:ADCIntStatus)
                  00005da6    00000002     --HOLE-- [fill = 0]
                  00005da8    0000002c     empty_pem4f.oem4f (.text:ti_sysbios_knl_Clock_doTick__I)
                  00005dd4    0000002c     empty_pem4f.oem4f (.text:ti_sysbios_knl_Queue_construct)
                  00005e00    0000002c     sysbios.aem4f : BIOS.obj (.text:ti_sysbios_knl_Task_restore__E)
                  00005e2c    0000002c     ti.targets.arm.rtsarm.aem4f : Text.oem4f (.text:xdc_runtime_Text_cordText__E)
                  00005e58    0000002a     driverlib.lib : gpio.obj (.text:GPIODirModeSet)
                  00005e82    0000002a     ti.targets.arm.rtsarm.aem4f : System.oem4f (.text:xdc_runtime_System_putchar__I)
                  00005eac    00000028     empty_pem4f.oem4f (.text:ti_sysbios_BIOS_startFunc__I)
                  00005ed4    00000004     --HOLE-- [fill = 0]
                  00005ed8    00000028     sysbios.aem4f : BIOS.obj (.text:ti_sysbios_knl_Swi_Module_startup__E)
                  00005f00    00000026                   : m3_Hwi_asm.obj (.text:ti_sysbios_family_arm_m3_Hwi_pendSV__I)
                  00005f26    00000026     ti.targets.arm.rtsarm.aem4f : System.oem4f (.text:xdc_runtime_System_avprintf__E)
                  00005f4c    00000024     empty.obj (.text:UARTprintf)
                  00005f70    00000024     empty_pem4f.oem4f (.text:ti_sysbios_BIOS_registerRTSLock__I)
                  00005f94    00000024     empty_pem4f.oem4f (.text:ti_sysbios_BIOS_removeRTSLock__I)
                  00005fb8    00000024     sysbios.aem4f : BIOS.obj (.text:ti_sysbios_family_arm_m3_Hwi_doTaskRestore__I)
                  00005fdc    00000024     empty_pem4f.oem4f (.text:ti_sysbios_gates_GateMutex_Object__delete__S)
                  00006000    00000024     sysbios.aem4f : BIOS.obj (.text:ti_sysbios_knl_Clock_Module_startup__E)
                  00006024    00000024     ti.targets.arm.rtsarm.aem4f : System.oem4f (.text:xdc_runtime_System_vprintf__E)
                  00006048    00000022     sysbios.aem4f : BIOS.obj (.text:ti_sysbios_family_arm_lm4_Timer_write__I)
                  0000606a    00000022     empty_pem4f.oem4f (.text:xdc_runtime_SysMin_output__I)
                  0000608c    00000020     empty_pem4f.oem4f (.text:ti_sysbios_BIOS_rtsLock__I)
                  000060ac    00000020     sysbios.aem4f : m3_Hwi_asm.obj (.text:ti_sysbios_family_arm_m3_Hwi_excHandlerAsm__I)
                  000060cc    00000004     --HOLE-- [fill = 0]
                  000060d0    00000020                   : BIOS.obj (.text:ti_sysbios_family_arm_m3_Hwi_excHandler__I)
                  000060f0    00000020     empty_pem4f.oem4f (.text:ti_sysbios_gates_GateHwi_Object__delete__S)
                  00006110    00000020     sysbios.aem4f : BIOS.obj (.text:ti_sysbios_knl_Idle_run__E)
                  00006130    00000020     empty_pem4f.oem4f (.text:ti_sysbios_knl_Semaphore_Object__destruct__S)
                  00006150    00000020     empty_pem4f.oem4f (.text:ti_uia_loggers_LoggerStopMode_Object__delete__S)
                  00006170    00000020     ti.targets.arm.rtsarm.aem4f : Registry.oem4f (.text:xdc_runtime_Registry_findById__E)
                  00006190    00000020                                 : SysMin.oem4f (.text:xdc_runtime_SysMin_Module_startup__E)
                  000061b0    0000001e     driverlib.lib : adc.obj (.text:ADCSequenceDataGet)
                  000061ce    0000001e     empty_pem4f.oem4f (.text:ti_sysbios_BIOS_errorRaiseHook__I)
                  000061ec    0000001e     sysbios.aem4f : m3_Hwi_asm_switch.obj (.text:ti_sysbios_family_xxx_Hwi_switchAndRunFunc)
                  0000620a    00000002     --HOLE-- [fill = 0]
                  0000620c    0000001c     driverlib.lib : uart.obj (.text:UARTDisable)
                  00006228    0000001c     sysbios.aem4f : BIOS.obj (.text:ti_sysbios_gates_GateMutex_Instance_init__E)
                  00006244    0000001c     empty_pem4f.oem4f (.text:ti_sysbios_knl_Queue_Object__destruct__S)
                  00006260    0000001c     sysbios.aem4f : BIOS.obj (.text:ti_sysbios_knl_Task_enter__I)
                  0000627c    0000001c     ti.uia.loggers.aem4f : LoggerStopMode.oem4f (.text:ti_uia_loggers_LoggerStopMode_Instance_init__E)
                  00006298    0000001c     ti.targets.arm.rtsarm.aem4f : Error.oem4f (.text:xdc_runtime_Error_raiseX__E)
                  000062b4    0000001c     empty_pem4f.oem4f (.text:xdc_runtime_HeapStd_Object__delete__S)
                  000062d0    0000001c     ti.targets.arm.rtsarm.aem4f : Memory.oem4f (.text:xdc_runtime_Memory_valloc__E)
                  000062ec    0000001c                                 : SysMin.oem4f (.text:xdc_runtime_SysMin_exit__E)
                  00006308    0000001c                                 : System.oem4f (.text:xdc_runtime_System_abort__E)
                  00006324    0000001a     empty_pem4f.oem4f (.text:ti_sysbios_family_arm_m3_Hwi_Handle__label__S)
                  0000633e    0000001a     empty_pem4f.oem4f (.text:ti_sysbios_gates_GateHwi_Handle__label__S)
                  00006358    0000001a     empty_pem4f.oem4f (.text:ti_sysbios_gates_GateMutex_Handle__label__S)
                  00006372    0000001a     empty_pem4f.oem4f (.text:ti_sysbios_knl_Swi_Handle__label__S)
                  0000638c    0000001a     empty_pem4f.oem4f (.text:ti_sysbios_knl_Task_Handle__label__S)
                  000063a6    0000001a     empty_pem4f.oem4f (.text:ti_uia_loggers_LoggerStopMode_Handle__label__S)
                  000063c0    0000001a     empty_pem4f.oem4f (.text:xdc_runtime_HeapStd_Handle__label__S)
                  000063da    0000001a     empty_pem4f.oem4f (.text:xdc_runtime_System_aprintf__E)
                  000063f4    0000001a     empty_pem4f.oem4f (.text:xdc_runtime_System_printf__E)
                  0000640e    00000018     driverlib.lib : adc.obj (.text:ADCProcessorTrigger)
                  00006426    00000018                   : gpio.obj (.text:GPIOPinTypeGPIOOutput)
                  0000643e    00000002     --HOLE-- [fill = 0]
                  00006440    00000018     rtsv7M4_T_le_v4SPD16_eabi.lib : args_main.c.obj (.text:_args_main)
                  00006458    00000018     empty_pem4f.oem4f (.text:ti_sysbios_BIOS_rtsUnlock__I)
                  00006470    00000018     empty_pem4f.oem4f (.text:ti_sysbios_family_arm_lm4_Timer_Module__startupDone__F)
                  00006488    00000018     empty_pem4f.oem4f (.text:ti_sysbios_family_arm_m3_Hwi_Module__startupDone__F)
                  000064a0    00000018     sysbios.aem4f : m3_TaskSupport_asm.obj (.text:ti_sysbios_family_arm_m3_TaskSupport_swap__E)
                  000064b8    00000018                   : BIOS.obj (.text:ti_sysbios_gates_GateMutex_leave__E)
                  000064d0    00000018     ti.targets.arm.rtsarm.aem4f : Error.oem4f (.text:xdc_runtime_Error_check__E)
                  000064e8    00000018                                 : System.oem4f (.text:xdc_runtime_System_exit__E)
                  00006500    00000018                                 : Text.oem4f (.text:xdc_runtime_Text_ropeText__E)
                  00006518    00000016     empty_pem4f.oem4f (.text:ti_sysbios_BIOS_exitFunc__I)
                  0000652e    00000016     ti.uia.loggers.aem4f : LoggerStopMode.oem4f (.text:ti_uia_loggers_LoggerStopMode_disable__E)
                  00006544    00000016                          : LoggerStopMode.oem4f (.text:ti_uia_loggers_LoggerStopMode_enable__E)
                  0000655a    00000014     driverlib.lib : uart.obj (.text:UARTEnable)
                  0000656e    00000014     empty.obj (.text:main)
                  00006582    00000014     rtsv7M4_T_le_v4SPD16_eabi.lib : strlen.c.obj (.text:strlen)
                  00006596    00000002     --HOLE-- [fill = 0]
                  00006598    00000014     empty_pem4f.oem4f (.text:ti_sysbios_family_arm_m3_Hwi_Object__get__S)
                  000065ac    00000004     --HOLE-- [fill = 0]
                  000065b0    00000014     sysbios.aem4f : BIOS.obj (.text:ti_sysbios_family_arm_m3_Hwi_switchFromBootStack__E)
                  000065c4    00000014     empty_pem4f.oem4f (.text:ti_sysbios_knl_Swi_Object__get__S)
                  000065d8    00000014     empty_pem4f.oem4f (.text:ti_sysbios_knl_Task_Object__get__S)
                  000065ec    00000012     driverlib.lib : gpio.obj (.text:GPIOPinTypeADC)
                  000065fe    00000012                   : gpio.obj (.text:GPIOPinTypeUART)
                  00006610    00000012                   : timer.obj (.text:TimerLoadSet)
                  00006622    00000006                   : gpio.obj (.text:GPIOPinWrite)
                  00006628    00000012     sysbios.aem4f : BIOS.obj (.text:ti_sysbios_hal_Hwi_Module_startup__E)
                  0000663a    00000012     empty_pem4f.oem4f (.text:xdc_runtime_Startup_exec__I)
                  0000664c    00000004     --HOLE-- [fill = 0]
                  00006650    00000010     sysbios.aem4f : BIOS.obj (.text:ti_sysbios_BIOS_getCpuFreq__E)
                  00006660    00000010                   : BIOS.obj (.text:ti_sysbios_BIOS_setThreadType__E)
                  00006670    00000010                   : BIOS.obj (.text:ti_sysbios_BIOS_start__E)
                  00006680    00000010                   : BIOS.obj (.text:ti_sysbios_family_arm_lm4_TimestampProvider_rolloverFunc__E)
                  00006690    00000010                   : m3_TaskSupport_asm.obj (.text:ti_sysbios_family_arm_m3_TaskSupport_glue)
                  000066a0    00000010                   : BIOS.obj (.text:ti_sysbios_gates_GateMutex_Instance_finalize__E)
                  000066b0    00000010     empty_pem4f.oem4f (.text:ti_sysbios_heaps_HeapMem_Object__get__S)
                  000066c0    00000010     sysbios.aem4f : BIOS.obj (.text:ti_sysbios_knl_Semaphore_Instance_finalize__E)
                  000066d0    00000010                   : BIOS.obj (.text:ti_sysbios_knl_Swi_disable__E)
                  000066e0    00000010                   : BIOS.obj (.text:ti_sysbios_knl_Task_disable__E)
                  000066f0    00000010     empty_pem4f.oem4f (.text:ti_uia_loggers_LoggerStopMode_Object__get__S)
                  00006700    00000010     ti.uia.loggers.aem4f : LoggerStopMode.oem4f (.text:ti_uia_loggers_LoggerStopMode_isEmpty__E)
                  00006710    00000010     ti.targets.arm.rtsarm.aem4f : Gate.oem4f (.text:xdc_runtime_Gate_leaveSystem__E)
                  00006720    00000010                                 : Memory.oem4f (.text:xdc_runtime_Memory_free__E)
                  00006730    00000010                                 : SysMin.oem4f (.text:xdc_runtime_SysMin_ready__E)
                  00006740    00000010                                 : System.oem4f (.text:xdc_runtime_System_vsnprintf__E)
                  00006750    00000010     empty_pem4f.oem4f (.text:xdc_runtime_Text_visitRope__I)
                  00006760    0000000e     driverlib.lib : adc.obj (.text:ADCSequenceEnable)
                  0000676e    0000000e                   : timer.obj (.text:TimerEnable)
                  0000677c    0000000e     rtsv7M4_T_le_v4SPD16_eabi.lib : copy_decompress_none.c.obj (.text:decompress:none:__TI_decompress_none)
                  0000678a    00000006     driverlib.lib : sysctl.obj (.text:SysCtlDelay)
                  00006790    0000000e     sysbios.aem4f : BIOS.obj (.text:ti_sysbios_knl_Idle_loop__E)
                  0000679e    00000002     --HOLE-- [fill = 0]
                  000067a0    0000000e                   : BIOS.obj (.text:ti_sysbios_knl_Queue_empty__E)
                  000067ae    0000000e     ti.targets.arm.rtsarm.aem4f : HeapStd.oem4f (.text:xdc_runtime_HeapStd_getStats__E)
                  000067bc    0000000c     empty_pem4f.oem4f (.text:.bootCodeSection:ti_catalog_arm_cortexm4_tiva_ce_Boot_init__I)
                  000067c8    0000000c     rtsv7M4_T_le_v4SPD16_eabi.lib : _lock.c.obj (.text:_register_lock)
                  000067d4    0000000c                                   : _lock.c.obj (.text:_register_unlock)
                  000067e0    0000000c                                   : copy_zero_init.c.obj (.text:decompress:ZI:__TI_zero_init)
                  000067ec    00000004     --HOLE-- [fill = 0]
                  000067f0    0000000c     sysbios.aem4f : BIOS.obj (.text:ti_sysbios_family_arm_lm4_Timer_getMaxTicks__E)
                  000067fc    00000004     --HOLE-- [fill = 0]
                  00006800    0000000c                   : BIOS.obj (.text:ti_sysbios_family_arm_lm4_TimestampProvider_startTimer__E)
                  0000680c    00000004     --HOLE-- [fill = 0]
                  00006810    0000000c                   : BIOS.obj (.text:ti_sysbios_family_arm_m3_Hwi_disableFxn__E)
                  0000681c    00000004     --HOLE-- [fill = 0]
                  00006820    0000000c                   : BIOS.obj (.text:ti_sysbios_family_arm_m3_TaskSupport_checkStack__E)
                  0000682c    00000004     --HOLE-- [fill = 0]
                  00006830    0000000c                   : BIOS.obj (.text:ti_sysbios_gates_GateHwi_enter__E)
                  0000683c    0000000c     empty_pem4f.oem4f (.text:ti_sysbios_knl_Queue_Object__get__S)
                  00006848    0000000c     sysbios.aem4f : BIOS.obj (.text:ti_sysbios_utils_Load_taskRegHook__E)
                  00006854    0000000c     ti.targets.arm.rtsarm.aem4f : Error.oem4f (.text:xdc_runtime_Error_init__E)
                  00006860    0000000c                                 : Gate.oem4f (.text:xdc_runtime_Gate_enterSystem__E)
                  0000686c    0000000c                                 : Memory.oem4f (.text:xdc_runtime_Memory_calloc__E)
                  00006878    0000000c                                 : Memory.oem4f (.text:xdc_runtime_Memory_getMaxDefaultTypeAlign__E)
                  00006884    0000000a     driverlib.lib : adc.obj (.text:ADCIntClear)
                  0000688e    0000000a                   : uart.obj (.text:UARTCharPut)
                  00006898    0000000a     empty_pem4f.oem4f (.text:xdc_runtime_IHeap_alloc)
                  000068a2    0000000a     empty_pem4f.oem4f (.text:xdc_runtime_IHeap_free)
                  000068ac    00000008     driverlib.lib : timer.obj (.text:TimerIntEnable)
                  000068b4    00000008     sysbios.aem4f : BIOS.obj (.text:ti_sysbios_family_arm_lm4_Timer_masterDisable__I)
                  000068bc    00000004     --HOLE-- [fill = 0]
                  000068c0    00000008                   : BIOS.obj (.text:ti_sysbios_family_arm_m3_Hwi_doSwiRestore__I)
                  000068c8    00000008                   : BIOS.obj (.text:ti_sysbios_family_arm_m3_Hwi_startup__E)
                  000068d0    00000006     driverlib.lib : uart.obj (.text:UARTClockSourceSet)
                  000068d6    00000006     Boot.aem4f : Boot_sysctl.oem4f (.text:ti_catalog_arm_cortexm4_tiva_ce_Boot_sysCtlDelayI__I)
                  000068dc    00000004     --HOLE-- [fill = 0]
                  000068e0    00000006     sysbios.aem4f : BIOS.obj (.text:ti_sysbios_family_arm_lm4_TimestampProvider_Module_startup__E)
                  000068e6    00000002     --HOLE-- [fill = 0]
                  000068e8    00000006                   : BIOS.obj (.text:ti_sysbios_family_arm_m3_Hwi_restoreFxn__E)
                  000068ee    00000002     --HOLE-- [fill = 0]
                  000068f0    00000006                   : BIOS.obj (.text:ti_sysbios_gates_GateHwi_leave__E)
                  000068f6    00000002     --HOLE-- [fill = 0]
                  000068f8    00000006                   : BIOS.obj (.text:ti_sysbios_knl_Queue_Instance_init__E)
                  000068fe    00000002     --HOLE-- [fill = 0]
                  00006900    00000006                   : BIOS.obj (.text:ti_sysbios_knl_Swi_startup__E)
                  00006906    00000006     ti.targets.arm.rtsarm.aem4f : System.oem4f (.text:xdc_runtime_System_Module_startup__E)
                  0000690c    00000004     --HOLE-- [fill = 0]
                  00006910    00000004     sysbios.aem4f : BIOS.obj (.text:ti_sysbios_family_arm_lm4_Timer_getPeriod__E)
                  00006914    00000004     --HOLE-- [fill = 0]
                  00006918    00000004                   : BIOS.obj (.text:ti_sysbios_gates_GateHwi_query__E)
                  0000691c    00000004     --HOLE-- [fill = 0]
                  00006920    00000004                   : BIOS.obj (.text:ti_sysbios_gates_GateMutex_query__E)
                  00006924    00000004     --HOLE-- [fill = 0]
                  00006928    00000004                   : BIOS.obj (.text:ti_sysbios_knl_Task_startup__E)
                  0000692c    00000004     --HOLE-- [fill = 0]
                  00006930    00000002                   : BIOS.obj (.text:ti_sysbios_gates_GateHwi_Instance_init__E)

.const     0    00006934    00002816     
                  00006934    00001ff7     empty_pem4f.oem4f (.const:xdc_runtime_Text_charTab__A)
                  0000892b    00000001     empty_pem4f.oem4f (.const:xdc_runtime_Error_policy__C)
                  0000892c    00000108     empty_pem4f.oem4f (.const:xdc_runtime_Text_nodeTab__A)
                  00008a34    00000090     driverlib.lib : gpio.obj (.const:g_pui32GPIOBaseAddrs)
                  00008ac4    0000006c                   : sysctl.obj (.const:g_pui32Xtals)
                  00008b30    00000060     empty_pem4f.oem4f (.const:ti_uia_loggers_LoggerStopMode_Module__FXNS__C)
                  00008b90    00000048     empty_pem4f.oem4f (.const:.string)
                  00008bd8    00000028     empty_pem4f.oem4f (.const:ti_uia_loggers_LoggerStopMode_Object__PARAMS__C)
                  00008c00    00000028     empty_pem4f.oem4f (.const:xdc_runtime_HeapStd_Module__FXNS__C)
                  00008c28    00000028     empty_pem4f.oem4f (.const:xdc_runtime_Startup_sfxnTab__A)
                  00008c50    00000024     empty_pem4f.oem4f (.const:ti_sysbios_gates_GateHwi_Module__FXNS__C)
                  00008c74    00000024     empty_pem4f.oem4f (.const:ti_sysbios_gates_GateMutex_Module__FXNS__C)
                  00008c98    00000024     empty_pem4f.oem4f (.const:ti_sysbios_knl_Semaphore_Object__PARAMS__C)
                  00008cbc    00000020     empty_pem4f.oem4f (.const:ti_sysbios_gates_GateHwi_Object__DESC__C)
                  00008cdc    00000020     empty_pem4f.oem4f (.const:ti_sysbios_gates_GateMutex_Object__DESC__C)
                  00008cfc    00000020     empty_pem4f.oem4f (.const:ti_sysbios_knl_Queue_Object__DESC__C)
                  00008d1c    00000020     empty_pem4f.oem4f (.const:ti_sysbios_knl_Semaphore_Object__DESC__C)
                  00008d3c    00000020     empty_pem4f.oem4f (.const:ti_uia_loggers_LoggerStopMode_Object__DESC__C)
                  00008d5c    00000020     empty_pem4f.oem4f (.const:xdc_runtime_HeapStd_Object__DESC__C)
                  00008d7c    0000001c     empty_pem4f.oem4f (.const)
                  00008d98    0000001c     empty_pem4f.oem4f (.const:xdc_runtime_HeapStd_Object__PARAMS__C)
                  00008db4    00000018     empty_pem4f.oem4f (.const:ti_sysbios_gates_GateHwi_Object__PARAMS__C)
                  00008dcc    00000018     empty_pem4f.oem4f (.const:ti_sysbios_gates_GateMutex_Object__PARAMS__C)
                  00008de4    00000018     empty_pem4f.oem4f (.const:ti_sysbios_knl_Queue_Object__PARAMS__C)
                  00008dfc    00000018     empty_pem4f.oem4f (.const:ti_sysbios_knl_Task_hooks__A)
                  00008e14    00000014     empty_pem4f.oem4f (.const:xdc_runtime_Startup_firstFxns__A)
                  00008e28    00000014     empty_pem4f.oem4f (.const:xdc_runtime_Startup_sfxnRts__A)
                  00008e3c    00000012     empty.obj (.const:.string)
                  00008e4e    00000002     empty_pem4f.oem4f (.const:ti_catalog_arm_cortexm4_tiva_ce_Boot_Module__id__C)
                  00008e50    0000000c     empty.obj (.const:g_ui32UARTBase)
                  00008e5c    0000000c     empty.obj (.const:g_ui32UARTPeriph)
                  00008e68    00000008     empty_pem4f.oem4f (.const:ti_sysbios_family_arm_m3_Hwi_excHookFuncs__A)
                  00008e70    00000008     empty_pem4f.oem4f (.const:ti_sysbios_knl_Idle_funcList__A)
                  00008e78    00000008     empty_pem4f.oem4f (.const:ti_sysbios_knl_Idle_funcList__C)
                  00008e80    00000008     empty_pem4f.oem4f (.const:ti_sysbios_knl_Task_hooks__C)
                  00008e88    00000008     empty_pem4f.oem4f (.const:xdc_runtime_Startup_firstFxns__C)
                  00008e90    00000008     empty_pem4f.oem4f (.const:xdc_runtime_Startup_lastFxns__C)
                  00008e98    00000004     empty.obj (.const)
                  00008e9c    00000004     empty_pem4f.oem4f (.const:ti_catalog_arm_cortexm4_tiva_ce_Boot_A_mustUseEnhancedClockMode__C)
                  00008ea0    00000004     empty_pem4f.oem4f (.const:ti_catalog_arm_cortexm4_tiva_ce_Boot_Module__diagsEnabled__C)
                  00008ea4    00000004     empty_pem4f.oem4f (.const:ti_catalog_arm_cortexm4_tiva_ce_Boot_Module__diagsIncluded__C)
                  00008ea8    00000004     empty_pem4f.oem4f (.const:ti_catalog_arm_cortexm4_tiva_ce_Boot_Module__diagsMask__C)
                  00008eac    00000004     empty_pem4f.oem4f (.const:ti_sysbios_family_arm_lm4_Timer_enableFunc__C)
                  00008eb0    00000004     empty_pem4f.oem4f (.const:ti_sysbios_family_arm_lm4_Timer_numTimerDevices__C)
                  00008eb4    00000004     empty_pem4f.oem4f (.const:ti_sysbios_family_arm_lm4_Timer_startupNeeded__C)
                  00008eb8    00000004     empty_pem4f.oem4f (.const:ti_sysbios_family_arm_m3_Hwi_E_NMI__C)
                  00008ebc    00000004     empty_pem4f.oem4f (.const:ti_sysbios_family_arm_m3_Hwi_E_busFault__C)
                  00008ec0    00000004     empty_pem4f.oem4f (.const:ti_sysbios_family_arm_m3_Hwi_E_debugMon__C)
                  00008ec4    00000004     empty_pem4f.oem4f (.const:ti_sysbios_family_arm_m3_Hwi_E_hardFault__C)
                  00008ec8    00000004     empty_pem4f.oem4f (.const:ti_sysbios_family_arm_m3_Hwi_E_memFault__C)
                  00008ecc    00000004     empty_pem4f.oem4f (.const:ti_sysbios_family_arm_m3_Hwi_E_noIsr__C)
                  00008ed0    00000004     empty_pem4f.oem4f (.const:ti_sysbios_family_arm_m3_Hwi_E_reserved__C)
                  00008ed4    00000004     empty_pem4f.oem4f (.const:ti_sysbios_family_arm_m3_Hwi_E_svCall__C)
                  00008ed8    00000004     empty_pem4f.oem4f (.const:ti_sysbios_family_arm_m3_Hwi_E_usageFault__C)
                  00008edc    00000004     empty_pem4f.oem4f (.const:ti_sysbios_family_arm_m3_Hwi_LD_end__C)
                  00008ee0    00000004     empty_pem4f.oem4f (.const:ti_sysbios_family_arm_m3_Hwi_LM_begin__C)
                  00008ee4    00000004     empty_pem4f.oem4f (.const:ti_sysbios_family_arm_m3_Hwi_Module__diagsEnabled__C)
                  00008ee8    00000004     empty_pem4f.oem4f (.const:ti_sysbios_family_arm_m3_Hwi_Module__diagsIncluded__C)
                  00008eec    00000004     empty_pem4f.oem4f (.const:ti_sysbios_family_arm_m3_Hwi_Module__diagsMask__C)
                  00008ef0    00000004     empty_pem4f.oem4f (.const:ti_sysbios_family_arm_m3_Hwi_Module__loggerFxn1__C)
                  00008ef4    00000004     empty_pem4f.oem4f (.const:ti_sysbios_family_arm_m3_Hwi_Module__loggerFxn8__C)
                  00008ef8    00000004     empty_pem4f.oem4f (.const:ti_sysbios_family_arm_m3_Hwi_Module__loggerObj__C)
                  00008efc    00000004     empty_pem4f.oem4f (.const:ti_sysbios_family_arm_m3_Hwi_NUM_INTERRUPTS__C)
                  00008f00    00000004     empty_pem4f.oem4f (.const:ti_sysbios_family_arm_m3_Hwi_Object__count__C)
                  00008f04    00000004     empty_pem4f.oem4f (.const:ti_sysbios_family_arm_m3_Hwi_ccr__C)
                  00008f08    00000004     empty_pem4f.oem4f (.const:ti_sysbios_family_arm_m3_Hwi_excHandlerFunc__C)
                  00008f0c    00000004     empty_pem4f.oem4f (.const:ti_sysbios_family_arm_m3_Hwi_excHookFuncs__C)
                  00008f10    00000004     empty_pem4f.oem4f (.const:ti_sysbios_family_arm_m3_Hwi_nullIsrFunc__C)
                  00008f14    00000004     empty_pem4f.oem4f (.const:ti_sysbios_family_arm_m3_Hwi_priGroup__C)
                  00008f18    00000004     empty_pem4f.oem4f (.const:ti_sysbios_gates_GateMutex_A_badContext__C)
                  00008f1c    00000004     empty_pem4f.oem4f (.const:ti_sysbios_gates_GateMutex_Instance_State_sem__O)
                  00008f20    00000004     empty_pem4f.oem4f (.const:ti_sysbios_gates_GateMutex_Module__diagsEnabled__C)
                  00008f24    00000004     empty_pem4f.oem4f (.const:ti_sysbios_gates_GateMutex_Module__diagsIncluded__C)
                  00008f28    00000004     empty_pem4f.oem4f (.const:ti_sysbios_gates_GateMutex_Module__diagsMask__C)
                  00008f2c    00000004     empty_pem4f.oem4f (.const:ti_sysbios_hal_Hwi_E_stackOverflow__C)
                  00008f30    00000004     empty_pem4f.oem4f (.const:ti_sysbios_heaps_HeapMem_Object__count__C)
                  00008f34    00000004     empty_pem4f.oem4f (.const:ti_sysbios_knl_Clock_LM_begin__C)
                  00008f38    00000004     empty_pem4f.oem4f (.const:ti_sysbios_knl_Clock_LM_tick__C)
                  00008f3c    00000004     empty_pem4f.oem4f (.const:ti_sysbios_knl_Clock_LW_delayed__C)
                  00008f40    00000004     empty_pem4f.oem4f (.const:ti_sysbios_knl_Clock_Module_State_clockQ__O)
                  00008f44    00000004     empty_pem4f.oem4f (.const:ti_sysbios_knl_Clock_Module__diagsEnabled__C)
                  00008f48    00000004     empty_pem4f.oem4f (.const:ti_sysbios_knl_Clock_Module__diagsIncluded__C)
                  00008f4c    00000004     empty_pem4f.oem4f (.const:ti_sysbios_knl_Clock_Module__diagsMask__C)
                  00008f50    00000004     empty_pem4f.oem4f (.const:ti_sysbios_knl_Clock_Module__loggerFxn1__C)
                  00008f54    00000004     empty_pem4f.oem4f (.const:ti_sysbios_knl_Clock_Module__loggerFxn2__C)
                  00008f58    00000004     empty_pem4f.oem4f (.const:ti_sysbios_knl_Clock_Module__loggerObj__C)
                  00008f5c    00000004     empty_pem4f.oem4f (.const:ti_sysbios_knl_Semaphore_A_badContext__C)
                  00008f60    00000004     empty_pem4f.oem4f (.const:ti_sysbios_knl_Semaphore_A_noEvents__C)
                  00008f64    00000004     empty_pem4f.oem4f (.const:ti_sysbios_knl_Semaphore_A_overflow__C)
                  00008f68    00000004     empty_pem4f.oem4f (.const:ti_sysbios_knl_Semaphore_A_pendTaskDisabled__C)
                  00008f6c    00000004     empty_pem4f.oem4f (.const:ti_sysbios_knl_Semaphore_Instance_State_pendQ__O)
                  00008f70    00000004     empty_pem4f.oem4f (.const:ti_sysbios_knl_Semaphore_LM_pend__C)
                  00008f74    00000004     empty_pem4f.oem4f (.const:ti_sysbios_knl_Semaphore_LM_post__C)
                  00008f78    00000004     empty_pem4f.oem4f (.const:ti_sysbios_knl_Semaphore_Module__diagsEnabled__C)
                  00008f7c    00000004     empty_pem4f.oem4f (.const:ti_sysbios_knl_Semaphore_Module__diagsIncluded__C)
                  00008f80    00000004     empty_pem4f.oem4f (.const:ti_sysbios_knl_Semaphore_Module__diagsMask__C)
                  00008f84    00000004     empty_pem4f.oem4f (.const:ti_sysbios_knl_Semaphore_Module__loggerFxn2__C)
                  00008f88    00000004     empty_pem4f.oem4f (.const:ti_sysbios_knl_Semaphore_Module__loggerFxn4__C)
                  00008f8c    00000004     empty_pem4f.oem4f (.const:ti_sysbios_knl_Semaphore_Module__loggerObj__C)
                  00008f90    00000004     empty_pem4f.oem4f (.const:ti_sysbios_knl_Swi_LD_end__C)
                  00008f94    00000004     empty_pem4f.oem4f (.const:ti_sysbios_knl_Swi_LM_begin__C)
                  00008f98    00000004     empty_pem4f.oem4f (.const:ti_sysbios_knl_Swi_LM_post__C)
                  00008f9c    00000004     empty_pem4f.oem4f (.const:ti_sysbios_knl_Swi_Module__diagsEnabled__C)
                  00008fa0    00000004     empty_pem4f.oem4f (.const:ti_sysbios_knl_Swi_Module__diagsIncluded__C)
                  00008fa4    00000004     empty_pem4f.oem4f (.const:ti_sysbios_knl_Swi_Module__diagsMask__C)
                  00008fa8    00000004     empty_pem4f.oem4f (.const:ti_sysbios_knl_Swi_Module__loggerFxn1__C)
                  00008fac    00000004     empty_pem4f.oem4f (.const:ti_sysbios_knl_Swi_Module__loggerFxn4__C)
                  00008fb0    00000004     empty_pem4f.oem4f (.const:ti_sysbios_knl_Swi_Module__loggerObj__C)
                  00008fb4    00000004     empty_pem4f.oem4f (.const:ti_sysbios_knl_Swi_Object__count__C)
                  00008fb8    00000004     empty_pem4f.oem4f (.const:ti_sysbios_knl_Task_E_spOutOfBounds__C)
                  00008fbc    00000004     empty_pem4f.oem4f (.const:ti_sysbios_knl_Task_E_stackOverflow__C)
                  00008fc0    00000004     empty_pem4f.oem4f (.const:ti_sysbios_knl_Task_LD_block__C)
                  00008fc4    00000004     empty_pem4f.oem4f (.const:ti_sysbios_knl_Task_LD_exit__C)
                  00008fc8    00000004     empty_pem4f.oem4f (.const:ti_sysbios_knl_Task_LD_ready__C)
                  00008fcc    00000004     empty_pem4f.oem4f (.const:ti_sysbios_knl_Task_LM_switch__C)
                  00008fd0    00000004     empty_pem4f.oem4f (.const:ti_sysbios_knl_Task_Module_State_inactiveQ__O)
                  00008fd4    00000004     empty_pem4f.oem4f (.const:ti_sysbios_knl_Task_Module__diagsEnabled__C)
                  00008fd8    00000004     empty_pem4f.oem4f (.const:ti_sysbios_knl_Task_Module__diagsIncluded__C)
                  00008fdc    00000004     empty_pem4f.oem4f (.const:ti_sysbios_knl_Task_Module__diagsMask__C)
                  00008fe0    00000004     empty_pem4f.oem4f (.const:ti_sysbios_knl_Task_Module__loggerFxn2__C)
                  00008fe4    00000004     empty_pem4f.oem4f (.const:ti_sysbios_knl_Task_Module__loggerFxn4__C)
                  00008fe8    00000004     empty_pem4f.oem4f (.const:ti_sysbios_knl_Task_Module__loggerObj__C)
                  00008fec    00000004     empty_pem4f.oem4f (.const:ti_sysbios_knl_Task_Object__count__C)
                  00008ff0    00000004     empty_pem4f.oem4f (.const:ti_sysbios_knl_Task_Object__heap__C)
                  00008ff4    00000004     empty_pem4f.oem4f (.const:ti_sysbios_knl_Task_allBlockedFunc__C)
                  00008ff8    00000004     empty_pem4f.oem4f (.const:ti_sysbios_knl_Task_numConstructedTasks__C)
                  00008ffc    00000004     empty_pem4f.oem4f (.const:ti_sysbios_utils_Load_LS_cpuLoad__C)
                  00009000    00000004     empty_pem4f.oem4f (.const:ti_sysbios_utils_Load_LS_taskLoad__C)
                  00009004    00000004     empty_pem4f.oem4f (.const:ti_sysbios_utils_Load_Module_State_taskList__O)
                  00009008    00000004     empty_pem4f.oem4f (.const:ti_sysbios_utils_Load_Module__diagsEnabled__C)
                  0000900c    00000004     empty_pem4f.oem4f (.const:ti_sysbios_utils_Load_Module__diagsIncluded__C)
                  00009010    00000004     empty_pem4f.oem4f (.const:ti_sysbios_utils_Load_Module__diagsMask__C)
                  00009014    00000004     empty_pem4f.oem4f (.const:ti_sysbios_utils_Load_Module__loggerFxn1__C)
                  00009018    00000004     empty_pem4f.oem4f (.const:ti_sysbios_utils_Load_Module__loggerFxn4__C)
                  0000901c    00000004     empty_pem4f.oem4f (.const:ti_sysbios_utils_Load_Module__loggerObj__C)
                  00009020    00000004     empty_pem4f.oem4f (.const:ti_sysbios_utils_Load_postUpdate__C)
                  00009024    00000004     empty_pem4f.oem4f (.const:ti_sysbios_utils_Load_windowInMs__C)
                  00009028    00000004     empty_pem4f.oem4f (.const:ti_uia_loggers_LoggerStopMode_Module__diagsEnabled__C)
                  0000902c    00000004     empty_pem4f.oem4f (.const:ti_uia_loggers_LoggerStopMode_Module__diagsIncluded__C)
                  00009030    00000004     empty_pem4f.oem4f (.const:ti_uia_loggers_LoggerStopMode_Module__diagsMask__C)
                  00009034    00000004     empty_pem4f.oem4f (.const:ti_uia_loggers_LoggerStopMode_Object__count__C)
                  00009038    00000004     empty_pem4f.oem4f (.const:ti_uia_runtime_ILoggerSnapshot_Interface__BASE__C)
                  0000903c    00000004     empty_pem4f.oem4f (.const:ti_uia_runtime_IUIATransfer_Interface__BASE__C)
                  00009040    00000004     empty_pem4f.oem4f (.const:xdc_runtime_Assert_E_assertFailed__C)
                  00009044    00000004     empty_pem4f.oem4f (.const:xdc_runtime_Core_A_initializedParams__C)
                  00009048    00000004     empty_pem4f.oem4f (.const:xdc_runtime_Core_Module__diagsEnabled__C)
                  0000904c    00000004     empty_pem4f.oem4f (.const:xdc_runtime_Core_Module__diagsIncluded__C)
                  00009050    00000004     empty_pem4f.oem4f (.const:xdc_runtime_Core_Module__diagsMask__C)
                  00009054    00000004     empty_pem4f.oem4f (.const:xdc_runtime_Error_E_memory__C)
                  00009058    00000004     empty_pem4f.oem4f (.const:xdc_runtime_Error_Module__diagsEnabled__C)
                  0000905c    00000004     empty_pem4f.oem4f (.const:xdc_runtime_Error_Module__diagsIncluded__C)
                  00009060    00000004     empty_pem4f.oem4f (.const:xdc_runtime_Error_Module__diagsMask__C)
                  00009064    00000004     empty_pem4f.oem4f (.const:xdc_runtime_Error_Module__loggerFxn8__C)
                  00009068    00000004     empty_pem4f.oem4f (.const:xdc_runtime_Error_Module__loggerObj__C)
                  0000906c    00000004     empty_pem4f.oem4f (.const:xdc_runtime_Error_policyFxn__C)
                  00009070    00000004     empty_pem4f.oem4f (.const:xdc_runtime_Error_raiseHook__C)
                  00009074    00000004     empty_pem4f.oem4f (.const:xdc_runtime_HeapStd_A_align__C)
                  00009078    00000004     empty_pem4f.oem4f (.const:xdc_runtime_HeapStd_A_invalidTotalFreeSize__C)
                  0000907c    00000004     empty_pem4f.oem4f (.const:xdc_runtime_HeapStd_A_zeroSize__C)
                  00009080    00000004     empty_pem4f.oem4f (.const:xdc_runtime_HeapStd_E_noRTSMemory__C)
                  00009084    00000004     empty_pem4f.oem4f (.const:xdc_runtime_HeapStd_Module__diagsEnabled__C)
                  00009088    00000004     empty_pem4f.oem4f (.const:xdc_runtime_HeapStd_Module__diagsIncluded__C)
                  0000908c    00000004     empty_pem4f.oem4f (.const:xdc_runtime_HeapStd_Module__diagsMask__C)
                  00009090    00000004     empty_pem4f.oem4f (.const:xdc_runtime_IFilterLogger_Interface__BASE__C)
                  00009094    00000004     empty_pem4f.oem4f (.const:xdc_runtime_IGateProvider_Interface__BASE__C)
                  00009098    00000004     empty_pem4f.oem4f (.const:xdc_runtime_IHeap_Interface__BASE__C)
                  0000909c    00000004     empty_pem4f.oem4f (.const:xdc_runtime_ILogger_Interface__BASE__C)
                  000090a0    00000004     empty_pem4f.oem4f (.const:xdc_runtime_IModule_Interface__BASE__C)
                  000090a4    00000004     empty_pem4f.oem4f (.const:xdc_runtime_Log_L_error__C)
                  000090a8    00000004     empty_pem4f.oem4f (.const:xdc_runtime_Log_L_info__C)
                  000090ac    00000004     empty_pem4f.oem4f (.const:xdc_runtime_Main_Module__diagsEnabled__C)
                  000090b0    00000004     empty_pem4f.oem4f (.const:xdc_runtime_Main_Module__diagsIncluded__C)
                  000090b4    00000004     empty_pem4f.oem4f (.const:xdc_runtime_Main_Module__diagsMask__C)
                  000090b8    00000004     empty_pem4f.oem4f (.const:xdc_runtime_Main_Module__loggerFxn4__C)
                  000090bc    00000004     empty_pem4f.oem4f (.const:xdc_runtime_Main_Module__loggerObj__C)
                  000090c0    00000004     empty_pem4f.oem4f (.const:xdc_runtime_Memory_defaultHeapInstance__C)
                  000090c4    00000004     empty_pem4f.oem4f (.const:xdc_runtime_Startup_execImpl__C)
                  000090c8    00000004     empty_pem4f.oem4f (.const:xdc_runtime_Startup_lastFxns__A)
                  000090cc    00000004     empty_pem4f.oem4f (.const:xdc_runtime_Startup_maxPasses__C)
                  000090d0    00000004     empty_pem4f.oem4f (.const:xdc_runtime_Startup_sfxnRts__C)
                  000090d4    00000004     empty_pem4f.oem4f (.const:xdc_runtime_Startup_sfxnTab__C)
                  000090d8    00000004     empty_pem4f.oem4f (.const:xdc_runtime_SysMin_bufSize__C)
                  000090dc    00000004     empty_pem4f.oem4f (.const:xdc_runtime_SysMin_outputFunc__C)
                  000090e0    00000004     empty_pem4f.oem4f (.const:xdc_runtime_System_Module__gateObj__C)
                  000090e4    00000004     empty_pem4f.oem4f (.const:xdc_runtime_System_abortFxn__C)
                  000090e8    00000004     empty_pem4f.oem4f (.const:xdc_runtime_System_exitFxn__C)
                  000090ec    00000004     empty_pem4f.oem4f (.const:xdc_runtime_System_extendFxn__C)
                  000090f0    00000004     empty_pem4f.oem4f (.const:xdc_runtime_System_maxAtexitHandlers__C)
                  000090f4    00000004     empty_pem4f.oem4f (.const:xdc_runtime_Text_charTab__C)
                  000090f8    00000004     empty_pem4f.oem4f (.const:xdc_runtime_Text_nameEmpty__C)
                  000090fc    00000004     empty_pem4f.oem4f (.const:xdc_runtime_Text_nameStatic__C)
                  00009100    00000004     empty_pem4f.oem4f (.const:xdc_runtime_Text_nameUnknown__C)
                  00009104    00000004     empty_pem4f.oem4f (.const:xdc_runtime_Text_nodeTab__C)
                  00009108    00000004     empty_pem4f.oem4f (.const:xdc_runtime_Text_visitRopeFxn__C)
                  0000910c    00000002     empty_pem4f.oem4f (.const:ti_sysbios_family_arm_lm4_TimestampProvider_useClockTimer__C)
                  0000910e    00000002     empty_pem4f.oem4f (.const:ti_sysbios_family_arm_m3_Hwi_Module__id__C)
                  00009110    00000002     empty_pem4f.oem4f (.const:ti_sysbios_family_arm_m3_Hwi_Module__loggerDefined__C)
                  00009112    00000002     empty_pem4f.oem4f (.const:ti_sysbios_gates_GateMutex_Module__id__C)
                  00009114    00000002     empty_pem4f.oem4f (.const:ti_sysbios_hal_Hwi_Module__id__C)
                  00009116    00000002     empty_pem4f.oem4f (.const:ti_sysbios_knl_Clock_Module__id__C)
                  00009118    00000002     empty_pem4f.oem4f (.const:ti_sysbios_knl_Clock_Module__loggerDefined__C)
                  0000911a    00000002     empty_pem4f.oem4f (.const:ti_sysbios_knl_Semaphore_Module__id__C)
                  0000911c    00000002     empty_pem4f.oem4f (.const:ti_sysbios_knl_Semaphore_Module__loggerDefined__C)
                  0000911e    00000002     empty_pem4f.oem4f (.const:ti_sysbios_knl_Swi_Module__id__C)
                  00009120    00000002     empty_pem4f.oem4f (.const:ti_sysbios_knl_Swi_Module__loggerDefined__C)
                  00009122    00000002     empty_pem4f.oem4f (.const:ti_sysbios_knl_Task_Module__id__C)
                  00009124    00000002     empty_pem4f.oem4f (.const:ti_sysbios_knl_Task_Module__loggerDefined__C)
                  00009126    00000002     empty_pem4f.oem4f (.const:ti_sysbios_utils_Load_Module__id__C)
                  00009128    00000002     empty_pem4f.oem4f (.const:ti_sysbios_utils_Load_Module__loggerDefined__C)
                  0000912a    00000002     empty_pem4f.oem4f (.const:ti_sysbios_utils_Load_autoAddTasks__C)
                  0000912c    00000002     empty_pem4f.oem4f (.const:ti_sysbios_utils_Load_updateInIdle__C)
                  0000912e    00000002     empty_pem4f.oem4f (.const:ti_uia_loggers_LoggerStopMode_Module__id__C)
                  00009130    00000002     empty_pem4f.oem4f (.const:ti_uia_loggers_LoggerStopMode_isTimestampEnabled__C)
                  00009132    00000002     empty_pem4f.oem4f (.const:xdc_runtime_Core_Module__id__C)
                  00009134    00000002     empty_pem4f.oem4f (.const:xdc_runtime_Error_Module__loggerDefined__C)
                  00009136    00000002     empty_pem4f.oem4f (.const:xdc_runtime_Error_maxDepth__C)
                  00009138    00000002     empty_pem4f.oem4f (.const:xdc_runtime_HeapStd_Module__id__C)
                  0000913a    00000002     empty_pem4f.oem4f (.const:xdc_runtime_Main_Module__id__C)
                  0000913c    00000002     empty_pem4f.oem4f (.const:xdc_runtime_Main_Module__loggerDefined__C)
                  0000913e    00000002     empty_pem4f.oem4f (.const:xdc_runtime_Memory_Module__id__C)
                  00009140    00000002     empty_pem4f.oem4f (.const:xdc_runtime_SysMin_flushAtExit__C)
                  00009142    00000002     empty_pem4f.oem4f (.const:xdc_runtime_Text_charCnt__C)
                  00009144    00000002     empty_pem4f.oem4f (.const:xdc_runtime_Text_isLoaded__C)
                  00009146    00000002     empty_pem4f.oem4f (.const:xdc_runtime_Text_registryModsLastId__C)
                  00009148    00000002     empty_pem4f.oem4f (.const:xdc_runtime_Text_unnamedModsLastId__C)

.cinit     0    00009150    00000300     
                  00009150    000002cb     (.cinit..data.load) [load image, compression = lzss]
                  0000941b    00000001     --HOLE-- [fill = 0]
                  0000941c    0000000c     (__TI_handler_table)
                  00009428    00000008     (.cinit..bss.load) [load image, compression = zero_init]
                  00009430    00000008     (.cinit..vecs.load) [load image, compression = zero_init]
                  00009438    00000018     (__TI_cinit_table)

.init_array 
*          0    00000000    00000000     UNINITIALIZED

.resetVecs 
*          0    00000000    0000003c     
                  00000000    0000003c     empty_pem4f.oem4f (.resetVecs)

.bss       0    20000380    00003430     UNINITIALIZED
                  20000380    00002000     empty_pem4f.oem4f (.bss:taskStackSection)
                  20002380    00000400     (.common:ti_uia_loggers_LoggerStopMode_Instance_State_1_packetArray__A)
                  20002780    00000400     (.common:ti_uia_loggers_LoggerStopMode_Instance_State_2_packetArray__A)
                  20002b80    00000400     (.common:xdc_runtime_SysMin_Module_State_0_outbuf__A)
                  20002f80    00000360     (.common:ti_sysbios_family_arm_m3_Hwi_dispatchTable)
                  200032e0    00000008     (.common:parmbuf)
                  200032e8    00000004     (.common:ADCValues)
                  200032ec    00000004     (.common:ADC_out)
                  200032f0    00000004     (.common:ti_sysbios_knl_Task_Instance_State_0_hookEnv__A)
                  200032f4    00000004     (.common:ti_sysbios_knl_Task_Instance_State_1_hookEnv__A)
                  200032f8    00000004     (.common:ti_sysbios_knl_Task_Instance_State_2_hookEnv__A)
                  200032fc    00000004     (.common:ti_sysbios_knl_Task_Instance_State_3_hookEnv__A)
                  20003300    00000200     (.common:ti_uia_loggers_LoggerStopMode_Instance_State_0_packetArray__A)
                  20003500    00000120     rtsv7M4_T_le_v4SPD16_eabi.lib : trgmsg.c.obj (.bss:_CIOBUF_)
                  20003620    00000060     --HOLE--
                  20003680    00000030     (.common:ti_uia_loggers_LoggerStopMode_Instance_State_0_hdr__A)
                  200036b0    00000050     --HOLE--
                  20003700    00000030     (.common:ti_uia_loggers_LoggerStopMode_Instance_State_1_hdr__A)
                  20003730    00000050     --HOLE--
                  20003780    00000030     (.common:ti_uia_loggers_LoggerStopMode_Instance_State_2_hdr__A)

.data      0    200037b0    00000774     UNINITIALIZED
                  200037b0    00000140     empty_pem4f.oem4f (.data:ti_sysbios_knl_Task_Object__table__V)
                  200038f0    0000009c     empty_pem4f.oem4f (.data:ti_uia_loggers_LoggerStopMode_Object__table__V)
                  2000398c    00000098     empty_pem4f.oem4f (.data:ti_sysbios_utils_Load_Module__state__V)
                  20003a24    00000080     empty_pem4f.oem4f (.data:ti_sysbios_family_arm_lm4_Timer_Object__table__V)
                  20003aa4    00000080     empty_pem4f.oem4f (.data:ti_sysbios_knl_Swi_Module_State_0_readyQ__A)
                  20003b24    00000080     empty_pem4f.oem4f (.data:ti_sysbios_knl_Task_Module_State_0_readyQ__A)
                  20003ba4    00000070     empty_pem4f.oem4f (.data:ti_sysbios_utils_Load_Module_State_0_taskEnv__A)
                  20003c14    00000048     empty_pem4f.oem4f (.data:ti_sysbios_family_arm_m3_Hwi_Object__table__V)
                  20003c5c    00000044     empty_pem4f.oem4f (.data:ti_sysbios_knl_Task_Module__state__V)
                  20003ca0    0000003c     empty_pem4f.oem4f (.data:ti_sysbios_knl_Semaphore_Object__table__V)
                  20003cdc    00000038     empty_pem4f.oem4f (.data:ti_sysbios_gates_GateMutex_Object__table__V)
                  20003d14    00000034     empty_pem4f.oem4f (.data:ti_sysbios_family_arm_m3_Hwi_Module__state__V)
                  20003d48    00000030     empty_pem4f.oem4f (.data:ti_sysbios_family_arm_lm4_Timer_Module_State_0_device__A)
                  20003d78    00000030     empty_pem4f.oem4f (.data:ti_sysbios_knl_Swi_Object__table__V)
                  20003da8    0000002c     empty_pem4f.oem4f (.data:ti_sysbios_knl_Clock_Module__state__V)
                  20003dd4    00000024     empty_pem4f.oem4f (.data:ti_sysbios_BIOS_Module__state__V)
                  20003df8    00000020     empty_pem4f.oem4f (.data:xdc_runtime_System_Module_State_0_atexitHandlers__A)
                  20003e18    0000001c     empty_pem4f.oem4f (.data:ti_sysbios_knl_Swi_Module__state__V)
                  20003e34    00000018     empty_pem4f.oem4f (.data:ti_sysbios_family_arm_lm4_Timer_Module_State_0_handles__A)
                  20003e4c    0000000c     empty_pem4f.oem4f (.data:ti_sysbios_family_arm_lm4_Timer_Module__state__V)
                  20003e58    0000000c     empty_pem4f.oem4f (.data:ti_sysbios_knl_Task_Module__root__V)
                  20003e64    0000000c     empty_pem4f.oem4f (.data:ti_uia_runtime_QueueDescriptor_Module__state__V)
                  20003e70    0000000c     empty_pem4f.oem4f (.data:xdc_runtime_HeapStd_Object__table__V)
                  20003e7c    0000000c     empty_pem4f.oem4f (.data:xdc_runtime_SysMin_Module__state__V)
                  20003e88    00000009     empty.obj (.data)
                  20003e91    00000001     --HOLE--
                  20003e92    00000002     empty_pem4f.oem4f (.data:ti_sysbios_family_arm_m3_Hwi_Module_State_0_excActive__A)
                  20003e94    00000008     rtsv7M4_T_le_v4SPD16_eabi.lib : _lock.c.obj (.data:$O1$$)
                  20003e9c    00000008     ti.uia.runtime.aem4f : QueueDescriptor.oem4f (.data)
                  20003ea4    00000008     empty_pem4f.oem4f (.data:ti_sysbios_family_arm_lm4_TimestampProvider_Module__state__V)
                  20003eac    00000008     empty_pem4f.oem4f (.data:ti_sysbios_gates_GateHwi_Module__root__V)
                  20003eb4    00000008     empty_pem4f.oem4f (.data:ti_sysbios_gates_GateMutex_Module__root__V)
                  20003ebc    00000008     empty_pem4f.oem4f (.data:ti_sysbios_hal_Hwi_Object__table__V)
                  20003ec4    00000008     empty_pem4f.oem4f (.data:ti_sysbios_knl_Queue_Module__root__V)
                  20003ecc    00000008     empty_pem4f.oem4f (.data:ti_sysbios_knl_Semaphore_Module__root__V)
                  20003ed4    00000008     empty_pem4f.oem4f (.data:ti_uia_loggers_LoggerStopMode_Module__root__V)
                  20003edc    00000008     empty_pem4f.oem4f (.data:xdc_runtime_HeapStd_Module__root__V)
                  20003ee4    00000008     empty_pem4f.oem4f (.data:xdc_runtime_Registry_Module__state__V)
                  20003eec    00000008     empty_pem4f.oem4f (.data:xdc_runtime_Startup_Module__state__V)
                  20003ef4    00000008     empty_pem4f.oem4f (.data:xdc_runtime_System_Module__state__V)
                  20003efc    00000004     rtsv7M4_T_le_v4SPD16_eabi.lib : stkdepth_vars.c.obj (.data)
                  20003f00    00000004     empty_pem4f.oem4f (.data:ti_sysbios_family_arm_m3_Hwi_Module_State_0_excContext__A)
                  20003f04    00000004     empty_pem4f.oem4f (.data:ti_sysbios_family_arm_m3_Hwi_Module_State_0_excStack__A)
                  20003f08    00000004     empty_pem4f.oem4f (.data:ti_sysbios_gates_GateHwi_Object__table__V)
                  20003f0c    00000004     empty_pem4f.oem4f (.data:ti_sysbios_knl_Task_Module_State_0_idleTask__A)
                  20003f10    00000004     empty_pem4f.oem4f (.data:ti_sysbios_utils_Load_Module_State_0_runningTask__A)
                  20003f14    00000004     empty_pem4f.oem4f (.data:ti_sysbios_utils_Load_Module_State_0_taskStartTime__A)
                  20003f18    00000004     empty_pem4f.oem4f (.data:xdc_runtime_HeapStd_Module__state__V)
                  20003f1c    00000004     empty_pem4f.oem4f (.data:xdc_runtime_Memory_Module__state__V)
                  20003f20    00000002     empty_pem4f.oem4f (.data:xdc_runtime_Error_Module__state__V)
                  20003f22    00000002     empty_pem4f.oem4f (.data:xdc_runtime_Main_Module__root__V)

.stack     0    20003f28    00000400     UNINITIALIZED
                  20003f28    00000400     --HOLE--

.bootVecs 
*          0    00000000    00000008     DSECT
                  00000000    00000008     boot.aem4f : boot.oem4f (.bootVecs)

.vecs      0    20000000    00000360     UNINITIALIZED
                  20000000    00000360     empty_pem4f.oem4f (.vecs)

xdc.meta   0    00000000    000000e4     COPY SECTION
                  00000000    000000e4     empty_pem4f.oem4f (xdc.meta)

MODULE SUMMARY

       Module                       code    ro data   rw data
       ------                       ----    -------   -------
    .\
       empty.obj                    1732    46        17     
    +--+----------------------------+-------+---------+---------+
       Total:                       1732    46        17     
                                                             
    C:\Users\itzel\workspace_v9\RTOS_Assignment\Debug\configPkg\package\cfg\
       empty_pem4f.oem4f            3114    10024     15542  
    +--+----------------------------+-------+---------+---------+
       Total:                       3114    10024     15542  
                                                             
    C:/ti/tirtos_tivac_2_16_00_08/products/TivaWare_C_Series-2.1.1.71b/driverlib/ccs/Debug/driverlib.lib
       sysctl.obj                   622     108       0      
       gpio.obj                     490     144       0      
       adc.obj                      308     0         0      
       timer.obj                    140     0         0      
       uart.obj                     130     0         0      
    +--+----------------------------+-------+---------+---------+
       Total:                       1690    252       0      
                                                             
    C:\Users\itzel\workspace_v9\RTOS_Assignment\src\sysbios\sysbios.aem4f
       BIOS.obj                     12692   0         0      
       m3_Hwi_asm.obj               314     0         0      
       m3_TaskSupport_asm.obj       180     0         0      
       m3_Hwi_asm_switch.obj        118     0         0      
    +--+----------------------------+-------+---------+---------+
       Total:                       13304   0         0      
                                                             
    C:\ti\ccs910\ccs\tools\compiler\ti-cgt-arm_18.12.2.LTS\lib\rtsv7M4_T_le_v4SPD16_eabi.lib
       trgmsg.c.obj                 108     0         288    
       memcpy_t2.asm.obj            156     0         0      
       memset_t2.asm.obj            122     0         0      
       copy_decompress_lzss.c.obj   104     0         0      
       hostwrite.c.obj              88      0         0      
       cpy_tbl.c.obj                76      0         0      
       u_divt2.asm.obj              64      0         0      
       _lock.c.obj                  26      0         8      
       args_main.c.obj              24      0         0      
       strlen.c.obj                 20      0         0      
       copy_decompress_none.c.obj   14      0         0      
       copy_zero_init.c.obj         12      0         0      
       hostopen.c.obj               0       0         8      
       exit.c.obj                   4       0         0      
       stkdepth_vars.c.obj          0       0         4      
       div0.asm.obj                 2       0         0      
    +--+----------------------------+-------+---------+---------+
       Total:                       820     0         308    
                                                             
    C:\ti\tirtos_tivac_2_16_00_08\products\bios_6_45_01_29\packages\ti\catalog\arm\cortexm4\tiva\ce\lib\Boot.aem4f
       Boot_sysctl.oem4f            262     0         0      
       Boot.oem4f                   152     0         0      
    +--+----------------------------+-------+---------+---------+
       Total:                       414     0         0      
                                                             
    C:\ti\tirtos_tivac_2_16_00_08\products\bios_6_45_01_29\packages\ti\targets\arm\rtsarm\lib\auto_init.aem4f
       auto_init.oem4f              160     0         0      
    +--+----------------------------+-------+---------+---------+
       Total:                       160     0         0      
                                                             
    C:\ti\tirtos_tivac_2_16_00_08\products\bios_6_45_01_29\packages\ti\targets\arm\rtsarm\lib\boot.aem4f
       boot.oem4f                   88      0         0      
    +--+----------------------------+-------+---------+---------+
       Total:                       88      0         0      
                                                             
    C:\ti\tirtos_tivac_2_16_00_08\products\bios_6_45_01_29\packages\ti\targets\arm\rtsarm\lib\ti.targets.arm.rtsarm.aem4f
       System.oem4f                 1255    0         0      
       HeapStd.oem4f                714     0         0      
       Text.oem4f                   672     0         0      
       Error.oem4f                  524     0         0      
       Core-mem.oem4f               358     0         0      
       Startup.oem4f                328     0         0      
       SysMin.oem4f                 248     0         0      
       Core-smem.oem4f              204     0         0      
       Memory.oem4f                 176     0         0      
       Assert.oem4f                 84      0         0      
       Core-params.oem4f            70      0         0      
       Core-label.oem4f             52      0         0      
       Registry.oem4f               32      0         0      
       Gate.oem4f                   28      0         0      
    +--+----------------------------+-------+---------+---------+
       Total:                       4745    0         0      
                                                             
    C:\ti\tirtos_tivac_2_16_00_08\products\uia_2_00_05_50\packages\ti\uia\loggers\lib\release\ti.uia.loggers.aem4f
       LoggerStopMode.oem4f         552     0         0      
    +--+----------------------------+-------+---------+---------+
       Total:                       552     0         0      
                                                             
[...]
00008ef0  ti_sysbios_family_arm_m3_Hwi_Module__loggerFxn1__C                
00008ef4  ti_sysbios_family_arm_m3_Hwi_Module__loggerFxn8__C                
00008ef8  ti_sysbios_family_arm_m3_Hwi_Module__loggerObj__C                 
00008efc  ti_sysbios_family_arm_m3_Hwi_NUM_INTERRUPTS__C                    
00008f00  ti_sysbios_family_arm_m3_Hwi_Object__count__C                     
00008f04  ti_sysbios_family_arm_m3_Hwi_ccr__C                               
00008f08  ti_sysbios_family_arm_m3_Hwi_excHandlerFunc__C                    
00008f0c  ti_sysbios_family_arm_m3_Hwi_excHookFuncs__C                      
00008f10  ti_sysbios_family_arm_m3_Hwi_nullIsrFunc__C                       
00008f14  ti_sysbios_family_arm_m3_Hwi_priGroup__C                          
00008f18  ti_sysbios_gates_GateMutex_A_badContext__C                        
00008f1c  ti_sysbios_gates_GateMutex_Instance_State_sem__O                  
00008f20  ti_sysbios_gates_GateMutex_Module__diagsEnabled__C                
00008f24  ti_sysbios_gates_GateMutex_Module__diagsIncluded__C               
00008f28  ti_sysbios_gates_GateMutex_Module__diagsMask__C                   
00008f2c  ti_sysbios_hal_Hwi_E_stackOverflow__C                             
00008f30  ti_sysbios_heaps_HeapMem_Object__count__C                         
00008f34  ti_sysbios_knl_Clock_LM_begin__C                                  
00008f38  ti_sysbios_knl_Clock_LM_tick__C                                   
00008f3c  ti_sysbios_knl_Clock_LW_delayed__C                                
00008f40  ti_sysbios_knl_Clock_Module_State_clockQ__O                       
00008f44  ti_sysbios_knl_Clock_Module__diagsEnabled__C                      
00008f48  ti_sysbios_knl_Clock_Module__diagsIncluded__C                     
00008f4c  ti_sysbios_knl_Clock_Module__diagsMask__C                         
00008f50  ti_sysbios_knl_Clock_Module__loggerFxn1__C                        
00008f54  ti_sysbios_knl_Clock_Module__loggerFxn2__C                        
00008f58  ti_sysbios_knl_Clock_Module__loggerObj__C                         
00008f5c  ti_sysbios_knl_Semaphore_A_badContext__C                          
00008f60  ti_sysbios_knl_Semaphore_A_noEvents__C                            
00008f64  ti_sysbios_knl_Semaphore_A_overflow__C                            
00008f68  ti_sysbios_knl_Semaphore_A_pendTaskDisabled__C                    
00008f6c  ti_sysbios_knl_Semaphore_Instance_State_pendQ__O                  
00008f70  ti_sysbios_knl_Semaphore_LM_pend__C                               
00008f74  ti_sysbios_knl_Semaphore_LM_post__C                               
00008f78  ti_sysbios_knl_Semaphore_Module__diagsEnabled__C                  
00008f7c  ti_sysbios_knl_Semaphore_Module__diagsIncluded__C                 
00008f80  ti_sysbios_knl_Semaphore_Module__diagsMask__C                     
00008f84  ti_sysbios_knl_Semaphore_Module__loggerFxn2__C                    
00008f88  ti_sysbios_knl_Semaphore_Module__loggerFxn4__C                    
00008f8c  ti_sysbios_knl_Semaphore_Module__loggerObj__C                     
00008f90  ti_sysbios_knl_Swi_LD_end__C                                      
00008f94  ti_sysbios_knl_Swi_LM_begin__C                                    
00008f98  ti_sysbios_knl_Swi_LM_post__C                                     
00008f9c  ti_sysbios_knl_Swi_Module__diagsEnabled__C                        
00008fa0  ti_sysbios_knl_Swi_Module__diagsIncluded__C                       
00008fa4  ti_sysbios_knl_Swi_Module__diagsMask__C                           
00008fa8  ti_sysbios_knl_Swi_Module__loggerFxn1__C                          
00008fac  ti_sysbios_knl_Swi_Module__loggerFxn4__C                          
00008fb0  ti_sysbios_knl_Swi_Module__loggerObj__C                           
00008fb4  ti_sysbios_knl_Swi_Object__count__C                               
00008fb8  ti_sysbios_knl_Task_E_spOutOfBounds__C                            
00008fbc  ti_sysbios_knl_Task_E_stackOverflow__C                            
00008fc0  ti_sysbios_knl_Task_LD_block__C                                   
00008fc4  ti_sysbios_knl_Task_LD_exit__C                                    
00008fc8  ti_sysbios_knl_Task_LD_ready__C                                   
00008fcc  ti_sysbios_knl_Task_LM_switch__C                                  
00008fd0  ti_sysbios_knl_Task_Module_State_inactiveQ__O                     
00008fd4  ti_sysbios_knl_Task_Module__diagsEnabled__C                       
00008fd8  ti_sysbios_knl_Task_Module__diagsIncluded__C                      
00008fdc  ti_sysbios_knl_Task_Module__diagsMask__C                          
00008fe0  ti_sysbios_knl_Task_Module__loggerFxn2__C                         
00008fe4  ti_sysbios_knl_Task_Module__loggerFxn4__C                         
00008fe8  ti_sysbios_knl_Task_Module__loggerObj__C                          
00008fec  ti_sysbios_knl_Task_Object__count__C                              
00008ff0  ti_sysbios_knl_Task_Object__heap__C                               
00008ff4  ti_sysbios_knl_Task_allBlockedFunc__C                             
00008ff8  ti_sysbios_knl_Task_numConstructedTasks__C                        
00008ffc  ti_sysbios_utils_Load_LS_cpuLoad__C                               
00009000  ti_sysbios_utils_Load_LS_taskLoad__C                              
00009004  ti_sysbios_utils_Load_Module_State_taskList__O                    
00009008  ti_sysbios_utils_Load_Module__diagsEnabled__C                     
0000900c  ti_sysbios_utils_Load_Module__diagsIncluded__C                    
00009010  ti_sysbios_utils_Load_Module__diagsMask__C                        
00009014  ti_sysbios_utils_Load_Module__loggerFxn1__C                       
00009018  ti_sysbios_utils_Load_Module__loggerFxn4__C                       
0000901c  ti_sysbios_utils_Load_Module__loggerObj__C                        
00009020  ti_sysbios_utils_Load_postUpdate__C                               
00009024  ti_sysbios_utils_Load_windowInMs__C                               
00009028  ti_uia_loggers_LoggerStopMode_Module__diagsEnabled__C             
0000902c  ti_uia_loggers_LoggerStopMode_Module__diagsIncluded__C            
00009030  ti_uia_loggers_LoggerStopMode_Module__diagsMask__C                
00009034  ti_uia_loggers_LoggerStopMode_Object__count__C                    
00009038  ti_uia_runtime_ILoggerSnapshot_Interface__BASE__C                 
0000903c  ti_uia_runtime_IUIATransfer_Interface__BASE__C                    
00009040  xdc_runtime_Assert_E_assertFailed__C                              
00009044  xdc_runtime_Core_A_initializedParams__C                           
00009048  xdc_runtime_Core_Module__diagsEnabled__C                          
0000904c  xdc_runtime_Core_Module__diagsIncluded__C                         
00009050  xdc_runtime_Core_Module__diagsMask__C                             
00009054  xdc_runtime_Error_E_memory__C                                     
00009058  xdc_runtime_Error_Module__diagsEnabled__C                         
0000905c  xdc_runtime_Error_Module__diagsIncluded__C                        
00009060  xdc_runtime_Error_Module__diagsMask__C                            
00009064  xdc_runtime_Error_Module__loggerFxn8__C                           
00009068  xdc_runtime_Error_Module__loggerObj__C                            
0000906c  xdc_runtime_Error_policyFxn__C                                    
00009070  xdc_runtime_Error_raiseHook__C                                    
00009074  xdc_runtime_HeapStd_A_align__C                                    
00009078  xdc_runtime_HeapStd_A_invalidTotalFreeSize__C                     
0000907c  xdc_runtime_HeapStd_A_zeroSize__C                                 
00009080  xdc_runtime_HeapStd_E_noRTSMemory__C                              
00009084  xdc_runtime_HeapStd_Module__diagsEnabled__C                       
00009088  xdc_runtime_HeapStd_Module__diagsIncluded__C                      
0000908c  xdc_runtime_HeapStd_Module__diagsMask__C                          
00009090  xdc_runtime_IFilterLogger_Interface__BASE__C                      
00009094  xdc_runtime_IGateProvider_Interface__BASE__C                      
00009098  xdc_runtime_IHeap_Interface__BASE__C                              
0000909c  xdc_runtime_ILogger_Interface__BASE__C                            
000090a0  xdc_runtime_IModule_Interface__BASE__C                            
000090a4  xdc_runtime_Log_L_error__C                                        
000090a8  xdc_runtime_Log_L_info__C                                         
000090ac  xdc_runtime_Main_Module__diagsEnabled__C                          
000090b0  xdc_runtime_Main_Module__diagsIncluded__C                         
000090b4  xdc_runtime_Main_Module__diagsMask__C                             
000090b8  xdc_runtime_Main_Module__loggerFxn4__C                            
000090bc  xdc_runtime_Main_Module__loggerObj__C                             
000090c0  xdc_runtime_Memory_defaultHeapInstance__C                         
000090c4  xdc_runtime_Startup_execImpl__C                                   
000090c8  xdc_runtime_Startup_lastFxns__A                                   
000090cc  xdc_runtime_Startup_maxPasses__C                                  
000090d0  xdc_runtime_Startup_sfxnRts__C                                    
000090d4  xdc_runtime_Startup_sfxnTab__C                                    
000090d8  xdc_runtime_SysMin_bufSize__C                                     
000090dc  xdc_runtime_SysMin_outputFunc__C                                  
000090e0  xdc_runtime_System_Module__gateObj__C                             
000090e4  xdc_runtime_System_abortFxn__C                                    
000090e8  xdc_runtime_System_exitFxn__C                                     
000090ec  xdc_runtime_System_extendFxn__C                                   
000090f0  xdc_runtime_System_maxAtexitHandlers__C                           
000090f4  xdc_runtime_Text_charTab__C                                       
000090f8  xdc_runtime_Text_nameEmpty__C                                     
000090fc  xdc_runtime_Text_nameStatic__C                                    
00009100  xdc_runtime_Text_nameUnknown__C                                   
00009104  xdc_runtime_Text_nodeTab__C                                       
00009108  xdc_runtime_Text_visitRopeFxn__C                                  
0000910c  ti_sysbios_family_arm_lm4_TimestampProvider_useClockTimer__C      
0000910e  ti_sysbios_family_arm_m3_Hwi_Module__id__C                        
00009110  ti_sysbios_family_arm_m3_Hwi_Module__loggerDefined__C             
00009112  ti_sysbios_gates_GateMutex_Module__id__C                          
00009114  ti_sysbios_hal_Hwi_Module__id__C                                  
00009116  ti_sysbios_knl_Clock_Module__id__C                                
00009118  ti_sysbios_knl_Clock_Module__loggerDefined__C                     
0000911a  ti_sysbios_knl_Semaphore_Module__id__C                            
0000911c  ti_sysbios_knl_Semaphore_Module__loggerDefined__C                 
0000911e  ti_sysbios_knl_Swi_Module__id__C                                  
00009120  ti_sysbios_knl_Swi_Module__loggerDefined__C                       
00009122  ti_sysbios_knl_Task_Module__id__C                                 
00009124  ti_sysbios_knl_Task_Module__loggerDefined__C                      
00009126  ti_sysbios_utils_Load_Module__id__C                               
00009128  ti_sysbios_utils_Load_Module__loggerDefined__C                    
0000912a  ti_sysbios_utils_Load_autoAddTasks__C                             
0000912c  ti_sysbios_utils_Load_updateInIdle__C                             
0000912e  ti_uia_loggers_LoggerStopMode_Module__id__C                       
00009130  ti_uia_loggers_LoggerStopMode_isTimestampEnabled__C               
00009132  xdc_runtime_Core_Module__id__C                                    
00009134  xdc_runtime_Error_Module__loggerDefined__C                        
00009136  xdc_runtime_Error_maxDepth__C                                     
00009138  xdc_runtime_HeapStd_Module__id__C                                 
0000913a  xdc_runtime_Main_Module__id__C                                    
0000913c  xdc_runtime_Main_Module__loggerDefined__C                         
0000913e  xdc_runtime_Memory_Module__id__C                                  
00009140  xdc_runtime_SysMin_flushAtExit__C                                 
00009142  xdc_runtime_Text_charCnt__C                                       
00009144  xdc_runtime_Text_isLoaded__C                                      
00009146  xdc_runtime_Text_registryModsLastId__C                            
00009148  xdc_runtime_Text_unnamedModsLastId__C                             
00009150  __TI_static_base__                                                
0000941c  __TI_Handler_Table_Base                                           
00009428  __TI_Handler_Table_Limit                                          
00009438  __TI_CINIT_Base                                                   
00009450  __TI_CINIT_Limit                                                  
20000000  ti_sysbios_family_arm_m3_Hwi_ramVectors                           
20000380  ti_sysbios_knl_Task_Instance_State_0_stack__A                     
20000b80  ti_sysbios_knl_Task_Instance_State_1_stack__A                     
20001380  ti_sysbios_knl_Task_Instance_State_2_stack__A                     
20001b80  ti_sysbios_knl_Task_Instance_State_3_stack__A                     
20002380  ti_uia_loggers_LoggerStopMode_Instance_State_1_packetArray__A     
20002780  ti_uia_loggers_LoggerStopMode_Instance_State_2_packetArray__A     
20002b80  xdc_runtime_SysMin_Module_State_0_outbuf__A                       
20002f80  ti_sysbios_family_arm_m3_Hwi_dispatchTable                        
200032e0  parmbuf                                                           
200032e8  ADCValues                                                         
200032ec  ADC_out                                                           
200032f0  ti_sysbios_knl_Task_Instance_State_0_hookEnv__A                   
200032f4  ti_sysbios_knl_Task_Instance_State_1_hookEnv__A                   
200032f8  ti_sysbios_knl_Task_Instance_State_2_hookEnv__A                   
200032fc  ti_sysbios_knl_Task_Instance_State_3_hookEnv__A                   
20003300  ti_uia_loggers_LoggerStopMode_Instance_State_0_packetArray__A     
20003500  __CIOBUF_                                                         
20003680  ti_uia_loggers_LoggerStopMode_Instance_State_0_hdr__A             
20003700  ti_uia_loggers_LoggerStopMode_Instance_State_1_hdr__A             
20003780  ti_uia_loggers_LoggerStopMode_Instance_State_2_hdr__A             
200037b0  ti_sysbios_knl_Task_Object__table__V                              
200038f0  ti_uia_loggers_LoggerStopMode_Object__table__V                    
2000398c  ti_sysbios_utils_Load_Module__state__V                            
20003a24  ti_sysbios_family_arm_lm4_Timer_Object__table__V                  
20003aa4  ti_sysbios_knl_Swi_Module_State_0_readyQ__A                       
20003b24  ti_sysbios_knl_Task_Module_State_0_readyQ__A                      
20003ba4  ti_sysbios_utils_Load_Module_State_0_taskEnv__A                   
20003c14  ti_sysbios_family_arm_m3_Hwi_Object__table__V                     
20003c5c  ti_sysbios_knl_Task_Module__state__V                              
20003ca0  ti_sysbios_knl_Semaphore_Object__table__V                         
20003cdc  ti_sysbios_gates_GateMutex_Object__table__V                       
20003d14  ti_sysbios_family_arm_m3_Hwi_Module__state__V                     
20003d48  ti_sysbios_family_arm_lm4_Timer_Module_State_0_device__A          
20003d78  ti_sysbios_knl_Swi_Object__table__V                               
20003da8  ti_sysbios_knl_Clock_Module__state__V                             
20003dd4  ti_sysbios_BIOS_Module__state__V                                  
20003df8  xdc_runtime_System_Module_State_0_atexitHandlers__A               
20003e18  ti_sysbios_knl_Swi_Module__state__V                               
20003e34  ti_sysbios_family_arm_lm4_Timer_Module_State_0_handles__A         
20003e4c  ti_sysbios_family_arm_lm4_Timer_Module__state__V                  
20003e58  ti_sysbios_knl_Task_Module__root__V                               
20003e64  ti_uia_runtime_QueueDescriptor_Module__state__V                   
20003e70  xdc_runtime_HeapStd_Object__table__V                              
20003e7c  xdc_runtime_SysMin_Module__state__V                               
20003e8c  Toggle_Counter                                                    
20003e8e  Inst_Counter                                                      
20003e92  ti_sysbios_family_arm_m3_Hwi_Module_State_0_excActive__A          
20003e94  _lock                                                             
20003e98  _unlock                                                           
20003e9c  ti_uia_runtime_QueueDescriptor_gPtrToFirstDescriptor              
20003ea0  ti_uia_runtime_QueueDescriptor_gUpdateCount                       
20003ea4  ti_sysbios_family_arm_lm4_TimestampProvider_Module__state__V      
20003eac  ti_sysbios_gates_GateHwi_Module__root__V                          
20003eb4  ti_sysbios_gates_GateMutex_Module__root__V                        
20003ebc  ti_sysbios_hal_Hwi_Object__table__V                               
20003ec4  ti_sysbios_knl_Queue_Module__root__V                              
20003ecc  ti_sysbios_knl_Semaphore_Module__root__V                          
20003ed4  ti_uia_loggers_LoggerStopMode_Module__root__V                     
20003edc  xdc_runtime_HeapStd_Module__root__V                               
20003ee4  xdc_runtime_Registry_Module__state__V                             
20003eec  xdc_runtime_Startup_Module__state__V                              
20003ef4  xdc_runtime_System_Module__state__V                               
20003efc  main_func_sp                                                      
20003f00  ti_sysbios_family_arm_m3_Hwi_Module_State_0_excContext__A         
20003f04  ti_sysbios_family_arm_m3_Hwi_Module_State_0_excStack__A           
20003f08  ti_sysbios_gates_GateHwi_Object__table__V                         
20003f0c  ti_sysbios_knl_Task_Module_State_0_idleTask__A                    
20003f10  ti_sysbios_utils_Load_Module_State_0_runningTask__A               
20003f14  ti_sysbios_utils_Load_Module_State_0_taskStartTime__A             
20003f18  xdc_runtime_HeapStd_Module__state__V                              
20003f1c  xdc_runtime_Memory_Module__state__V                               
20003f20  xdc_runtime_Error_Module__state__V                                
20003f22  xdc_runtime_Main_Module__root__V                                  
20003f28  __stack                                                           
20004328  __STACK_END                                                       
e000e000  ti_sysbios_family_arm_m3_Hwi_nvic                                 
ffffffff  __TI_pprof_out_hndl                                               
ffffffff  __TI_prof_data_size                                               
ffffffff  __TI_prof_data_start                                              
ffffffff  __binit__                                                         
ffffffff  __c_args__                                                        
ffffffff  binit                                                             
UNDEFED   SHT$$INIT_ARRAY$$Base                                             
UNDEFED   SHT$$INIT_ARRAY$$Limit                                            

[706 symbols]
